<html>
<body>
<pre>
<h1>µVision Build Log</h1>
<h2>Tool Versions:</h2>
IDE-Version: ¦ÌVision V5.26.2.0
Copyright (C) 2018 ARM Ltd and ARM Germany GmbH. All rights reserved.
License Information: wzr wzr, 123456789, LIC=V85Z9-4SXU1-8VP1H-WVMFZ-Y9SMD-ZLGKK
 
Tool Versions:
Toolchain:       MDK-ARM Professional  Version: 5.26.2.0
Toolchain Path:  C:\Keil_v5\ARM\ARMCC\Bin
C Compiler:      Armcc.exe V5.06 update 6 (build 750)
Assembler:       Armasm.exe V5.06 update 6 (build 750)
Linker/Locator:  ArmLink.exe V5.06 update 6 (build 750)
Library Manager: ArmAr.exe V5.06 update 6 (build 750)
Hex Converter:   FromElf.exe V5.06 update 6 (build 750)
CPU DLL:         SARMCM3.DLL V5.26.2.0
Dialog DLL:      DCM.DLL V1.17.2.0
Target DLL:      Segger\JL2CM3.dll V2.99.31.0
Dialog DLL:      TCM.DLL V1.36.1.0
 
<h2>Project:</h2>
D:\github_project\STM32CubeMX_Rebuild_Recoder_F4\MDK-ARM\Radio_Rebuild_Stm32CubeMX.uvprojx
Project File Date:  06/17/2019

<h2>Output:</h2>
*** Using Compiler 'V5.06 update 6 (build 750)', folder: 'C:\Keil_v5\ARM\ARMCC\Bin'
Build target 'Radio_Rebuild_Stm32CubeMX'
compiling main.c...
../Src/main.c(279): warning:  #188-D: enumerated type mixed with another type
  		HAL_GPIO_WritePin(GPIOB,PWR_CTL_Pin,0);
../Src/main.c(416): warning:  #167-D: argument of type "char *" is incompatible with parameter of type "unsigned char *"
  					UARTSendData(BordID,8);
../Src/main.c(494): warning:  #167-D: argument of type "char *" is incompatible with parameter of type "unsigned char *"
  			UARTSendData(BordID,8);
../Src/main.c(322): warning:  #177-D: variable "bw"  was declared but never referenced
  	u16 bw;
../Src/main.c(323): warning:  #177-D: variable "res"  was declared but never referenced
  	u8 res;
../Src/main.c(531): warning:  #188-D: enumerated type mixed with another type
  	HAL_GPIO_WritePin(GPIOC,LED1_Pin,0);
../Src/main.c(532): warning:  #188-D: enumerated type mixed with another type
  	HAL_GPIO_WritePin(GPIOC,LED2_Pin,1);
../Src/main.c(559): warning:  #167-D: argument of type "char *" is incompatible with parameter of type "unsigned char *"
  			UARTSendData(BordID,8);
../Src/main.c(664): warning:  #167-D: argument of type "char *" is incompatible with parameter of type "unsigned char *"
  					UARTSendData(BordID,8);
../Src/main.c(528): warning:  #177-D: variable "end"  was declared but never referenced
  	int start,end;
../Src/main.c(915): warning:  #188-D: enumerated type mixed with another type
  	HAL_GPIO_WritePin(GPIOB,PWR_CTL_Pin,1);
../Src/main.c(1113): warning:  #188-D: enumerated type mixed with another type
  	HAL_GPIO_WritePin(GPIOC,LED1_Pin,0);
../Src/main.c(1114): warning:  #188-D: enumerated type mixed with another type
  	HAL_GPIO_WritePin(GPIOC,LED2_Pin,0);
../Src/main.c(1197): warning:  #111-D: statement is unreachable
  				continue;
../Src/main.c(1298): warning:  #188-D: enumerated type mixed with another type
  	HAL_GPIO_WritePin(GPIOC,LED1_Pin,1);
../Src/main.c(1299): warning:  #188-D: enumerated type mixed with another type
  	HAL_GPIO_WritePin(GPIOC,LED2_Pin,0);
../Src/main.c(1426): warning:  #188-D: enumerated type mixed with another type
  		HAL_GPIO_WritePin(GPIOC,LED2_Pin,1);
../Src/main.c(1428): warning:  #188-D: enumerated type mixed with another type
  		HAL_GPIO_WritePin(GPIOC,LED2_Pin,0);
../Src/main.c(1447): warning:  #188-D: enumerated type mixed with another type
  		HAL_GPIO_WritePin(GPIOC,LED1_Pin,1);
../Src/main.c(1449): warning:  #188-D: enumerated type mixed with another type
  		HAL_GPIO_WritePin(GPIOC,LED1_Pin,0);
../Src/main.c(1772): warning:  #188-D: enumerated type mixed with another type
  	HAL_GPIO_WritePin(GPIOC,LED1_Pin,1);
../Src/main.c(1773): warning:  #188-D: enumerated type mixed with another type
  	HAL_GPIO_WritePin(GPIOC,LED2_Pin,0);
../Src/main.c(1840): warning:  #188-D: enumerated type mixed with another type
  					HAL_GPIO_WritePin(GPIOC,LED1_Pin,0);
../Src/main.c(1841): warning:  #188-D: enumerated type mixed with another type
  					HAL_GPIO_WritePin(GPIOC,LED2_Pin,1);
../Src/main.c(1875): warning:  #188-D: enumerated type mixed with another type
  						HAL_GPIO_WritePin(GPIOC,LED1_Pin,1);
../Src/main.c(1876): warning:  #188-D: enumerated type mixed with another type
  						HAL_GPIO_WritePin(GPIOC,LED2_Pin,1);
../Src/main.c(1882): warning:  #167-D: argument of type "char *" is incompatible with parameter of type "unsigned char *"
  						OLED_ShowString(56,2,SoftID,16);
../Src/main.c(1884): warning:  #167-D: argument of type "char *" is incompatible with parameter of type "unsigned char *"
  						OLED_ShowString(56,4,BordID,16);
../Src/main.c(1894): warning:  #188-D: enumerated type mixed with another type
  						HAL_GPIO_WritePin(GPIOC,LED1_Pin,0);
../Src/main.c(1895): warning:  #188-D: enumerated type mixed with another type
  						HAL_GPIO_WritePin(GPIOC,LED2_Pin,1);
../Src/main.c(1904): warning:  #188-D: enumerated type mixed with another type
  						HAL_GPIO_WritePin(GPIOC,LED1_Pin,0);
../Src/main.c(1905): warning:  #188-D: enumerated type mixed with another type
  						HAL_GPIO_WritePin(GPIOC,LED2_Pin,1);
../Src/main.c(1958): warning:  #167-D: argument of type "char *" is incompatible with parameter of type "unsigned char *"
  				OLED_ShowString(56,2,SoftID,16);
../Src/main.c(1960): warning:  #167-D: argument of type "char *" is incompatible with parameter of type "unsigned char *"
  				OLED_ShowString(56,4,BordID,16);
../Src/main.c(1997): warning:  #167-D: argument of type "char *" is incompatible with parameter of type "unsigned char *"
  			UARTSendData(BordID,8);
../Src/main.c(2017): warning:  #167-D: argument of type "unsigned char *" is incompatible with parameter of type "char *restrict"
  					sprintf(String_Windows_Time,"%0.2d",Real_Time_Month);
../Src/main.c(2021): warning:  #167-D: argument of type "unsigned char *" is incompatible with parameter of type "char *restrict"
  				sprintf(String_Windows_Time,"%0.2d",Real_Time_Day);
../Src/main.c(2025): warning:  #167-D: argument of type "unsigned char *" is incompatible with parameter of type "char *restrict"
  				sprintf(String_Windows_Time,"%0.2d",Real_Time_Hour);
../Src/main.c(2030): warning:  #167-D: argument of type "unsigned char *" is incompatible with parameter of type "char *restrict"
  				sprintf(String_Windows_Time,"%0.2d",Real_Time_Minute);
../Src/main.c(2034): warning:  #167-D: argument of type "unsigned char *" is incompatible with parameter of type "char *restrict"
  				sprintf(String_Windows_Time,"%0.2d",Real_Time_Second);
../Src/main.c(2057): warning:  #167-D: argument of type "char *" is incompatible with parameter of type "unsigned char *"
  					UARTSendData(BordID,8);
../Src/main.c(885): warning:  #177-D: variable "bw2"  was declared but never referenced
  	UINT bw2;
../Src/main.c(2336): warning:  #177-D: function "MX_USART2_UART_Init"  was declared but never referenced
  static void MX_USART2_UART_Init(void)
../Src/main.c: 43 warnings, 0 errors
linking...
Program Size: Code=100572 RO-data=118492 RW-data=608 ZI-data=1233040  
FromELF: creating hex file...
"Radio_Rebuild_Stm32CubeMX\Radio_Rebuild_Stm32CubeMX.axf" - 0 Error(s), 43 Warning(s).

<h2>Software Packages used:</h2>

Package Vendor: ARM
                http://www.keil.com/pack/ARM.CMSIS.5.6.0.pack
                ARM.CMSIS.5.6.0
                CMSIS (Cortex Microcontroller Software Interface Standard)
   * Component: CORE Version: 5.3.0

Package Vendor: Keil
                http://www.keil.com/pack/Keil.STM32F4xx_DFP.2.13.0.pack
                Keil.STM32F4xx_DFP.2.13.0
                STMicroelectronics STM32F4 Series Device Support, Drivers and Examples

<h2>Collection of Component include folders:</h2>
  .\RTE\_Radio_Rebuild_Stm32CubeMX
  C:\Keil_v5\ARM\PACK\ARM\CMSIS\5.6.0\CMSIS\Core\Include
  C:\Keil_v5\ARM\PACK\Keil\STM32F4xx_DFP\2.13.0\Drivers\CMSIS\Device\ST\STM32F4xx\Include

<h2>Collection of Component Files used:</h2>

   * Component: ARM::CMSIS:CORE:5.3.0
Build Time Elapsed:  00:00:04
</pre>
</body>
</html>
