Component: ARM Compiler 5.06 update 6 (build 750) Tool: armlink [4d35ed]

==============================================================================

Section Cross References

    startup_stm32f411xe.o(RESET) refers to startup_stm32f411xe.o(STACK) for __initial_sp
    startup_stm32f411xe.o(RESET) refers to startup_stm32f411xe.o(.text) for Reset_Handler
    startup_stm32f411xe.o(RESET) refers to stm32f4xx_it.o(i.NMI_Handler) for NMI_Handler
    startup_stm32f411xe.o(RESET) refers to stm32f4xx_it.o(i.HardFault_Handler) for HardFault_Handler
    startup_stm32f411xe.o(RESET) refers to stm32f4xx_it.o(i.MemManage_Handler) for MemManage_Handler
    startup_stm32f411xe.o(RESET) refers to stm32f4xx_it.o(i.BusFault_Handler) for BusFault_Handler
    startup_stm32f411xe.o(RESET) refers to stm32f4xx_it.o(i.UsageFault_Handler) for UsageFault_Handler
    startup_stm32f411xe.o(RESET) refers to stm32f4xx_it.o(i.SVC_Handler) for SVC_Handler
    startup_stm32f411xe.o(RESET) refers to stm32f4xx_it.o(i.DebugMon_Handler) for DebugMon_Handler
    startup_stm32f411xe.o(RESET) refers to stm32f4xx_it.o(i.PendSV_Handler) for PendSV_Handler
    startup_stm32f411xe.o(RESET) refers to stm32f4xx_it.o(i.SysTick_Handler) for SysTick_Handler
    startup_stm32f411xe.o(RESET) refers to stm32f4xx_it.o(i.EXTI1_IRQHandler) for EXTI1_IRQHandler
    startup_stm32f411xe.o(RESET) refers to stm32f4xx_it.o(i.TIM2_IRQHandler) for TIM2_IRQHandler
    startup_stm32f411xe.o(RESET) refers to stm32f4xx_it.o(i.TIM3_IRQHandler) for TIM3_IRQHandler
    startup_stm32f411xe.o(RESET) refers to stm32f4xx_it.o(i.USART2_IRQHandler) for USART2_IRQHandler
    startup_stm32f411xe.o(RESET) refers to stm32f4xx_it.o(i.SDIO_IRQHandler) for SDIO_IRQHandler
    startup_stm32f411xe.o(RESET) refers to stm32f4xx_it.o(i.DMA2_Stream0_IRQHandler) for DMA2_Stream0_IRQHandler
    startup_stm32f411xe.o(RESET) refers to stm32f4xx_it.o(i.DMA2_Stream3_IRQHandler) for DMA2_Stream3_IRQHandler
    startup_stm32f411xe.o(RESET) refers to stm32f4xx_it.o(i.OTG_FS_IRQHandler) for OTG_FS_IRQHandler
    startup_stm32f411xe.o(RESET) refers to stm32f4xx_it.o(i.DMA2_Stream6_IRQHandler) for DMA2_Stream6_IRQHandler
    startup_stm32f411xe.o(.text) refers to system_stm32f4xx.o(i.SystemInit) for SystemInit
    startup_stm32f411xe.o(.text) refers to entry.o(.ARM.Collect$$$$00000000) for __main
    main.o(i.DataCheck) refers to main.o(i.ClearBuffer) for ClearBuffer
    main.o(i.DataCheck) refers to stm32f4xx_hal_gpio.o(i.HAL_GPIO_WritePin) for HAL_GPIO_WritePin
    main.o(i.DataCheck) refers to printf8.o(i.__0printf$8) for __2printf
    main.o(i.DataCheck) refers to main.o(i.UARTSendData) for UARTSendData
    main.o(i.DataCheck) refers to stm32f4xx_hal_gpio.o(i.HAL_GPIO_TogglePin) for HAL_GPIO_TogglePin
    main.o(i.DataCheck) refers to stm32f4xx_hal.o(i.HAL_Delay) for HAL_Delay
    main.o(i.DataCheck) refers to main.o(i.StrEqual) for StrEqual
    main.o(i.DataCheck) refers to ff.o(i.f_lseek) for f_lseek
    main.o(i.DataCheck) refers to ff.o(i.f_read) for f_read
    main.o(i.DataCheck) refers to stm32f4xx_hal_gpio.o(i.HAL_GPIO_ReadPin) for HAL_GPIO_ReadPin
    main.o(i.DataCheck) refers to main.o(.bss) for UART_BUFFER
    main.o(i.DataCheck) refers to fatfs_write_wav.o(.data) for speexdata_len
    main.o(i.DataCheck) refers to fatfs_write_wav.o(.bss) for speex_file
    main.o(i.DataCheck) refers to main.o(.data) for PackegEnd
    main.o(i.MX_ADC1_Init) refers to stm32f4xx_hal_adc.o(i.HAL_ADC_Init) for HAL_ADC_Init
    main.o(i.MX_ADC1_Init) refers to main.o(i.Error_Handler) for Error_Handler
    main.o(i.MX_ADC1_Init) refers to stm32f4xx_hal_adc.o(i.HAL_ADC_ConfigChannel) for HAL_ADC_ConfigChannel
    main.o(i.MX_ADC1_Init) refers to main.o(.bss) for hadc1
    main.o(i.MX_DMA_Init) refers to stm32f4xx_hal_cortex.o(i.HAL_NVIC_SetPriority) for HAL_NVIC_SetPriority
    main.o(i.MX_DMA_Init) refers to stm32f4xx_hal_cortex.o(i.HAL_NVIC_EnableIRQ) for HAL_NVIC_EnableIRQ
    main.o(i.MX_GPIO_Init) refers to memseta.o(.text) for __aeabi_memclr4
    main.o(i.MX_GPIO_Init) refers to stm32f4xx_hal_gpio.o(i.HAL_GPIO_WritePin) for HAL_GPIO_WritePin
    main.o(i.MX_GPIO_Init) refers to stm32f4xx_hal_gpio.o(i.HAL_GPIO_Init) for HAL_GPIO_Init
    main.o(i.MX_GPIO_Init) refers to stm32f4xx_hal_cortex.o(i.HAL_NVIC_SetPriority) for HAL_NVIC_SetPriority
    main.o(i.MX_GPIO_Init) refers to stm32f4xx_hal_cortex.o(i.HAL_NVIC_EnableIRQ) for HAL_NVIC_EnableIRQ
    main.o(i.MX_NVIC_Init) refers to stm32f4xx_hal_cortex.o(i.HAL_NVIC_SetPriority) for HAL_NVIC_SetPriority
    main.o(i.MX_NVIC_Init) refers to stm32f4xx_hal_cortex.o(i.HAL_NVIC_EnableIRQ) for HAL_NVIC_EnableIRQ
    main.o(i.MX_SDIO_SD_Init) refers to main.o(.bss) for hsd
    main.o(i.MX_SPI1_Init) refers to stm32f4xx_hal_spi.o(i.HAL_SPI_Init) for HAL_SPI_Init
    main.o(i.MX_SPI1_Init) refers to main.o(i.Error_Handler) for Error_Handler
    main.o(i.MX_SPI1_Init) refers to main.o(.bss) for hspi1
[...]
    ErrorRecData                             0x20000c00   Data        2048  main.o(.bss)
    pname                                    0x20001400   Data          64  main.o(.bss)
    SDFatFS                                  0x20001640   Data         564  fatfs.o(.bss)
    SDFile                                   0x20001874   Data         560  fatfs.o(.bss)
    hUsbDeviceFS                             0x20001aa4   Data         668  usb_device.o(.bss)
    hpcd_USB_OTG_FS                          0x20001d40   Data        1032  usbd_conf.o(.bss)
    USBD_StrDesc                             0x20002148   Data         512  usbd_desc.o(.bss)
    SDCardInfo                               0x20002348   Data          32  usbd_storage_if.o(.bss)
    pFlash                                   0x20002368   Data          32  stm32f4xx_hal_flash.o(.bss)
    disk                                     0x200023c8   Data          12  ff_gen_drv.o(.bss)
    wav_head                                 0x200023d4   Data          44  fatfs_write_wav.o(.bss)
    wav_file                                 0x20002400   Data         560  fatfs_write_wav.o(.bss)
    speex_file                               0x20002630   Data         560  fatfs_write_wav.o(.bss)
    buffer                                   0x20002860   Data          28  fatfs_write_wav.o(.bss)
    dmabuffer                                0x2000287c   Data        2048  fatfs_write_wav.o(.bss)
    out_bytes                                0x2000307c   Data          20  fatfs_write_wav.o(.bss)
    bits                                     0x20003090   Data          36  fatfs_write_wav.o(.bss)
    init_file                                0x200030b4   Data          20  fatfs_write_wav.o(.bss)
    rdata                                    0x200030c8   Data       20480  fatfs_write_wav.o(.bss)
    recoder_outdata                          0x200080c8   Data       10240  fatfs_write_wav.o(.bss)
    mem1base                                 0x2000a8e0   Data       40960  malloc.o(.bss)
    mem1mapbase                              0x200148e0   Data        2560  malloc.o(.bss)
    __heap_base                              0x200152f0   Data           0  startup_stm32f411xe.o(HEAP)
    __heap_limit                             0x2001d2f0   Data           0  startup_stm32f411xe.o(HEAP)
    __initial_sp                             0x2001e2f0   Data           0  startup_stm32f411xe.o(STACK)
    mem2base                                 0x68000000   Data       983040  malloc.o(.ARM.__AT_0x68000000)
    mem2mapbase                              0x680f0000   Data       61440  malloc.o(.ARM.__AT_0x680F0000)



==============================================================================

Memory Map of the image

  Image Entry point : 0x08000199

  Load Region LR_IROM1 (Base: 0x08000000, Size: 0x0003509c, Max: 0x00040000, ABSOLUTE, COMPRESSED[0x00034f4c])

    Execution Region ER_IROM1 (Exec base: 0x08000000, Load base: 0x08000000, Size: 0x00034e50, Max: 0x00040000, ABSOLUTE)

    Exec Addr    Load Addr    Size         Type   Attr      Idx    E Section Name        Object

    0x08000000   0x08000000   0x00000198   Data   RO            3    RESET               startup_stm32f411xe.o
    0x08000198   0x08000198   0x00000000   Code   RO         9291  * .ARM.Collect$$$$00000000  mc_w.l(entry.o)
    0x08000198   0x08000198   0x00000004   Code   RO         9671    .ARM.Collect$$$$00000001  mc_w.l(entry2.o)
    0x0800019c   0x0800019c   0x00000004   Code   RO         9674    .ARM.Collect$$$$00000004  mc_w.l(entry5.o)
    0x080001a0   0x080001a0   0x00000000   Code   RO         9676    .ARM.Collect$$$$00000008  mc_w.l(entry7b.o)
    0x080001a0   0x080001a0   0x00000000   Code   RO         9678    .ARM.Collect$$$$0000000A  mc_w.l(entry8b.o)
    0x080001a0   0x080001a0   0x00000008   Code   RO         9679    .ARM.Collect$$$$0000000B  mc_w.l(entry9a.o)
    0x080001a8   0x080001a8   0x00000000   Code   RO         9681    .ARM.Collect$$$$0000000D  mc_w.l(entry10a.o)
    0x080001a8   0x080001a8   0x00000000   Code   RO         9683    .ARM.Collect$$$$0000000F  mc_w.l(entry11a.o)
    0x080001a8   0x080001a8   0x00000004   Code   RO         9672    .ARM.Collect$$$$00002712  mc_w.l(entry2.o)
    0x080001ac   0x080001ac   0x000001f0   Code   RO         8172    .emb_text           filters.o
    0x0800039c   0x0800039c   0x0000023e   Code   RO         8305    .emb_text           ltp.o
    0x080005da   0x080005da   0x00000002   PAD
    0x080005dc   0x080005dc   0x000000aa   Code   RO         8638    .emb_text           vq.o
    0x08000686   0x08000686   0x00000002   PAD
    0x08000688   0x08000688   0x00000024   Code   RO            4    .text               startup_stm32f411xe.o
    0x080006ac   0x080006ac   0x00000062   Code   RO         9294    .text               mc_w.l(uldiv.o)
    0x0800070e   0x0800070e   0x00000062   Code   RO         9296    .text               mc_w.l(ldiv.o)
    0x08000770   0x08000770   0x00000024   Code   RO         9298    .text               mc_w.l(rand.o)
    0x08000794   0x08000794   0x00000040   Code   RO         9303    .text               mc_w.l(memmovea.o)
    0x080007d4   0x080007d4   0x00000024   Code   RO         9305    .text               mc_w.l(memseta.o)
    0x080007f8   0x080007f8   0x00000024   Code   RO         9307    .text               mc_w.l(strstr.o)
    0x0800081c   0x0800081c   0x0000000e   Code   RO         9309    .text               mc_w.l(strlen.o)
    0x0800082a   0x0800082a   0x0000001a   Code   RO         9311    .text               mc_w.l(memcmp.o)
    0x08000844   0x08000844   0x0000001a   Code   RO         9606    .text               mc_w.l(atoi.o)
    0x0800085e   0x0800085e   0x0000001e   Code   RO         9688    .text               mc_w.l(llshl.o)
    0x0800087c   0x0800087c   0x00000020   Code   RO         9690    .text               mc_w.l(llushr.o)
    0x0800089c   0x0800089c   0x00000070   Code   RO         9703    .text               mc_w.l(strtol.o)
    0x0800090c   0x0800090c   0x00000024   Code   RO         9716    .text               mc_w.l(init.o)
    0x08000930   0x08000930   0x00000008   Code   RO         9718    .text               mc_w.l(ctype_o.o)
    0x08000938   0x08000938   0x0000009e   Code   RO         9746    .text               mc_w.l(_strtoul.o)
    0x080009d6   0x080009d6   0x0000001c   Code   RO         9752    .text               mc_w.l(_chval.o)
    0x080009f2   0x080009f2   0x00000056   Code   RO         9762    .text               mc_w.l(__dczerorl2.o)
    0x08000a48   0x08000a48   0x000000c4   Code   RO         8286    ei.fir_mem16        filters.o
    0x08000b0c   0x08000b0c   0x00000160   Code   RO         1911    i.ADC_Init          stm32f4xx_hal_adc.o
    0x08000c6c   0x08000c6c   0x00000002   Code   RO          401    i.BSP_SD_AbortCallback  bsp_driver_sd.o
    0x08000c6e   0x08000c6e   0x00000002   PAD
    0x08000c70   0x08000c70   0x00000014   Code   RO          407    i.BSP_SD_GetCardInfo  bsp_driver_sd.o
    0x08000c84   0x08000c84   0x00000018   Code   RO          408    i.BSP_SD_GetCardState  bsp_driver_sd.o
    0x08000c9c   0x08000c9c   0x00000030   Code   RO          411    i.BSP_SD_Init       bsp_driver_sd.o
    0x08000ccc   0x08000ccc   0x0000000c   Code   RO          412    i.BSP_SD_IsDetected  bsp_driver_sd.o
    0x08000cd8   0x08000cd8   0x00000028   Code   RO          414    i.BSP_SD_ReadBlocks_DMA  bsp_driver_sd.o
    0x08000d00   0x08000d00   0x0000000c   Code   RO          558    i.BSP_SD_ReadCpltCallback  sd_diskio.o
    0x08000d0c   0x08000d0c   0x00000028   Code   RO          417    i.BSP_SD_WriteBlocks_DMA  bsp_driver_sd.o
    0x08000d34   0x08000d34   0x0000000c   Code   RO          559    i.BSP_SD_WriteCpltCallback  sd_diskio.o
    0x08000d40   0x08000d40   0x00000004   Code   RO         1084    i.BusFault_Handler  stm32f4xx_it.o
    0x08000d44   0x08000d44   0x00000014   Code   RO           13    i.ClearBuffer       main.o
    0x08000d58   0x08000d58   0x00000010   Code   RO         1085    i.DMA2_Stream0_IRQHandler  stm32f4xx_it.o
    0x08000d68   0x08000d68   0x00000010   Code   RO         1086    i.DMA2_Stream3_IRQHandler  stm32f4xx_it.o
    0x08000d78   0x08000d78   0x00000010   Code   RO         1087    i.DMA2_Stream6_IRQHandler  stm32f4xx_it.o
    0x08000d88   0x08000d88   0x00000034   Code   RO         4874    i.DMA_CalcBaseAndBitshift  stm32f4xx_hal_dma.o
    0x08000dbc   0x08000dbc   0x000000aa   Code   RO         4875    i.DMA_CheckFifoParam  stm32f4xx_hal_dma.o
    0x08000e66   0x08000e66   0x0000002c   Code   RO         4876    i.DMA_SetConfig     stm32f4xx_hal_dma.o
    0x08000e92   0x08000e92   0x00000002   PAD
    0x08000e94   0x08000e94   0x00000480   Code   RO           14    i.DataCheck         main.o
    0x08001314   0x08001314   0x00000002   Code   RO         1088    i.DebugMon_Handler  stm32f4xx_it.o
    0x08001316   0x08001316   0x0000000a   Code   RO         1089    i.EXTI1_IRQHandler  stm32f4xx_it.o
    0x08001320   0x08001320   0x00000002   Code   RO           15    i.Error_Handler     main.o
    0x08001322   0x08001322   0x00000012   Code   RO         6047    i.FATFS_LinkDriver  ff_gen_drv.o
    0x08001334   0x08001334   0x00000054   Code   RO         6048    i.FATFS_LinkDriverEx  ff_gen_drv.o
    0x08001388   0x08001388   0x0000005c   Code   RO         4586    i.FLASH_Erase_Sector  stm32f4xx_hal_flash_ex.o
    0x080013e4   0x080013e4   0x00000078   Code   RO         4587    i.FLASH_FlushCaches  stm32f4xx_hal_flash_ex.o
    0x0800145c   0x0800145c   0x00000030   Code   RO         4588    i.FLASH_MassErase   stm32f4xx_hal_flash_ex.o
    0x0800148c   0x0800148c   0x00000024   Code   RO         4468    i.FLASH_Program_Byte  stm32f4xx_hal_flash.o
    0x080014b0   0x080014b0   0x0000002c   Code   RO         4469    i.FLASH_Program_DoubleWord  stm32f4xx_hal_flash.o
    0x080014dc   0x080014dc   0x00000028   Code   RO         4470    i.FLASH_Program_HalfWord  stm32f4xx_hal_flash.o
    0x08001504   0x08001504   0x00000028   Code   RO         4471    i.FLASH_Program_Word  stm32f4xx_hal_flash.o
    0x0800152c   0x0800152c   0x000000b4   Code   RO         4472    i.FLASH_SetErrorCode  stm32f4xx_hal_flash.o
    0x080015e0   0x080015e0   0x00000064   Code   RO         4473    i.FLASH_WaitForLastOperation  stm32f4xx_hal_flash.o
    0x08001644   0x08001644   0x00000034   Code   RO          932    i.Get_SerialNum     usbd_desc.o
    0x08001678   0x08001678   0x000001a4   Code   RO         1913    i.HAL_ADC_ConfigChannel  stm32f4xx_hal_adc.o
    0x0800181c   0x0800181c   0x00000068   Code   RO         1922    i.HAL_ADC_Init      stm32f4xx_hal_adc.o
    0x08001884   0x08001884   0x000000c8   Code   RO         1233    i.HAL_ADC_MspInit   stm32f4xx_hal_msp.o
    0x0800194c   0x0800194c   0x0000006c   Code   RO         1932    i.HAL_ADC_Stop_DMA  stm32f4xx_hal_adc.o
    0x080019b8   0x080019b8   0x000000aa   Code   RO         4877    i.HAL_DMA_Abort     stm32f4xx_hal_dma.o
    0x08001a62   0x08001a62   0x00000028   Code   RO         4878    i.HAL_DMA_Abort_IT  stm32f4xx_hal_dma.o
    0x08001a8a   0x08001a8a   0x00000002   PAD
    0x08001a8c   0x08001a8c   0x00000240   Code   RO         4882    i.HAL_DMA_IRQHandler  stm32f4xx_hal_dma.o
    0x08001ccc   0x08001ccc   0x000000ec   Code   RO         4883    i.HAL_DMA_Init      stm32f4xx_hal_dma.o
    0x08001db8   0x08001db8   0x0000009e   Code   RO         4887    i.HAL_DMA_Start_IT  stm32f4xx_hal_dma.o
    0x08001e56   0x08001e56   0x00000002   PAD
    0x08001e58   0x08001e58   0x00000028   Code   RO         5325    i.HAL_Delay         stm32f4xx_hal.o
    0x08001e80   0x08001e80   0x000000ac   Code   RO         4602    i.HAL_FLASHEx_Erase  stm32f4xx_hal_flash_ex.o
    0x08001f2c   0x08001f2c   0x00000014   Code   RO         4477    i.HAL_FLASH_Lock    stm32f4xx_hal_flash.o
    0x08001f40   0x08001f40   0x00000098   Code   RO         4482    i.HAL_FLASH_Program  stm32f4xx_hal_flash.o
    0x08001fd8   0x08001fd8   0x00000034   Code   RO         4484    i.HAL_FLASH_Unlock  stm32f4xx_hal_flash.o
    0x0800200c   0x0800200c   0x00000138   Code   RO         4767    i.HAL_GPIO_DeInit   stm32f4xx_hal_gpio.o
    0x08002144   0x08002144   0x00000024   Code   RO         1090    i.HAL_GPIO_EXTI_Callback  stm32f4xx_it.o
    0x08002168   0x08002168   0x0000001c   Code   RO         4769    i.HAL_GPIO_EXTI_IRQHandler  stm32f4xx_hal_gpio.o
    0x08002184   0x08002184   0x000001d4   Code   RO         4770    i.HAL_GPIO_Init     stm32f4xx_hal_gpio.o
    0x08002358   0x08002358   0x00000010   Code   RO         4772    i.HAL_GPIO_ReadPin  stm32f4xx_hal_gpio.o
    0x08002368   0x08002368   0x00000012   Code   RO         4773    i.HAL_GPIO_TogglePin  stm32f4xx_hal_gpio.o
    0x0800237a   0x0800237a   0x0000000c   Code   RO         4774    i.HAL_GPIO_WritePin  stm32f4xx_hal_gpio.o
    0x08002386   0x08002386   0x00000002   PAD
    0x08002388   0x08002388   0x0000000c   Code   RO         5331    i.HAL_GetTick       stm32f4xx_hal.o
    0x08002394   0x08002394   0x0000000c   Code   RO         5334    i.HAL_GetUIDw0      stm32f4xx_hal.o
    0x080023a0   0x080023a0   0x0000000c   Code   RO         5335    i.HAL_GetUIDw1      stm32f4xx_hal.o
    0x080023ac   0x080023ac   0x0000000c   Code   RO         5336    i.HAL_GetUIDw2      stm32f4xx_hal.o
    0x080023b8   0x080023b8   0x00000018   Code   RO         5337    i.HAL_IncTick       stm32f4xx_hal.o
    0x080023d0   0x080023d0   0x0000003c   Code   RO         5338    i.HAL_Init          stm32f4xx_hal.o
    0x0800240c   0x0800240c   0x0000004c   Code   RO         5339    i.HAL_InitTick      stm32f4xx_hal.o
    0x08002458   0x08002458   0x00000048   Code   RO         1234    i.HAL_MspInit       stm32f4xx_hal_msp.o
    0x080024a0   0x080024a0   0x00000044   Code   RO         5182    i.HAL_NVIC_DisableIRQ  stm32f4xx_hal_cortex.o
    0x080024e4   0x080024e4   0x00000020   Code   RO         5183    i.HAL_NVIC_EnableIRQ  stm32f4xx_hal_cortex.o
    0x08002504   0x08002504   0x0000007c   Code   RO         5189    i.HAL_NVIC_SetPriority  stm32f4xx_hal_cortex.o
    0x08002580   0x08002580   0x00000028   Code   RO         5190    i.HAL_NVIC_SetPriorityGrouping  stm32f4xx_hal_cortex.o
    0x080025a8   0x080025a8   0x00000002   Code   RO         1561    i.HAL_PCDEx_LPM_Callback  stm32f4xx_hal_pcd_ex.o
    0x080025aa   0x080025aa   0x0000000a   Code   RO         1562    i.HAL_PCDEx_SetRxFiFo  stm32f4xx_hal_pcd_ex.o
    0x080025b4   0x080025b4   0x0000004e   Code   RO         1563    i.HAL_PCDEx_SetTxFiFo  stm32f4xx_hal_pcd_ex.o
    0x08002602   0x08002602   0x0000000e   Code   RO          737    i.HAL_PCD_ConnectCallback  usbd_conf.o
    0x08002610   0x08002610   0x00000020   Code   RO          738    i.HAL_PCD_DataInStageCallback  usbd_conf.o
    0x08002630   0x08002630   0x00000020   Code   RO          739    i.HAL_PCD_DataOutStageCallback  usbd_conf.o
    0x08002650   0x08002650   0x0000000e   Code   RO          740    i.HAL_PCD_DisconnectCallback  usbd_conf.o
    0x0800265e   0x0800265e   0x0000006a   Code   RO         1344    i.HAL_PCD_EP_Close  stm32f4xx_hal_pcd.o
    0x080026c8   0x080026c8   0x0000007c   Code   RO         1345    i.HAL_PCD_EP_ClrStall  stm32f4xx_hal_pcd.o
    0x08002744   0x08002744   0x00000044   Code   RO         1346    i.HAL_PCD_EP_Flush  stm32f4xx_hal_pcd.o
    0x08002788   0x08002788   0x00000016   Code   RO         1347    i.HAL_PCD_EP_GetRxCount  stm32f4xx_hal_pcd.o
    0x0800279e   0x0800279e   0x0000008c   Code   RO         1348    i.HAL_PCD_EP_Open   stm32f4xx_hal_pcd.o
    0x0800282a   0x0800282a   0x00000058   Code   RO         1349    i.HAL_PCD_EP_Receive  stm32f4xx_hal_pcd.o
    0x08002882   0x08002882   0x0000008a   Code   RO         1350    i.HAL_PCD_EP_SetStall  stm32f4xx_hal_pcd.o
    0x0800290c   0x0800290c   0x0000005a   Code   RO         1351    i.HAL_PCD_EP_Transmit  stm32f4xx_hal_pcd.o
    0x08002966   0x08002966   0x0000053e   Code   RO         1353    i.HAL_PCD_IRQHandler  stm32f4xx_hal_pcd.o
    0x08002ea4   0x08002ea4   0x00000012   Code   RO          741    i.HAL_PCD_ISOINIncompleteCallback  usbd_conf.o
    0x08002eb6   0x08002eb6   0x00000012   Code   RO          742    i.HAL_PCD_ISOOUTIncompleteCallback  usbd_conf.o
    0x08002ec8   0x08002ec8   0x00000166   Code   RO         1356    i.HAL_PCD_Init      stm32f4xx_hal_pcd.o
    0x0800302e   0x0800302e   0x00000002   PAD
    0x08003030   0x08003030   0x000000a0   Code   RO          744    i.HAL_PCD_MspInit   usbd_conf.o
    0x080030d0   0x080030d0   0x00000024   Code   RO          745    i.HAL_PCD_ResetCallback  usbd_conf.o
    0x080030f4   0x080030f4   0x0000000e   Code   RO          746    i.HAL_PCD_ResumeCallback  usbd_conf.o
    0x08003102   0x08003102   0x0000000e   Code   RO          747    i.HAL_PCD_SOFCallback  usbd_conf.o
    0x08003110   0x08003110   0x00000036   Code   RO         1362    i.HAL_PCD_SetAddress  stm32f4xx_hal_pcd.o
    0x08003146   0x08003146   0x00000012   Code   RO          748    i.HAL_PCD_SetupStageCallback  usbd_conf.o
    0x08003158   0x08003158   0x0000004a   Code   RO         1364    i.HAL_PCD_Start     stm32f4xx_hal_pcd.o
    0x080031a2   0x080031a2   0x00000002   PAD
    0x080031a4   0x080031a4   0x00000034   Code   RO          749    i.HAL_PCD_SuspendCallback  usbd_conf.o
    0x080031d8   0x080031d8   0x00000180   Code   RO         4307    i.HAL_RCC_ClockConfig  stm32f4xx_hal_rcc.o
    0x08003358   0x08003358   0x0000000c   Code   RO         4312    i.HAL_RCC_GetHCLKFreq  stm32f4xx_hal_rcc.o
    0x08003364   0x08003364   0x00000020   Code   RO         4314    i.HAL_RCC_GetPCLK1Freq  stm32f4xx_hal_rcc.o
    0x08003384   0x08003384   0x00000020   Code   RO         4315    i.HAL_RCC_GetPCLK2Freq  stm32f4xx_hal_rcc.o
    0x080033a4   0x080033a4   0x000000b0   Code   RO         4316    i.HAL_RCC_GetSysClockFreq  stm32f4xx_hal_rcc.o
    0x08003454   0x08003454   0x00000448   Code   RO         4319    i.HAL_RCC_OscConfig  stm32f4xx_hal_rcc.o
    0x0800389c   0x0800389c   0x0000000a   Code   RO          419    i.HAL_SD_AbortCallback  bsp_driver_sd.o
    0x080038a6   0x080038a6   0x000000a8   Code   RO         2462    i.HAL_SD_ConfigWideBusOperation  stm32f4xx_hal_sd.o
    0x0800394e   0x0800394e   0x00000002   Code   RO         2465    i.HAL_SD_ErrorCallback  stm32f4xx_hal_sd.o
    0x08003950   0x08003950   0x000001f0   Code   RO         2467    i.HAL_SD_GetCardCSD  stm32f4xx_hal_sd.o
    0x08003b40   0x08003b40   0x00000026   Code   RO         2468    i.HAL_SD_GetCardInfo  stm32f4xx_hal_sd.o
    0x08003b66   0x08003b66   0x00000028   Code   RO         2469    i.HAL_SD_GetCardState  stm32f4xx_hal_sd.o
    0x08003b8e   0x08003b8e   0x00000002   PAD
    0x08003b90   0x08003b90   0x00000200   Code   RO         2473    i.HAL_SD_IRQHandler  stm32f4xx_hal_sd.o
    0x08003d90   0x08003d90   0x00000036   Code   RO         2474    i.HAL_SD_Init       stm32f4xx_hal_sd.o
    0x08003dc6   0x08003dc6   0x00000002   PAD
    0x08003dc8   0x08003dc8   0x00000084   Code   RO         2475    i.HAL_SD_InitCard   stm32f4xx_hal_sd.o
    0x08003e4c   0x08003e4c   0x00000190   Code   RO         1236    i.HAL_SD_MspInit    stm32f4xx_hal_msp.o
    0x08003fdc   0x08003fdc   0x0000024c   Code   RO         2478    i.HAL_SD_ReadBlocks  stm32f4xx_hal_sd.o
    0x08004228   0x08004228   0x00000128   Code   RO         2479    i.HAL_SD_ReadBlocks_DMA  stm32f4xx_hal_sd.o
    0x08004350   0x08004350   0x0000000a   Code   RO          420    i.HAL_SD_RxCpltCallback  bsp_driver_sd.o
    0x0800435a   0x0800435a   0x0000000a   Code   RO          421    i.HAL_SD_TxCpltCallback  bsp_driver_sd.o
    0x08004364   0x08004364   0x00000204   Code   RO         2483    i.HAL_SD_WriteBlocks  stm32f4xx_hal_sd.o
    0x08004568   0x08004568   0x00000128   Code   RO         2484    i.HAL_SD_WriteBlocks_DMA  stm32f4xx_hal_sd.o
    0x08004690   0x08004690   0x0000008c   Code   RO         2725    i.HAL_SPI_Init      stm32f4xx_hal_spi.o
    0x0800471c   0x0800471c   0x000000c4   Code   RO         1238    i.HAL_SPI_MspInit   stm32f4xx_hal_msp.o
    0x080047e0   0x080047e0   0x0000022a   Code   RO         2734    i.HAL_SPI_TransmitReceive  stm32f4xx_hal_spi.o
    0x08004a0a   0x08004a0a   0x00000034   Code   RO         5194    i.HAL_SYSTICK_Config  stm32f4xx_hal_cortex.o
    0x08004a3e   0x08004a3e   0x00000002   Code   RO         3724    i.HAL_TIMEx_BreakCallback  stm32f4xx_hal_tim_ex.o
    0x08004a40   0x08004a40   0x00000002   Code   RO         3725    i.HAL_TIMEx_CommutCallback  stm32f4xx_hal_tim_ex.o
    0x08004a42   0x08004a42   0x00000054   Code   RO         3742    i.HAL_TIMEx_MasterConfigSynchronization  stm32f4xx_hal_tim_ex.o
    0x08004a96   0x08004a96   0x00000034   Code   RO         3038    i.HAL_TIM_Base_Init  stm32f4xx_hal_tim.o
    0x08004aca   0x08004aca   0x00000002   PAD
    0x08004acc   0x08004acc   0x00000080   Code   RO         1240    i.HAL_TIM_Base_MspInit  stm32f4xx_hal_msp.o
    0x08004b4c   0x08004b4c   0x0000002a   Code   RO         3043    i.HAL_TIM_Base_Start_IT  stm32f4xx_hal_tim.o
    0x08004b76   0x08004b76   0x00000038   Code   RO         3044    i.HAL_TIM_Base_Stop  stm32f4xx_hal_tim.o
    0x08004bae   0x08004bae   0x00000108   Code   RO         3047    i.HAL_TIM_ConfigClockSource  stm32f4xx_hal_tim.o
    0x08004cb6   0x08004cb6   0x00000002   Code   RO         3067    i.HAL_TIM_IC_CaptureCallback  stm32f4xx_hal_tim.o
    0x08004cb8   0x08004cb8   0x00000196   Code   RO         3081    i.HAL_TIM_IRQHandler  stm32f4xx_hal_tim.o
    0x08004e4e   0x08004e4e   0x00000002   Code   RO         3084    i.HAL_TIM_OC_DelayElapsedCallback  stm32f4xx_hal_tim.o
    0x08004e50   0x08004e50   0x00000002   Code   RO         3111    i.HAL_TIM_PWM_PulseFinishedCallback  stm32f4xx_hal_tim.o
    0x08004e52   0x08004e52   0x00000002   PAD
    0x08004e54   0x08004e54   0x00000088   Code   RO         1091    i.HAL_TIM_PeriodElapsedCallback  stm32f4xx_it.o
    0x08004edc   0x08004edc   0x00000002   Code   RO         3124    i.HAL_TIM_TriggerCallback  stm32f4xx_hal_tim.o
    0x08004ede   0x08004ede   0x0000003a   Code   RO         3995    i.HAL_UART_DeInit   stm32f4xx_hal_uart.o
    0x08004f18   0x08004f18   0x00000002   Code   RO         3996    i.HAL_UART_ErrorCallback  stm32f4xx_hal_uart.o
    0x08004f1a   0x08004f1a   0x00000002   PAD
    0x08004f1c   0x08004f1c   0x0000014c   Code   RO         3999    i.HAL_UART_IRQHandler  stm32f4xx_hal_uart.o
    0x08005068   0x08005068   0x00000072   Code   RO         4000    i.HAL_UART_Init     stm32f4xx_hal_uart.o
    0x080050da   0x080050da   0x00000002   PAD
    0x080050dc   0x080050dc   0x00000034   Code   RO         1241    i.HAL_UART_MspDeInit  stm32f4xx_hal_msp.o
    0x08005110   0x08005110   0x00000088   Code   RO         1242    i.HAL_UART_MspInit  stm32f4xx_hal_msp.o
    0x08005198   0x08005198   0x00000070   Code   RO         4005    i.HAL_UART_Receive_IT  stm32f4xx_hal_uart.o
    0x08005208   0x08005208   0x0000001c   Code   RO         1092    i.HAL_UART_RxCpltCallback  stm32f4xx_it.o
    0x08005224   0x08005224   0x000000d6   Code   RO         4008    i.HAL_UART_Transmit  stm32f4xx_hal_uart.o
    0x080052fa   0x080052fa   0x00000002   Code   RO         4011    i.HAL_UART_TxCpltCallback  stm32f4xx_hal_uart.o
    0x080052fc   0x080052fc   0x00000004   Code   RO         1093    i.HardFault_Handler  stm32f4xx_it.o
    0x08005300   0x08005300   0x00000058   Code   RO         7400    i.IIC_Ack           myiic.o
    0x08005358   0x08005358   0x0000001c   Code   RO         7401    i.IIC_Init          myiic.o
    0x08005374   0x08005374   0x00000058   Code   RO         7402    i.IIC_NAck          myiic.o
    0x080053cc   0x080053cc   0x00000070   Code   RO         7403    i.IIC_Read_Byte     myiic.o
    0x0800543c   0x0800543c   0x00000070   Code   RO         7404    i.IIC_Send_Byte     myiic.o
    0x080054ac   0x080054ac   0x00000058   Code   RO         7405    i.IIC_Start         myiic.o
    0x08005504   0x08005504   0x00000054   Code   RO         7406    i.IIC_Stop          myiic.o
    0x08005558   0x08005558   0x0000006c   Code   RO         7407    i.IIC_Wait_Ack      myiic.o
    0x080055c4   0x080055c4   0x0000003e   Code   RO          933    i.IntToUnicode      usbd_desc.o
    0x08005602   0x08005602   0x0000007a   Code   RO         6778    i.MPU_Init          mpu6050.o
    0x0800567c   0x0800567c   0x0000003a   Code   RO         6779    i.MPU_Read_Byte     mpu6050.o
    0x080056b6   0x080056b6   0x00000074   Code   RO         6780    i.MPU_Read_Len      mpu6050.o
    0x0800572a   0x0800572a   0x00000010   Code   RO         6781    i.MPU_Set_Accel_Fsr  mpu6050.o
    0x0800573a   0x0800573a   0x00000010   Code   RO         6782    i.MPU_Set_Gyro_Fsr  mpu6050.o
    0x0800574a   0x0800574a   0x0000003a   Code   RO         6783    i.MPU_Set_LPF       mpu6050.o
    0x08005784   0x08005784   0x0000003a   Code   RO         6784    i.MPU_Set_Rate      mpu6050.o
    0x080057be   0x080057be   0x00000044   Code   RO         6785    i.MPU_Write_Byte    mpu6050.o
    0x08005802   0x08005802   0x00000060   Code   RO         6786    i.MPU_Write_Len     mpu6050.o
    0x08005862   0x08005862   0x00000042   Code   RO         9065    i.MSC_BOT_Abort     usbd_msc_bot.o
    0x080058a4   0x080058a4   0x000000dc   Code   RO         9066    i.MSC_BOT_CBW_Decode  usbd_msc_bot.o
    0x08005980   0x08005980   0x0000003c   Code   RO         9067    i.MSC_BOT_CplClrFeature  usbd_msc_bot.o
    0x080059bc   0x080059bc   0x0000004a   Code   RO         9068    i.MSC_BOT_DataIn    usbd_msc_bot.o
    0x08005a06   0x08005a06   0x00000040   Code   RO         9069    i.MSC_BOT_DataOut   usbd_msc_bot.o
    0x08005a46   0x08005a46   0x0000000a   Code   RO         9070    i.MSC_BOT_DeInit    usbd_msc_bot.o
    0x08005a50   0x08005a50   0x00000040   Code   RO         9071    i.MSC_BOT_Init      usbd_msc_bot.o
    0x08005a90   0x08005a90   0x00000020   Code   RO         9072    i.MSC_BOT_Reset     usbd_msc_bot.o
    0x08005ab0   0x08005ab0   0x0000003c   Code   RO         9073    i.MSC_BOT_SendCSW   usbd_msc_bot.o
    0x08005aec   0x08005aec   0x0000004e   Code   RO         9074    i.MSC_BOT_SendData  usbd_msc_bot.o
    0x08005b3a   0x08005b3a   0x00000002   PAD
    0x08005b3c   0x08005b3c   0x0000006c   Code   RO           16    i.MX_ADC1_Init      main.o
    0x08005ba8   0x08005ba8   0x00000058   Code   RO           17    i.MX_DMA_Init       main.o
    0x08005c00   0x08005c00   0x00000030   Code   RO          645    i.MX_FATFS_Init     fatfs.o
    0x08005c30   0x08005c30   0x00000158   Code   RO           18    i.MX_GPIO_Init      main.o
    0x08005d88   0x08005d88   0x00000014   Code   RO           19    i.MX_NVIC_Init      main.o
    0x08005d9c   0x08005d9c   0x00000024   Code   RO           20    i.MX_SDIO_SD_Init   main.o
    0x08005dc0   0x08005dc0   0x00000044   Code   RO           21    i.MX_SPI1_Init      main.o
    0x08005e04   0x08005e04   0x0000006c   Code   RO           22    i.MX_TIM2_Init      main.o
    0x08005e70   0x08005e70   0x00000070   Code   RO           23    i.MX_TIM3_Init      main.o
    0x08005ee0   0x08005ee0   0x0000004c   Code   RO          682    i.MX_USB_DEVICE_Init  usb_device.o
    0x08005f2c   0x08005f2c   0x00000004   Code   RO         1094    i.MemManage_Handler  stm32f4xx_it.o
    0x08005f30   0x08005f30   0x00000002   Code   RO         1095    i.NMI_Handler       stm32f4xx_it.o
    0x08005f32   0x08005f32   0x00000002   PAD
    0x08005f34   0x08005f34   0x00000050   Code   RO         6675    i.NRF24L01_Check    24l01.o
    0x08005f84   0x08005f84   0x00000020   Code   RO         6676    i.NRF24L01_Init     24l01.o
    0x08005fa4   0x08005fa4   0x0000005c   Code   RO         6677    i.NRF24L01_RX_Mode  24l01.o
    0x08006000   0x08006000   0x00000044   Code   RO         6678    i.NRF24L01_Read_Buf  24l01.o
    0x08006044   0x08006044   0x00000030   Code   RO         6679    i.NRF24L01_Read_Reg  24l01.o
    0x08006074   0x08006074   0x00000038   Code   RO         6680    i.NRF24L01_RxPacket  24l01.o
    0x080060ac   0x080060ac   0x00000044   Code   RO         6683    i.NRF24L01_Write_Buf  24l01.o
    0x080060f0   0x080060f0   0x00000030   Code   RO         6684    i.NRF24L01_Write_Reg  24l01.o
    0x08006120   0x08006120   0x0000003e   Code   RO         6478    i.OLED_Clear        oled.o
    0x0800615e   0x0800615e   0x00000002   PAD
    0x08006160   0x08006160   0x0000004c   Code   RO         6482    i.OLED_IIC_Start    oled.o
    0x080061ac   0x080061ac   0x0000003c   Code   RO         6483    i.OLED_IIC_Stop     oled.o
    0x080061e8   0x080061e8   0x0000002c   Code   RO         6484    i.OLED_IIC_Wait_Ack  oled.o
    0x08006214   0x08006214   0x000000dc   Code   RO         6485    i.OLED_Init         oled.o
    0x080062f0   0x080062f0   0x00000028   Code   RO         6487    i.OLED_Set_Pos      oled.o
    0x08006318   0x08006318   0x000000a4   Code   RO         6489    i.OLED_ShowChar     oled.o
    0x080063bc   0x080063bc   0x0000003a   Code   RO         6491    i.OLED_ShowString   oled.o
    0x080063f6   0x080063f6   0x00000018   Code   RO         6492    i.OLED_WR_Byte      oled.o
    0x0800640e   0x0800640e   0x00000002   PAD
    0x08006410   0x08006410   0x00000010   Code   RO         1096    i.OTG_FS_IRQHandler  stm32f4xx_it.o
    0x08006420   0x08006420   0x0000008c   Code   RO         1367    i.PCD_EP_OutSetupPacket_int  stm32f4xx_hal_pcd.o
    0x080064ac   0x080064ac   0x00000180   Code   RO         1368    i.PCD_EP_OutXfrComplete_int  stm32f4xx_hal_pcd.o
    0x0800662c   0x0800662c   0x000000b6   Code   RO         1369    i.PCD_WriteEmptyTxFifo  stm32f4xx_hal_pcd.o
    0x080066e2   0x080066e2   0x00000002   Code   RO         1097    i.PendSV_Handler    stm32f4xx_it.o
    0x080066e4   0x080066e4   0x0000003c   Code   RO           25    i.PressKey          main.o
    0x08006720   0x08006720   0x00000032   Code   RO         9164    i.SCSI_CheckAddressRange  usbd_msc_scsi.o
    0x08006752   0x08006752   0x00000002   PAD
    0x08006754   0x08006754   0x00000064   Code   RO         9165    i.SCSI_Inquiry      usbd_msc_scsi.o
    0x080067b8   0x080067b8   0x0000002c   Code   RO         9166    i.SCSI_ModeSense10  usbd_msc_scsi.o
    0x080067e4   0x080067e4   0x0000002c   Code   RO         9167    i.SCSI_ModeSense6   usbd_msc_scsi.o
    0x08006810   0x08006810   0x000000ee   Code   RO         9168    i.SCSI_ProcessCmd   usbd_msc_scsi.o
    0x080068fe   0x080068fe   0x000000b0   Code   RO         9169    i.SCSI_ProcessRead  usbd_msc_scsi.o
    0x080069ae   0x080069ae   0x000000d8   Code   RO         9170    i.SCSI_ProcessWrite  usbd_msc_scsi.o
    0x08006a86   0x08006a86   0x000000d2   Code   RO         9171    i.SCSI_Read10       usbd_msc_scsi.o
    0x08006b58   0x08006b58   0x00000080   Code   RO         9172    i.SCSI_ReadCapacity10  usbd_msc_scsi.o
    0x08006bd8   0x08006bd8   0x0000008a   Code   RO         9173    i.SCSI_ReadFormatCapacity  usbd_msc_scsi.o
    0x08006c62   0x08006c62   0x00000086   Code   RO         9174    i.SCSI_RequestSense  usbd_msc_scsi.o
    0x08006ce8   0x08006ce8   0x00000040   Code   RO         9175    i.SCSI_SenseCode    usbd_msc_scsi.o
    0x08006d28   0x08006d28   0x00000010   Code   RO         9176    i.SCSI_StartStopUnit  usbd_msc_scsi.o
    0x08006d38   0x08006d38   0x00000056   Code   RO         9177    i.SCSI_TestUnitReady  usbd_msc_scsi.o
    0x08006d8e   0x08006d8e   0x0000004c   Code   RO         9178    i.SCSI_Verify10     usbd_msc_scsi.o
    0x08006dda   0x08006dda   0x00000112   Code   RO         9179    i.SCSI_Write10      usbd_msc_scsi.o
    0x08006eec   0x08006eec   0x0000002c   Code   RO         2183    i.SDIO_ConfigData   stm32f4xx_ll_sdmmc.o
    0x08006f18   0x08006f18   0x00000008   Code   RO         2184    i.SDIO_GetCommandResponse  stm32f4xx_ll_sdmmc.o
    0x08006f20   0x08006f20   0x0000000a   Code   RO         2187    i.SDIO_GetPowerState  stm32f4xx_ll_sdmmc.o
    0x08006f2a   0x08006f2a   0x00000016   Code   RO         2188    i.SDIO_GetResponse  stm32f4xx_ll_sdmmc.o
    0x08006f40   0x08006f40   0x00000010   Code   RO         1098    i.SDIO_IRQHandler   stm32f4xx_it.o
    0x08006f50   0x08006f50   0x00000034   Code   RO         2189    i.SDIO_Init         stm32f4xx_ll_sdmmc.o
    0x08006f84   0x08006f84   0x0000000a   Code   RO         2191    i.SDIO_PowerState_ON  stm32f4xx_ll_sdmmc.o
    0x08006f8e   0x08006f8e   0x00000008   Code   RO         2192    i.SDIO_ReadFIFO     stm32f4xx_ll_sdmmc.o
    0x08006f96   0x08006f96   0x00000028   Code   RO         2193    i.SDIO_SendCommand  stm32f4xx_ll_sdmmc.o
    0x08006fbe   0x08006fbe   0x0000000c   Code   RO         2195    i.SDIO_WriteFIFO    stm32f4xx_ll_sdmmc.o
    0x08006fca   0x08006fca   0x0000003a   Code   RO         2196    i.SDMMC_CmdAppCommand  stm32f4xx_ll_sdmmc.o
    0x08007004   0x08007004   0x0000003c   Code   RO         2197    i.SDMMC_CmdAppOperCommand  stm32f4xx_ll_sdmmc.o
    0x08007040   0x08007040   0x0000003a   Code   RO         2198    i.SDMMC_CmdBlockLength  stm32f4xx_ll_sdmmc.o
    0x0800707a   0x0800707a   0x0000003a   Code   RO         2199    i.SDMMC_CmdBusWidth  stm32f4xx_ll_sdmmc.o
    0x080070b4   0x080070b4   0x0000002e   Code   RO         2203    i.SDMMC_CmdGoIdleState  stm32f4xx_ll_sdmmc.o
    0x080070e2   0x080070e2   0x00000036   Code   RO         2205    i.SDMMC_CmdOperCond  stm32f4xx_ll_sdmmc.o
    0x08007118   0x08007118   0x0000003a   Code   RO         2206    i.SDMMC_CmdReadMultiBlock  stm32f4xx_ll_sdmmc.o
    0x08007152   0x08007152   0x0000003a   Code   RO         2207    i.SDMMC_CmdReadSingleBlock  stm32f4xx_ll_sdmmc.o
    0x0800718c   0x0800718c   0x0000003c   Code   RO         2210    i.SDMMC_CmdSelDesel  stm32f4xx_ll_sdmmc.o
    0x080071c8   0x080071c8   0x00000034   Code   RO         2211    i.SDMMC_CmdSendCID  stm32f4xx_ll_sdmmc.o
    0x080071fc   0x080071fc   0x00000034   Code   RO         2212    i.SDMMC_CmdSendCSD  stm32f4xx_ll_sdmmc.o
    0x08007230   0x08007230   0x0000003a   Code   RO         2213    i.SDMMC_CmdSendSCR  stm32f4xx_ll_sdmmc.o
    0x0800726a   0x0800726a   0x0000003a   Code   RO         2214    i.SDMMC_CmdSendStatus  stm32f4xx_ll_sdmmc.o
    0x080072a4   0x080072a4   0x0000003a   Code   RO         2215    i.SDMMC_CmdSetRelAdd  stm32f4xx_ll_sdmmc.o
    0x080072de   0x080072de   0x00000002   PAD
    0x080072e0   0x080072e0   0x0000003c   Code   RO         2217    i.SDMMC_CmdStopTransfer  stm32f4xx_ll_sdmmc.o
    0x0800731c   0x0800731c   0x0000003a   Code   RO         2219    i.SDMMC_CmdWriteMultiBlock  stm32f4xx_ll_sdmmc.o
    0x08007356   0x08007356   0x0000003a   Code   RO         2220    i.SDMMC_CmdWriteSingleBlock  stm32f4xx_ll_sdmmc.o
    0x08007390   0x08007390   0x00000040   Code   RO         2221    i.SDMMC_GetCmdError  stm32f4xx_ll_sdmmc.o
    0x080073d0   0x080073d0   0x000001a4   Code   RO         2222    i.SDMMC_GetCmdResp1  stm32f4xx_ll_sdmmc.o
    0x08007574   0x08007574   0x0000005c   Code   RO         2223    i.SDMMC_GetCmdResp2  stm32f4xx_ll_sdmmc.o
    0x080075d0   0x080075d0   0x00000050   Code   RO         2224    i.SDMMC_GetCmdResp3  stm32f4xx_ll_sdmmc.o
    0x08007620   0x08007620   0x000000b0   Code   RO         2225    i.SDMMC_GetCmdResp6  stm32f4xx_ll_sdmmc.o
    0x080076d0   0x080076d0   0x00000058   Code   RO         2226    i.SDMMC_GetCmdResp7  stm32f4xx_ll_sdmmc.o
    0x08007728   0x08007728   0x00000028   Code   RO          560    i.SD_CheckStatus    sd_diskio.o
    0x08007750   0x08007750   0x00000026   Code   RO          561    i.SD_CheckStatusWithTimeout  sd_diskio.o
    0x08007776   0x08007776   0x0000005c   Code   RO         2486    i.SD_DMAError       stm32f4xx_hal_sd.o
    0x080077d2   0x080077d2   0x00000046   Code   RO         2487    i.SD_DMAReceiveCplt  stm32f4xx_hal_sd.o
    0x08007818   0x08007818   0x0000004c   Code   RO         2488    i.SD_DMARxAbort     stm32f4xx_hal_sd.o
    0x08007864   0x08007864   0x00000012   Code   RO         2489    i.SD_DMATransmitCplt  stm32f4xx_hal_sd.o
    0x08007876   0x08007876   0x0000004c   Code   RO         2490    i.SD_DMATxAbort     stm32f4xx_hal_sd.o
    0x080078c2   0x080078c2   0x0000012c   Code   RO         2491    i.SD_FindSCR        stm32f4xx_hal_sd.o
    0x080079ee   0x080079ee   0x000000fc   Code   RO         2492    i.SD_InitCard       stm32f4xx_hal_sd.o
    0x08007aea   0x08007aea   0x000000ee   Code   RO         2494    i.SD_PowerON        stm32f4xx_hal_sd.o
    0x08007bd8   0x08007bd8   0x00000026   Code   RO         2495    i.SD_Read_IT        stm32f4xx_hal_sd.o
    0x08007bfe   0x08007bfe   0x00000032   Code   RO         2497    i.SD_SendStatus     stm32f4xx_hal_sd.o
    0x08007c30   0x08007c30   0x0000006a   Code   RO         2498    i.SD_WideBus_Disable  stm32f4xx_hal_sd.o
    0x08007c9a   0x08007c9a   0x0000006a   Code   RO         2499    i.SD_WideBus_Enable  stm32f4xx_hal_sd.o
    0x08007d04   0x08007d04   0x00000026   Code   RO         2500    i.SD_Write_IT       stm32f4xx_hal_sd.o
    0x08007d2a   0x08007d2a   0x00000002   PAD
    0x08007d2c   0x08007d2c   0x00000020   Code   RO          562    i.SD_initialize     sd_diskio.o
    0x08007d4c   0x08007d4c   0x0000006c   Code   RO          563    i.SD_ioctl          sd_diskio.o
    0x08007db8   0x08007db8   0x00000108   Code   RO          564    i.SD_read           sd_diskio.o
    0x08007ec0   0x08007ec0   0x0000000c   Code   RO          565    i.SD_status         sd_diskio.o
    0x08007ecc   0x08007ecc   0x00000104   Code   RO          566    i.SD_write          sd_diskio.o
    0x08007fd0   0x08007fd0   0x00000020   Code   RO         6685    i.SPI1_ReadWriteByte  24l01.o
    0x08007ff0   0x08007ff0   0x00000014   Code   RO         6686    i.SPI1_SetSpeed32   24l01.o
    0x08008004   0x08008004   0x00000014   Code   RO         6687    i.SPI1_SetSpeed8    24l01.o
    0x08008018   0x08008018   0x0000006c   Code   RO         2763    i.SPI_EndRxTxTransaction  stm32f4xx_hal_spi.o
    0x08008084   0x08008084   0x000000a8   Code   RO         2768    i.SPI_WaitFlagStateUntilTimeout  stm32f4xx_hal_spi.o
    0x0800812c   0x0800812c   0x00000024   Code   RO         6639    i.STMFLASH_Read     stmflash.o
    0x08008150   0x08008150   0x00000006   Code   RO         6640    i.STMFLASH_ReadWord  stmflash.o
    0x08008156   0x08008156   0x00000002   PAD
    0x08008158   0x08008158   0x0000004c   Code   RO         6641    i.STMFLASH_Write    stmflash.o
    0x080081a4   0x080081a4   0x00000028   Code   RO         1022    i.STORAGE_GetCapacity_FS  usbd_storage_if.o
    0x080081cc   0x080081cc   0x00000010   Code   RO         1023    i.STORAGE_GetMaxLun_FS  usbd_storage_if.o
    0x080081dc   0x080081dc   0x00000006   Code   RO         1024    i.STORAGE_Init_FS   usbd_storage_if.o
    0x080081e2   0x080081e2   0x00000006   Code   RO         1025    i.STORAGE_IsReady_FS  usbd_storage_if.o
    0x080081e8   0x080081e8   0x00000006   Code   RO         1026    i.STORAGE_IsWriteProtected_FS  usbd_storage_if.o
    0x080081ee   0x080081ee   0x00000002   PAD
    0x080081f0   0x080081f0   0x00000024   Code   RO         1027    i.STORAGE_Read_FS   usbd_storage_if.o
    0x08008214   0x08008214   0x00000024   Code   RO         1028    i.STORAGE_Write_FS  usbd_storage_if.o
    0x08008238   0x08008238   0x00000002   Code   RO         1099    i.SVC_Handler       stm32f4xx_it.o
    0x0800823a   0x0800823a   0x00000002   PAD
    0x0800823c   0x0800823c   0x00000524   Code   RO           26    i.SendspeexData_and_FixWifiData  main.o
    0x08008760   0x08008760   0x00000080   Code   RO         6173    i.Speex_Init        fatfs_write_wav.o
    0x080087e0   0x080087e0   0x00000036   Code   RO           27    i.StrEqual          main.o
    0x08008816   0x08008816   0x00000008   Code   RO         1100    i.SysTick_Handler   stm32f4xx_it.o
    0x0800881e   0x0800881e   0x00000002   PAD
    0x08008820   0x08008820   0x000000b0   Code   RO           28    i.SystemClock_Config  main.o
    0x080088d0   0x080088d0   0x00000064   Code   RO         5574    i.SystemInit        system_stm32f4xx.o
    0x08008934   0x08008934   0x00000010   Code   RO         1101    i.TIM2_IRQHandler   stm32f4xx_it.o
    0x08008944   0x08008944   0x00000010   Code   RO         1102    i.TIM3_IRQHandler   stm32f4xx_it.o
    0x08008954   0x08008954   0x000000a4   Code   RO         3126    i.TIM_Base_SetConfig  stm32f4xx_hal_tim.o
    0x080089f8   0x080089f8   0x00000016   Code   RO         3137    i.TIM_ETR_SetConfig  stm32f4xx_hal_tim.o
    0x08008a0e   0x08008a0e   0x00000012   Code   RO         3138    i.TIM_ITRx_SetConfig  stm32f4xx_hal_tim.o
    0x08008a20   0x08008a20   0x00000026   Code   RO         3144    i.TIM_TI1_ConfigInputStage  stm32f4xx_hal_tim.o
    0x08008a46   0x08008a46   0x00000028   Code   RO         3146    i.TIM_TI2_ConfigInputStage  stm32f4xx_hal_tim.o
    0x08008a6e   0x08008a6e   0x00000002   PAD
    0x08008a70   0x08008a70   0x00000018   Code   RO           29    i.UARTSendData      main.o
    0x08008a88   0x08008a88   0x00000014   Code   RO         4013    i.UART_DMAAbortOnError  stm32f4xx_hal_uart.o
    0x08008a9c   0x08008a9c   0x00000020   Code   RO         4023    i.UART_EndRxTransfer  stm32f4xx_hal_uart.o
    0x08008abc   0x08008abc   0x00000020   Code   RO         4024    i.UART_EndTransmit_IT  stm32f4xx_hal_uart.o
    0x08008adc   0x08008adc   0x000000a6   Code   RO         4026    i.UART_Receive_IT   stm32f4xx_hal_uart.o
    0x08008b82   0x08008b82   0x00000002   PAD
    0x08008b84   0x08008b84   0x00000368   Code   RO         4027    i.UART_SetConfig    stm32f4xx_hal_uart.o
    0x08008eec   0x08008eec   0x00000068   Code   RO         4028    i.UART_Transmit_IT  stm32f4xx_hal_uart.o
    0x08008f54   0x08008f54   0x0000006c   Code   RO         4029    i.UART_WaitOnFlagUntilTimeout  stm32f4xx_hal_uart.o
    0x08008fc0   0x08008fc0   0x00000010   Code   RO         1103    i.USART2_IRQHandler  stm32f4xx_it.o
    0x08008fd0   0x08008fd0   0x0000003c   Code   RO           30    i.USART2_UART_Init  main.o
    0x0800900c   0x0800900c   0x00000016   Code   RO         8688    i.USBD_ClrClassConfig  usbd_core.o
    0x08009022   0x08009022   0x0000003e   Code   RO         8826    i.USBD_ClrFeature   usbd_ctlreq.o
    0x08009060   0x08009060   0x00000018   Code   RO         8921    i.USBD_CtlContinueRx  usbd_ioreq.o
    0x08009078   0x08009078   0x00000018   Code   RO         8922    i.USBD_CtlContinueSendData  usbd_ioreq.o
    0x08009090   0x08009090   0x00000018   Code   RO         8827    i.USBD_CtlError     usbd_ctlreq.o
    0x080090a8   0x080090a8   0x0000001a   Code   RO         8924    i.USBD_CtlReceiveStatus  usbd_ioreq.o
    0x080090c2   0x080090c2   0x00000022   Code   RO         8925    i.USBD_CtlSendData  usbd_ioreq.o
    0x080090e4   0x080090e4   0x0000001a   Code   RO         8926    i.USBD_CtlSendStatus  usbd_ioreq.o
    0x080090fe   0x080090fe   0x00000002   PAD
    0x08009100   0x08009100   0x00000034   Code   RO          934    i.USBD_FS_ConfigStrDescriptor  usbd_desc.o
    0x08009134   0x08009134   0x00000010   Code   RO          935    i.USBD_FS_DeviceDescriptor  usbd_desc.o
    0x08009144   0x08009144   0x00000038   Code   RO          936    i.USBD_FS_InterfaceStrDescriptor  usbd_desc.o
    0x0800917c   0x0800917c   0x00000010   Code   RO          937    i.USBD_FS_LangIDStrDescriptor  usbd_desc.o
    0x0800918c   0x0800918c   0x0000002c   Code   RO          938    i.USBD_FS_ManufacturerStrDescriptor  usbd_desc.o
    0x080091b8   0x080091b8   0x0000003c   Code   RO          939    i.USBD_FS_ProductStrDescriptor  usbd_desc.o
    0x080091f4   0x080091f4   0x00000018   Code   RO          940    i.USBD_FS_SerialStrDescriptor  usbd_desc.o
    0x0800920c   0x0800920c   0x00000056   Code   RO         8828    i.USBD_GetConfig    usbd_ctlreq.o
    0x08009262   0x08009262   0x00000152   Code   RO         8829    i.USBD_GetDescriptor  usbd_ctlreq.o
    0x080093b4   0x080093b4   0x00000014   Code   RO         8830    i.USBD_GetLen       usbd_ctlreq.o
    0x080093c8   0x080093c8   0x0000005a   Code   RO         8831    i.USBD_GetStatus    usbd_ctlreq.o
    0x08009422   0x08009422   0x00000052   Code   RO         8832    i.USBD_GetString    usbd_ctlreq.o
    0x08009474   0x08009474   0x0000002c   Code   RO          750    i.USBD_Get_USB_Status  usbd_conf.o
    0x080094a0   0x080094a0   0x00000032   Code   RO         8690    i.USBD_Init         usbd_core.o
    0x080094d2   0x080094d2   0x00000026   Code   RO          751    i.USBD_LL_ClearStallEP  usbd_conf.o
    0x080094f8   0x080094f8   0x00000026   Code   RO          752    i.USBD_LL_CloseEP   usbd_conf.o
    0x0800951e   0x0800951e   0x00000100   Code   RO         8691    i.USBD_LL_DataInStage  usbd_core.o
    0x0800961e   0x0800961e   0x000000a6   Code   RO         8692    i.USBD_LL_DataOutStage  usbd_core.o
    0x080096c4   0x080096c4   0x00000006   Code   RO         8693    i.USBD_LL_DevConnected  usbd_core.o
    0x080096ca   0x080096ca   0x0000001a   Code   RO         8694    i.USBD_LL_DevDisconnected  usbd_core.o
    0x080096e4   0x080096e4   0x00000026   Code   RO          755    i.USBD_LL_FlushEP   usbd_conf.o
    0x0800970a   0x0800970a   0x00000012   Code   RO          756    i.USBD_LL_GetRxDataSize  usbd_conf.o
    0x0800971c   0x0800971c   0x00000068   Code   RO          757    i.USBD_LL_Init      usbd_conf.o
    0x08009784   0x08009784   0x00000038   Code   RO          758    i.USBD_LL_IsStallEP  usbd_conf.o
    0x080097bc   0x080097bc   0x00000006   Code   RO         8695    i.USBD_LL_IsoINIncomplete  usbd_core.o
    0x080097c2   0x080097c2   0x00000006   Code   RO         8696    i.USBD_LL_IsoOUTIncomplete  usbd_core.o
    0x080097c8   0x080097c8   0x00000030   Code   RO          759    i.USBD_LL_OpenEP    usbd_conf.o
    0x080097f8   0x080097f8   0x00000030   Code   RO          760    i.USBD_LL_PrepareReceive  usbd_conf.o
    0x08009828   0x08009828   0x0000005c   Code   RO         8697    i.USBD_LL_Reset     usbd_core.o
    0x08009884   0x08009884   0x0000000e   Code   RO         8698    i.USBD_LL_Resume    usbd_core.o
    0x08009892   0x08009892   0x00000022   Code   RO         8699    i.USBD_LL_SOF       usbd_core.o
    0x080098b4   0x080098b4   0x00000008   Code   RO         8700    i.USBD_LL_SetSpeed  usbd_core.o
    0x080098bc   0x080098bc   0x00000026   Code   RO          761    i.USBD_LL_SetUSBAddress  usbd_conf.o
    0x080098e2   0x080098e2   0x0000006e   Code   RO         8701    i.USBD_LL_SetupStage  usbd_core.o
    0x08009950   0x08009950   0x00000026   Code   RO          762    i.USBD_LL_StallEP   usbd_conf.o
    0x08009976   0x08009976   0x0000001e   Code   RO          763    i.USBD_LL_Start     usbd_conf.o
    0x08009994   0x08009994   0x00000014   Code   RO         8702    i.USBD_LL_Suspend   usbd_core.o
    0x080099a8   0x080099a8   0x00000030   Code   RO          765    i.USBD_LL_Transmit  usbd_conf.o
    0x080099d8   0x080099d8   0x00000012   Code   RO         8981    i.USBD_MSC_DataIn   usbd_msc.o
    0x080099ea   0x080099ea   0x00000012   Code   RO         8982    i.USBD_MSC_DataOut  usbd_msc.o
    0x080099fc   0x080099fc   0x0000003e   Code   RO         8983    i.USBD_MSC_DeInit   usbd_msc.o
    0x08009a3a   0x08009a3a   0x00000002   PAD
    0x08009a3c   0x08009a3c   0x00000010   Code   RO         8984    i.USBD_MSC_GetDeviceQualifierDescriptor  usbd_msc.o
    0x08009a4c   0x08009a4c   0x00000010   Code   RO         8985    i.USBD_MSC_GetFSCfgDesc  usbd_msc.o
    0x08009a5c   0x08009a5c   0x00000010   Code   RO         8986    i.USBD_MSC_GetHSCfgDesc  usbd_msc.o
    0x08009a6c   0x08009a6c   0x00000010   Code   RO         8987    i.USBD_MSC_GetOtherSpeedCfgDesc  usbd_msc.o
    0x08009a7c   0x08009a7c   0x00000072   Code   RO         8988    i.USBD_MSC_Init     usbd_msc.o
    0x08009aee   0x08009aee   0x0000000c   Code   RO         8989    i.USBD_MSC_RegisterStorage  usbd_msc.o
    0x08009afa   0x08009afa   0x000001c4   Code   RO         8990    i.USBD_MSC_Setup    usbd_msc.o
    0x08009cbe   0x08009cbe   0x00000028   Code   RO         8833    i.USBD_ParseSetupRequest  usbd_ctlreq.o
    0x08009ce6   0x08009ce6   0x00000010   Code   RO         8703    i.USBD_RegisterClass  usbd_core.o
    0x08009cf6   0x08009cf6   0x00000006   Code   RO         8704    i.USBD_RunTestMode  usbd_core.o
    0x08009cfc   0x08009cfc   0x0000005a   Code   RO         8834    i.USBD_SetAddress   usbd_ctlreq.o
    0x08009d56   0x08009d56   0x00000022   Code   RO         8705    i.USBD_SetClassConfig  usbd_core.o
    0x08009d78   0x08009d78   0x000000e8   Code   RO         8835    i.USBD_SetConfig    usbd_ctlreq.o
    0x08009e60   0x08009e60   0x00000018   Code   RO         8836    i.USBD_SetFeature   usbd_ctlreq.o
    0x08009e78   0x08009e78   0x0000000e   Code   RO         8706    i.USBD_Start        usbd_core.o
    0x08009e86   0x08009e86   0x000000a2   Code   RO         8837    i.USBD_StdDevReq    usbd_ctlreq.o
    0x08009f28   0x08009f28   0x00000238   Code   RO         8838    i.USBD_StdEPReq     usbd_ctlreq.o
    0x0800a160   0x0800a160   0x0000007e   Code   RO         8839    i.USBD_StdItfReq    usbd_ctlreq.o
    0x0800a1de   0x0800a1de   0x00000002   PAD
    0x0800a1e0   0x0800a1e0   0x000000d0   Code   RO         1603    i.USB_ActivateEndpoint  stm32f4xx_ll_usb.o
    0x0800a2b0   0x0800a2b0   0x00000046   Code   RO         1605    i.USB_ActivateSetup  stm32f4xx_ll_usb.o
    0x0800a2f6   0x0800a2f6   0x00000002   PAD
    0x0800a2f8   0x0800a2f8   0x00000084   Code   RO         1607    i.USB_CoreInit      stm32f4xx_ll_usb.o
    0x0800a37c   0x0800a37c   0x0000004c   Code   RO         1608    i.USB_CoreReset     stm32f4xx_ll_usb.o
    0x0800a3c8   0x0800a3c8   0x000000c4   Code   RO         1611    i.USB_DeactivateEndpoint  stm32f4xx_ll_usb.o
    0x0800a48c   0x0800a48c   0x00000020   Code   RO         1612    i.USB_DevConnect    stm32f4xx_ll_usb.o
    0x0800a4ac   0x0800a4ac   0x00000020   Code   RO         1613    i.USB_DevDisconnect  stm32f4xx_ll_usb.o
    0x0800a4cc   0x0800a4cc   0x000001f4   Code   RO         1614    i.USB_DevInit       stm32f4xx_ll_usb.o
    0x0800a6c0   0x0800a6c0   0x0000000e   Code   RO         1615    i.USB_DisableGlobalInt  stm32f4xx_ll_usb.o
    0x0800a6ce   0x0800a6ce   0x00000002   PAD
    0x0800a6d0   0x0800a6d0   0x000001d8   Code   RO         1618    i.USB_EP0StartXfer  stm32f4xx_ll_usb.o
    0x0800a8a8   0x0800a8a8   0x00000070   Code   RO         1619    i.USB_EP0_OutStart  stm32f4xx_ll_usb.o
    0x0800a918   0x0800a918   0x0000008e   Code   RO         1620    i.USB_EPClearStall  stm32f4xx_ll_usb.o
    0x0800a9a6   0x0800a9a6   0x0000009a   Code   RO         1621    i.USB_EPSetStall    stm32f4xx_ll_usb.o
    0x0800aa40   0x0800aa40   0x00000344   Code   RO         1622    i.USB_EPStartXfer   stm32f4xx_ll_usb.o
    0x0800ad84   0x0800ad84   0x0000000e   Code   RO         1623    i.USB_EnableGlobalInt  stm32f4xx_ll_usb.o
    0x0800ad92   0x0800ad92   0x00000002   PAD
    0x0800ad94   0x0800ad94   0x0000002c   Code   RO         1624    i.USB_FlushRxFifo   stm32f4xx_ll_usb.o
    0x0800adc0   0x0800adc0   0x00000030   Code   RO         1625    i.USB_FlushTxFifo   stm32f4xx_ll_usb.o
    0x0800adf0   0x0800adf0   0x00000026   Code   RO         1627    i.USB_GetDevSpeed   stm32f4xx_ll_usb.o
    0x0800ae16   0x0800ae16   0x0000000a   Code   RO         1629    i.USB_GetMode       stm32f4xx_ll_usb.o
    0x0800ae20   0x0800ae20   0x00000014   Code   RO         1636    i.USB_ReadDevAllInEpInterrupt  stm32f4xx_ll_usb.o
    0x0800ae34   0x0800ae34   0x00000014   Code   RO         1637    i.USB_ReadDevAllOutEpInterrupt  stm32f4xx_ll_usb.o
    0x0800ae48   0x0800ae48   0x00000032   Code   RO         1638    i.USB_ReadDevInEPInterrupt  stm32f4xx_ll_usb.o
    0x0800ae7a   0x0800ae7a   0x0000001a   Code   RO         1639    i.USB_ReadDevOutEPInterrupt  stm32f4xx_ll_usb.o
    0x0800ae94   0x0800ae94   0x0000000a   Code   RO         1640    i.USB_ReadInterrupts  stm32f4xx_ll_usb.o
    0x0800ae9e   0x0800ae9e   0x00000022   Code   RO         1641    i.USB_ReadPacket    stm32f4xx_ll_usb.o
    0x0800aec0   0x0800aec0   0x00000036   Code   RO         1643    i.USB_SetCurrentMode  stm32f4xx_ll_usb.o
    0x0800aef6   0x0800aef6   0x0000002a   Code   RO         1644    i.USB_SetDevAddress  stm32f4xx_ll_usb.o
    0x0800af20   0x0800af20   0x00000012   Code   RO         1645    i.USB_SetDevSpeed   stm32f4xx_ll_usb.o
    0x0800af32   0x0800af32   0x00000002   PAD
    0x0800af34   0x0800af34   0x000000e8   Code   RO         1646    i.USB_SetTurnaroundTime  stm32f4xx_ll_usb.o
    0x0800b01c   0x0800b01c   0x0000003c   Code   RO         1649    i.USB_WritePacket   stm32f4xx_ll_usb.o
    0x0800b058   0x0800b058   0x00000004   Code   RO         1104    i.UsageFault_Handler  stm32f4xx_it.o
    0x0800b05c   0x0800b05c   0x0000007c   Code   RO         6493    i.Write_IIC_Byte    oled.o
    0x0800b0d8   0x0800b0d8   0x0000002c   Code   RO         6494    i.Write_IIC_Command  oled.o
    0x0800b104   0x0800b104   0x0000002c   Code   RO         6495    i.Write_IIC_Data    oled.o
    0x0800b130   0x0800b130   0x00000020   Code   RO         9524    i.__0printf$8       mc_w.l(printf8.o)
    0x0800b150   0x0800b150   0x00000028   Code   RO         9526    i.__0sprintf$8      mc_w.l(printf8.o)
    0x0800b178   0x0800b178   0x00000010   Code   RO         5196    i.__NVIC_GetPriorityGrouping  stm32f4xx_hal_cortex.o
    0x0800b188   0x0800b188   0x00000028   Code   RO         5197    i.__NVIC_SetPriority  stm32f4xx_hal_cortex.o
    0x0800b1b0   0x0800b1b0   0x00000008   Code   RO         9696    i.__aeabi_errno_addr  mc_w.l(errno.o)
    0x0800b1b8   0x0800b1b8   0x0000000e   Code   RO         9756    i.__scatterload_copy  mc_w.l(handlers.o)
    0x0800b1c6   0x0800b1c6   0x00000002   Code   RO         9757    i.__scatterload_null  mc_w.l(handlers.o)
    0x0800b1c8   0x0800b1c8   0x0000000e   Code   RO         9758    i.__scatterload_zeroinit  mc_w.l(handlers.o)
    0x0800b1d6   0x0800b1d6   0x00000002   PAD
    0x0800b1d8   0x0800b1d8   0x00000410   Code   RO         9531    i._printf_core      mc_w.l(printf8.o)
    0x0800b5e8   0x0800b5e8   0x00000024   Code   RO         9532    i._printf_post_padding  mc_w.l(printf8.o)
    0x0800b60c   0x0800b60c   0x0000002e   Code   RO         9533    i._printf_pre_padding  mc_w.l(printf8.o)
    0x0800b63a   0x0800b63a   0x0000000a   Code   RO         9535    i._sputc            mc_w.l(printf8.o)
    0x0800b644   0x0800b644   0x00000082   Code   RO         7744    i._spx_autocorr     lpc.o
    0x0800b6c6   0x0800b6c6   0x00000116   Code   RO         7745    i._spx_lpc          lpc.o
    0x0800b7dc   0x0800b7dc   0x000000c0   Code   RO         6865    i.accel_self_test   inv_mpu.o
    0x0800b89c   0x0800b89c   0x0000000e   Code   RO         6276    i.basic_malloc      basic_function.o
    0x0800b8aa   0x0800b8aa   0x00000030   Code   RO         8173    i.bw_lpc            filters.o
    0x0800b8da   0x0800b8da   0x00000002   PAD
    0x0800b8dc   0x0800b8dc   0x0000006c   Code   RO         7783    i.cheb_poly_eva     lsp.o
    0x0800b948   0x0800b948   0x00000200   Code   RO           33    i.check_firstrun    main.o
    0x0800bb48   0x0800bb48   0x0000007c   Code   RO         5665    i.check_fs          ff.o
    0x0800bbc4   0x0800bbc4   0x00000014   Code   RO         5666    i.chk_chr           ff.o
    0x0800bbd8   0x0800bbd8   0x0000007c   Code   RO         5667    i.chk_lock          ff.o
    0x0800bc54   0x0800bc54   0x00000028   Code   RO         5668    i.clear_lock        ff.o
    0x0800bc7c   0x0800bc7c   0x00000032   Code   RO         5669    i.clmt_clust        ff.o
    0x0800bcae   0x0800bcae   0x00000002   PAD
    0x0800bcb0   0x0800bcb0   0x00000010   Code   RO         6174    i.close_speex_file  fatfs_write_wav.o
    0x0800bcc0   0x0800bcc0   0x00000058   Code   RO         6175    i.close_wav_file    fatfs_write_wav.o
    0x0800bd18   0x0800bd18   0x0000001a   Code   RO         5670    i.clust2sect        ff.o
    0x0800bd32   0x0800bd32   0x00000002   PAD
    0x0800bd34   0x0800bd34   0x00000098   Code   RO         5671    i.cmp_lfn           ff.o
    0x0800bdcc   0x0800bdcc   0x00000434   Code   RO         8174    i.compute_impulse_response  filters.o
    0x0800c200   0x0800c200   0x0000009a   Code   RO         8175    i.compute_rms       filters.o
    0x0800c29a   0x0800c29a   0x00000134   Code   RO         8176    i.compute_rms16     filters.o
    0x0800c3ce   0x0800c3ce   0x000000de   Code   RO         5672    i.create_chain      ff.o
    0x0800c4ac   0x0800c4ac   0x0000026c   Code   RO         5673    i.create_name       ff.o
    0x0800c718   0x0800c718   0x00000014   Code   RO         6176    i.create_speex_file  fatfs_write_wav.o
    0x0800c72c   0x0800c72c   0x00000050   Code   RO         6177    i.create_wav_file   fatfs_write_wav.o
    0x0800c77c   0x0800c77c   0x00000044   Code   RO         5674    i.dec_lock          ff.o
    0x0800c7c0   0x0800c7c0   0x00000012   Code   RO         6496    i.delay_us          oled.o
    0x0800c7d2   0x0800c7d2   0x00000012   Code   RO         7408    i.delay_us_iic      myiic.o
    0x0800c7e4   0x0800c7e4   0x00000060   Code   RO         5675    i.dir_alloc         ff.o
    0x0800c844   0x0800c844   0x000000fc   Code   RO         5676    i.dir_find          ff.o
    0x0800c940   0x0800c940   0x0000010c   Code   RO         5677    i.dir_next          ff.o
    0x0800ca4c   0x0800ca4c   0x00000142   Code   RO         5679    i.dir_register      ff.o
    0x0800cb8e   0x0800cb8e   0x0000009a   Code   RO         5681    i.dir_sdi           ff.o
    0x0800cc28   0x0800cc28   0x0000002c   Code   RO         5610    i.disk_initialize   diskio.o
    0x0800cc54   0x0800cc54   0x00000028   Code   RO         5611    i.disk_ioctl        diskio.o
    0x0800cc7c   0x0800cc7c   0x00000030   Code   RO         5612    i.disk_read         diskio.o
    0x0800ccac   0x0800ccac   0x0000001c   Code   RO         5613    i.disk_status       diskio.o
    0x0800ccc8   0x0800ccc8   0x00000030   Code   RO         5614    i.disk_write        diskio.o
    0x0800ccf8   0x0800ccf8   0x0000003c   Code   RO         7203    i.dmp_enable_6x_lp_quat  inv_mpu_dmp_motion_driver.o
    0x0800cd34   0x0800cd34   0x0000021c   Code   RO         7204    i.dmp_enable_feature  inv_mpu_dmp_motion_driver.o
    0x0800cf50   0x0800cf50   0x00000058   Code   RO         7205    i.dmp_enable_gyro_cal  inv_mpu_dmp_motion_driver.o
    0x0800cfa8   0x0800cfa8   0x0000003c   Code   RO         7206    i.dmp_enable_lp_quat  inv_mpu_dmp_motion_driver.o
    0x0800cfe4   0x0800cfe4   0x00000018   Code   RO         7211    i.dmp_load_motion_driver_firmware  inv_mpu_dmp_motion_driver.o
    0x0800cffc   0x0800cffc   0x00000130   Code   RO         7215    i.dmp_set_accel_bias  inv_mpu_dmp_motion_driver.o
    0x0800d12c   0x0800d12c   0x00000070   Code   RO         7216    i.dmp_set_fifo_rate  inv_mpu_dmp_motion_driver.o
    0x0800d19c   0x0800d19c   0x00000130   Code   RO         7217    i.dmp_set_gyro_bias  inv_mpu_dmp_motion_driver.o
    0x0800d2cc   0x0800d2cc   0x00000138   Code   RO         7219    i.dmp_set_orientation  inv_mpu_dmp_motion_driver.o
    0x0800d404   0x0800d404   0x00000038   Code   RO         7222    i.dmp_set_shake_reject_thresh  inv_mpu_dmp_motion_driver.o
    0x0800d43c   0x0800d43c   0x00000026   Code   RO         7223    i.dmp_set_shake_reject_time  inv_mpu_dmp_motion_driver.o
    0x0800d462   0x0800d462   0x00000026   Code   RO         7224    i.dmp_set_shake_reject_timeout  inv_mpu_dmp_motion_driver.o
    0x0800d488   0x0800d488   0x00000046   Code   RO         7225    i.dmp_set_tap_axes  inv_mpu_dmp_motion_driver.o
    0x0800d4ce   0x0800d4ce   0x00000026   Code   RO         7226    i.dmp_set_tap_count  inv_mpu_dmp_motion_driver.o
    0x0800d4f4   0x0800d4f4   0x000001c0   Code   RO         7227    i.dmp_set_tap_thresh  inv_mpu_dmp_motion_driver.o
    0x0800d6b4   0x0800d6b4   0x00000026   Code   RO         7228    i.dmp_set_tap_time  inv_mpu_dmp_motion_driver.o
    0x0800d6da   0x0800d6da   0x00000026   Code   RO         7229    i.dmp_set_tap_time_multi  inv_mpu_dmp_motion_driver.o
    0x0800d700   0x0800d700   0x00000028   Code   RO         5682    i.enq_lock          ff.o
    0x0800d728   0x0800d728   0x0000002c   Code   RO         5683    i.f_close           ff.o
    0x0800d754   0x0800d754   0x000002b0   Code   RO         5687    i.f_lseek           ff.o
    0x0800da04   0x0800da04   0x00000168   Code   RO         5688    i.f_mkdir           ff.o
    0x0800db6c   0x0800db6c   0x00000060   Code   RO         5690    i.f_mount           ff.o
    0x0800dbcc   0x0800dbcc   0x0000023a   Code   RO         5691    i.f_open            ff.o
    0x0800de06   0x0800de06   0x00000098   Code   RO         5692    i.f_opendir         ff.o
    0x0800de9e   0x0800de9e   0x000001ac   Code   RO         5696    i.f_read            ff.o
    0x0800e04a   0x0800e04a   0x000000a0   Code   RO         5700    i.f_sync            ff.o
    0x0800e0ea   0x0800e0ea   0x000001ee   Code   RO         5703    i.f_write           ff.o
    0x0800e2d8   0x0800e2d8   0x0000007c   Code   RO         6121    i.ff_convert        cc950.o
    0x0800e354   0x0800e354   0x000000a4   Code   RO         6122    i.ff_wtoupper       cc950.o
    0x0800e3f8   0x0800e3f8   0x00000300   Code   RO         5704    i.find_volume       ff.o
    0x0800e6f8   0x0800e6f8   0x000000a2   Code   RO         5705    i.follow_path       ff.o
    0x0800e79a   0x0800e79a   0x00000002   PAD
    0x0800e79c   0x0800e79c   0x00000020   Code   RO           34    i.fputc             main.o
    0x0800e7bc   0x0800e7bc   0x00000050   Code   RO         9578    i.free              mc_w.l(malloc.o)
    0x0800e80c   0x0800e80c   0x0000008c   Code   RO           35    i.gad_recorder      main.o
    0x0800e898   0x0800e898   0x000000cc   Code   RO         5706    i.gen_numname       ff.o
    0x0800e964   0x0800e964   0x000000d0   Code   RO         6866    i.get_accel_prod_shift  inv_mpu.o
    0x0800ea34   0x0800ea34   0x000000e0   Code   RO         5707    i.get_fat           ff.o
    0x0800eb14   0x0800eb14   0x00000004   Code   RO          646    i.get_fattime       fatfs.o
    0x0800eb18   0x0800eb18   0x00000048   Code   RO         5709    i.get_ldnumber      ff.o
    0x0800eb60   0x0800eb60   0x00000470   Code   RO         6867    i.get_st_biases     inv_mpu.o
    0x0800efd0   0x0800efd0   0x00000062   Code   RO         6330    i.get_unread_ptr    ringbuffer.o
    0x0800f032   0x0800f032   0x00000002   PAD
    0x0800f034   0x0800f034   0x0000011c   Code   RO         6868    i.gyro_self_test    inv_mpu.o
    0x0800f150   0x0800f150   0x000000f8   Code   RO         8177    i.highpass          filters.o
    0x0800f248   0x0800f248   0x000000bc   Code   RO         5710    i.inc_lock          ff.o
    0x0800f304   0x0800f304   0x00000046   Code   RO         6331    i.initial_buffer    ringbuffer.o
    0x0800f34a   0x0800f34a   0x00000002   PAD
    0x0800f34c   0x0800f34c   0x0000010c   Code   RO         6178    i.initial_recoder   fatfs_write_wav.o
    0x0800f458   0x0800f458   0x00000180   Code   RO         8178    i.interp_pitch      filters.o
    0x0800f5d8   0x0800f5d8   0x00000028   Code   RO         6869    i.inv_orientation_matrix_to_scalar  inv_mpu.o
    0x0800f600   0x0800f600   0x0000004e   Code   RO         6870    i.inv_row_2_scale   inv_mpu.o
    0x0800f64e   0x0800f64e   0x00000026   Code   RO         5711    i.ld_clust          ff.o
    0x0800f674   0x0800f674   0x00000018   Code   RO         5712    i.ld_dword          ff.o
    0x0800f68c   0x0800f68c   0x0000000c   Code   RO         5713    i.ld_word           ff.o
    0x0800f698   0x0800f698   0x00000280   Code   RO         7784    i.lpc_to_lsp        lsp.o
    0x0800f918   0x0800f918   0x0000007e   Code   RO         7785    i.lsp_enforce_margin  lsp.o
    0x0800f996   0x0800f996   0x0000005c   Code   RO         7786    i.lsp_interpolate   lsp.o
    0x0800f9f2   0x0800f9f2   0x00000002   PAD
    0x0800f9f4   0x0800f9f4   0x0000028c   Code   RO         8572    i.lsp_quant_lbr     quant_lsp.o
    0x0800fc80   0x0800fc80   0x00000358   Code   RO         7787    i.lsp_to_lpc        lsp.o
    0x0800ffd8   0x0800ffd8   0x000000b8   Code   RO         8575    i.lsp_unquant_lbr   quant_lsp.o
    0x08010090   0x08010090   0x00001968   Code   RO           36    i.main              main.o
    0x080119f8   0x080119f8   0x0000006c   Code   RO         9579    i.malloc            mc_w.l(malloc.o)
    0x08011a64   0x08011a64   0x00000024   Code   RO         5714    i.mem_cmp           ff.o
    0x08011a88   0x08011a88   0x0000001a   Code   RO         5715    i.mem_cpy           ff.o
    0x08011aa2   0x08011aa2   0x00000012   Code   RO         5716    i.mem_set           ff.o
    0x08011ab4   0x08011ab4   0x00000034   Code   RO         5717    i.move_window       ff.o
    0x08011ae8   0x08011ae8   0x00000070   Code   RO         6872    i.mpu_configure_fifo  inv_mpu.o
    0x08011b58   0x08011b58   0x0000009c   Code   RO         6874    i.mpu_dmp_init      inv_mpu.o
    0x08011bf4   0x08011bf4   0x0000004c   Code   RO         6875    i.mpu_get_accel_fsr  inv_mpu.o
    0x08011c40   0x08011c40   0x00000054   Code   RO         6877    i.mpu_get_accel_sens  inv_mpu.o
    0x08011c94   0x08011c94   0x00000010   Code   RO         6882    i.mpu_get_fifo_config  inv_mpu.o
    0x08011ca4   0x08011ca4   0x00000044   Code   RO         6883    i.mpu_get_gyro_fsr  inv_mpu.o
    0x08011ce8   0x08011ce8   0x00000060   Code   RO         6885    i.mpu_get_gyro_sens  inv_mpu.o
    0x08011d48   0x08011d48   0x00000050   Code   RO         6887    i.mpu_get_lpf       inv_mpu.o
    0x08011d98   0x08011d98   0x00000020   Code   RO         6889    i.mpu_get_sample_rate  inv_mpu.o
    0x08011db8   0x08011db8   0x000001f0   Code   RO         6891    i.mpu_init          inv_mpu.o
    0x08011fa8   0x08011fa8   0x000000b8   Code   RO         6892    i.mpu_load_firmware  inv_mpu.o
    0x08012060   0x08012060   0x000000e0   Code   RO         6893    i.mpu_lp_accel_mode  inv_mpu.o
    0x08012140   0x08012140   0x00000080   Code   RO         6897    i.mpu_read_mem      inv_mpu.o
    0x080121c0   0x080121c0   0x000001c8   Code   RO         6900    i.mpu_reset_fifo    inv_mpu.o
    0x08012388   0x08012388   0x0000011c   Code   RO         6901    i.mpu_run_self_test  inv_mpu.o
    0x080124a4   0x080124a4   0x00000084   Code   RO         6903    i.mpu_set_accel_fsr  inv_mpu.o
    0x08012528   0x08012528   0x0000014c   Code   RO         6904    i.mpu_set_bypass    inv_mpu.o
    0x08012674   0x08012674   0x00000090   Code   RO         6906    i.mpu_set_dmp_state  inv_mpu.o
    0x08012704   0x08012704   0x00000088   Code   RO         6907    i.mpu_set_gyro_fsr  inv_mpu.o
    0x0801278c   0x0801278c   0x0000006c   Code   RO         6908    i.mpu_set_int_latched  inv_mpu.o
    0x080127f8   0x080127f8   0x00000084   Code   RO         6910    i.mpu_set_lpf       inv_mpu.o
    0x0801287c   0x0801287c   0x0000009c   Code   RO         6911    i.mpu_set_sample_rate  inv_mpu.o
    0x08012918   0x08012918   0x000000d0   Code   RO         6912    i.mpu_set_sensors   inv_mpu.o
    0x080129e8   0x080129e8   0x00000080   Code   RO         6913    i.mpu_write_mem     inv_mpu.o
    0x08012a68   0x08012a68   0x000003b8   Code   RO         8179    i.multicomb         filters.o
    0x08012e20   0x08012e20   0x0000006c   Code   RO         6392    i.my_mem_free       malloc.o
    0x08012e8c   0x08012e8c   0x00000044   Code   RO         6393    i.my_mem_init       malloc.o
    0x08012ed0   0x08012ed0   0x000000a8   Code   RO         6394    i.my_mem_malloc     malloc.o
    0x08012f78   0x08012f78   0x00000040   Code   RO         6395    i.my_mem_perused    malloc.o
    0x08012fb8   0x08012fb8   0x00000024   Code   RO         6396    i.myfree            malloc.o
    0x08012fdc   0x08012fdc   0x00000028   Code   RO         6397    i.mymalloc          malloc.o
    0x08013004   0x08013004   0x0000001a   Code   RO         6398    i.mymemcpy          malloc.o
    0x0801301e   0x0801301e   0x00000014   Code   RO         6399    i.mymemset          malloc.o
    0x08013032   0x08013032   0x00000002   PAD
    0x08013034   0x08013034   0x00000044   Code   RO         6400    i.myrealloc         malloc.o
    0x08013078   0x08013078   0x0000103e   Code   RO         8448    i.nb_decode         nb_celp.o
    0x080140b6   0x080140b6   0x00000002   PAD
    0x080140b8   0x080140b8   0x000001b8   Code   RO         8449    i.nb_decode_lost    nb_celp.o
    0x08014270   0x08014270   0x00000200   Code   RO         8450    i.nb_decoder_ctl    nb_celp.o
    0x08014470   0x08014470   0x00000032   Code   RO         8451    i.nb_decoder_destroy  nb_celp.o
    0x080144a2   0x080144a2   0x00000002   PAD
    0x080144a4   0x080144a4   0x0000012c   Code   RO         8452    i.nb_decoder_init   nb_celp.o
    0x080145d0   0x080145d0   0x00000ee4   Code   RO         8453    i.nb_encode         nb_celp.o
    0x080154b4   0x080154b4   0x000002a4   Code   RO         8454    i.nb_encoder_ctl    nb_celp.o
    0x08015758   0x08015758   0x0000005e   Code   RO         8455    i.nb_encoder_destroy  nb_celp.o
    0x080157b6   0x080157b6   0x00000002   PAD
    0x080157b8   0x080157b8   0x00000178   Code   RO         8456    i.nb_encoder_init   nb_celp.o
    0x08015930   0x08015930   0x00000074   Code   RO         7854    i.nb_mode_query     speex.o
    0x080159a4   0x080159a4   0x0000005e   Code   RO         8110    i.noise_codebook_quant  cb_search.o
    0x08015a02   0x08015a02   0x00000048   Code   RO         8180    i.normalize16       filters.o
    0x08015a4a   0x08015a4a   0x0000033e   Code   RO         8308    i.open_loop_nbest_pitch  ltp.o
    0x08015d88   0x08015d88   0x00000464   Code   RO         8309    i.pitch_gain_search_3tap  ltp.o
    0x080161ec   0x080161ec   0x00000124   Code   RO         8310    i.pitch_gain_search_3tap_vq  ltp.o
    0x08016310   0x08016310   0x0000029a   Code   RO         8311    i.pitch_search_3tap  ltp.o
    0x080165aa   0x080165aa   0x000001e4   Code   RO         8312    i.pitch_unquant_3tap  ltp.o
    0x0801678e   0x0801678e   0x00000034   Code   RO         8313    i.pitch_xcorr       ltp.o
    0x080167c2   0x080167c2   0x00000138   Code   RO         5719    i.put_fat           ff.o
    0x080168fa   0x080168fa   0x00000002   PAD
    0x080168fc   0x080168fc   0x00000080   Code   RO         5720    i.put_lfn           ff.o
    0x0801697c   0x0801697c   0x00000074   Code   RO         6179    i.recoder_new_pathname  fatfs_write_wav.o
    0x080169f0   0x080169f0   0x0000004c   Code   RO         6150    i.recoder_wav_init  wav.o
    0x08016a3c   0x08016a3c   0x0000000e   Code   RO         6151    i.recoder_wav_update  wav.o
    0x08016a4a   0x08016a4a   0x0000009a   Code   RO         5724    i.remove_chain      ff.o
    0x08016ae4   0x08016ae4   0x0000006e   Code   RO         8183    i.residue_percep_zero16  filters.o
    0x08016b52   0x08016b52   0x0000009a   Code   RO         6914    i.run_self_test     inv_mpu.o
    0x08016bec   0x08016bec   0x00000042   Code   RO         8184    i.sanitize_values32  filters.o
    0x08016c2e   0x08016c2e   0x0000001c   Code   RO         8639    i.scal_quant        vq.o
    0x08016c4a   0x08016c4a   0x0000001a   Code   RO         8640    i.scal_quant32      vq.o
    0x08016c64   0x08016c64   0x00000090   Code   RO         6915    i.set_int_enable    inv_mpu.o
    0x08016cf4   0x08016cf4   0x000000b2   Code   RO         8185    i.signal_div        filters.o
    0x08016da6   0x08016da6   0x00000034   Code   RO         8186    i.signal_mul        filters.o
    0x08016dda   0x08016dda   0x00000020   Code   RO         8457    i.speex_alloc       nb_celp.o
    0x08016dfa   0x08016dfa   0x0000000e   Code   RO         8458    i.speex_alloc_scratch  nb_celp.o
    0x08016e08   0x08016e08   0x00000034   Code   RO         7472    i.speex_bits_advance  bits.o
    0x08016e3c   0x08016e3c   0x00000038   Code   RO         7475    i.speex_bits_init   bits.o
    0x08016e74   0x08016e74   0x00000026   Code   RO         7477    i.speex_bits_insert_terminator  bits.o
    0x08016e9a   0x08016e9a   0x00000002   PAD
    0x08016e9c   0x08016e9c   0x00000120   Code   RO         7479    i.speex_bits_pack   bits.o
    0x08016fbc   0x08016fbc   0x0000001a   Code   RO         7484    i.speex_bits_remaining  bits.o
    0x08016fd6   0x08016fd6   0x00000010   Code   RO         7485    i.speex_bits_reset  bits.o
    0x08016fe6   0x08016fe6   0x0000005a   Code   RO         7489    i.speex_bits_unpack_unsigned  bits.o
    0x08017040   0x08017040   0x00000052   Code   RO         7490    i.speex_bits_write  bits.o
    0x08017092   0x08017092   0x00000016   Code   RO         7857    i.speex_decoder_ctl  speex.o
    0x080170a8   0x080170a8   0x0000000c   Code   RO         7859    i.speex_decoder_init  speex.o
    0x080170b4   0x080170b4   0x00000024   Code   RO         7954    i.speex_default_user_handler  speex_callbacks.o
    0x080170d8   0x080170d8   0x0000001a   Code   RO         7860    i.speex_encode_int  speex.o
    0x080170f2   0x080170f2   0x00000016   Code   RO         7862    i.speex_encoder_ctl  speex.o
    0x08017108   0x08017108   0x0000000c   Code   RO         7864    i.speex_encoder_init  speex.o
    0x08017114   0x08017114   0x0000000e   Code   RO         8459    i.speex_free        nb_celp.o
    0x08017122   0x08017122   0x0000000e   Code   RO         8460    i.speex_free_scratch  nb_celp.o
    0x08017130   0x08017130   0x00000066   Code   RO         7955    i.speex_inband_handler  speex_callbacks.o
    0x08017196   0x08017196   0x00000002   PAD
    0x08017198   0x08017198   0x00000030   Code   RO         8461    i.speex_rand        nb_celp.o
    0x080171c8   0x080171c8   0x00000012   Code   RO         7492    i.speex_realloc     bits.o
    0x080171da   0x080171da   0x00000002   PAD
    0x080171dc   0x080171dc   0x000005f8   Code   RO         8112    i.split_cb_search_shape_sign  cb_search.o
    0x080177d4   0x080177d4   0x000000de   Code   RO         8113    i.split_cb_shape_sign_unquant  cb_search.o
    0x080178b2   0x080178b2   0x00000056   Code   RO         7788    i.spx_acos          lsp.o
    0x08017908   0x08017908   0x00000096   Code   RO         7789    i.spx_cos           lsp.o
    0x0801799e   0x0801799e   0x0000008a   Code   RO         7790    i.spx_sqrt          lsp.o
    0x08017a28   0x08017a28   0x0000008a   Code   RO         8187    i.spx_sqrt          filters.o
    0x08017ab2   0x08017ab2   0x0000008a   Code   RO         8314    i.spx_sqrt          ltp.o
    0x08017b3c   0x08017b3c   0x0000008a   Code   RO         8462    i.spx_sqrt          nb_celp.o
    0x08017bc6   0x08017bc6   0x00000024   Code   RO         5725    i.st_clust          ff.o
    0x08017bea   0x08017bea   0x00000018   Code   RO         5726    i.st_dword          ff.o
    0x08017c02   0x08017c02   0x0000000c   Code   RO         5727    i.st_word           ff.o
    0x08017c0e   0x08017c0e   0x00000002   PAD
    0x08017c10   0x08017c10   0x00000030   Code   RO         6181    i.stop_recoder      fatfs_write_wav.o
    0x08017c40   0x08017c40   0x00000020   Code   RO         5728    i.sum_sfn           ff.o
    0x08017c60   0x08017c60   0x00000090   Code   RO         5729    i.sync_fs           ff.o
    0x08017cf0   0x08017cf0   0x00000052   Code   RO         5730    i.sync_window       ff.o
    0x08017d42   0x08017d42   0x00000002   PAD
    0x08017d44   0x08017d44   0x0000026c   Code   RO         6182    i.tick_recoder      fatfs_write_wav.o
    0x08017fb0   0x08017fb0   0x0000003c   Code   RO         5731    i.validate          ff.o
    0x08017fec   0x08017fec   0x000000c4   Code   RO           37    i.wav_recorder      main.o
    0x080180b0   0x080180b0   0x0000001c   Code   RO         6183    i.write_speex_file  fatfs_write_wav.o
    0x080180cc   0x080180cc   0x00000040   Code   RO         6184    i.write_wav_file    fatfs_write_wav.o
    0x0801810c   0x0801810c   0x00000014   Data   RO          568    .constdata          sd_diskio.o
    0x08018120   0x08018120   0x00000024   Data   RO         1030    .constdata          usbd_storage_if.o
    0x08018144   0x08018144   0x00000008   Data   RO         4889    .constdata          stm32f4xx_hal_dma.o
    0x0801814c   0x0801814c   0x00000018   Data   RO         5575    .constdata          system_stm32f4xx.o
    0x08018164   0x08018164   0x0000002a   Data   RO         5733    .constdata          ff.o
    0x0801818e   0x0801818e   0x0001a8ae   Data   RO         6123    .constdata          cc950.o
    0x08032a3c   0x08032a3c   0x00000024   Data   RO         6406    .constdata          malloc.o
    0x08032a60   0x08032a60   0x00000818   Data   RO         6499    .constdata          oled.o
    0x08033278   0x08033278   0x0000000a   Data   RO         6688    .constdata          24l01.o
    0x08033282   0x08033282   0x00000002   PAD
    0x08033284   0x08033284   0x00000050   Data   RO         6917    .constdata          inv_mpu.o
    0x080332d4   0x080332d4   0x00000bf6   Data   RO         7231    .constdata          inv_mpu_dmp_motion_driver.o
    0x08033eca   0x08033eca   0x00000140   Data   RO         7720    .constdata          exc_10_32_table.o
    0x0803400a   0x0803400a   0x00000080   Data   RO         7727    .constdata          gain_table_lbr.o
    0x0803408a   0x0803408a   0x000001a6   Data   RO         8088    .constdata          window.o
    0x08034230   0x08034230   0x0000006a   Data   RO         8189    .constdata          filters.o
    0x0803429a   0x0803429a   0x00000002   PAD
    0x0803429c   0x0803429c   0x00000100   Data   RO         8315    .constdata          ltp.o
    0x0803439c   0x0803439c   0x00000118   Data   RO         8390    .constdata          modes.o
    0x080344b4   0x080344b4   0x000000d8   Data   RO         8463    .constdata          nb_celp.o
    0x0803458c   0x0803458c   0x00000780   Data   RO         8678    .constdata          lsp_tables_nb.o
    0x08034d0c   0x08034d0c   0x00000017   Data   RO         9140    .constdata          usbd_msc_data.o
    0x08034d23   0x08034d23   0x00000081   Data   RO         9719    .constdata          mc_w.l(ctype_o.o)
    0x08034da4   0x08034da4   0x00000004   Data   RO         9720    .constdata          mc_w.l(ctype_o.o)
    0x08034da8   0x08034da8   0x0000002c   Data   RO           39    .conststring        main.o
    0x08034dd4   0x08034dd4   0x0000004d   Data   RO         6918    .conststring        inv_mpu.o
    0x08034e21   0x08034e21   0x00000003   PAD
    0x08034e24   0x08034e24   0x0000000b   Data   RO         8391    .conststring        modes.o
    0x08034e2f   0x08034e2f   0x00000001   PAD
    0x08034e30   0x08034e30   0x00000020   Data   RO         9754    Region$$Table       anon$$obj.o


    Execution Region RW_IRAM1 (Exec base: 0x20000000, Load base: 0x08034e50, Size: 0x0001e2f0, Max: 0x00020000, ABSOLUTE, COMPRESSED[0x000000fc])

    Exec Addr    Load Addr    Size         Type   Attr      Idx    E Section Name        Object

    0x20000000   COMPRESSED   0x0000004b   Data   RW           40    .data               main.o
    0x2000004b   COMPRESSED   0x00000001   PAD
    0x2000004c   COMPRESSED   0x0000000c   Data   RW          569    .data               sd_diskio.o
    0x20000058   COMPRESSED   0x00000005   Data   RW          648    .data               fatfs.o
    0x2000005d   COMPRESSED   0x00000003   PAD
    0x20000060   COMPRESSED   0x0000004e   Data   RW          942    .data               usbd_desc.o
    0x200000ae   COMPRESSED   0x00000002   PAD
    0x200000b0   COMPRESSED   0x00000020   Data   RW         1031    .data               usbd_storage_if.o
    0x200000d0   COMPRESSED   0x00000009   Data   RW         5345    .data               stm32f4xx_hal.o
    0x200000d9   COMPRESSED   0x00000003   PAD
    0x200000dc   COMPRESSED   0x00000004   Data   RW         5576    .data               system_stm32f4xx.o
    0x200000e0   COMPRESSED   0x00000006   Data   RW         5734    .data               ff.o
    0x200000e6   COMPRESSED   0x00000002   PAD
    0x200000e8   COMPRESSED   0x0000004e   Data   RW         6186    .data               fatfs_write_wav.o
    0x20000136   COMPRESSED   0x00000002   PAD
    0x20000138   COMPRESSED   0x00000024   Data   RW         6407    .data               malloc.o
    0x2000015c   COMPRESSED   0x00000035   Data   RW         6919    .data               inv_mpu.o
    0x20000191   COMPRESSED   0x00000001   Data   RW         8840    .data               usbd_ctlreq.o
    0x20000192   COMPRESSED   0x00000002   PAD
    0x20000194   COMPRESSED   0x000000a2   Data   RW         8991    .data               usbd_msc.o
    0x20000236   COMPRESSED   0x00000002   PAD
    0x20000238   COMPRESSED   0x00000004   Data   RW         9299    .data               mc_w.l(rand.o)
    0x2000023c   COMPRESSED   0x00000004   Data   RW         9685    .data               mc_w.l(stdout.o)
    0x20000240   COMPRESSED   0x00000004   Data   RW         9694    .data               mc_w.l(mvars.o)
    0x20000244   COMPRESSED   0x00000004   Data   RW         9695    .data               mc_w.l(mvars.o)
    0x20000248   COMPRESSED   0x00000004   Data   RW         9699    .data               mc_w.l(errno.o)
    0x2000024c        -       0x000011f4   Zero   RW           38    .bss                main.o
    0x20001440        -       0x00000200   Zero   RW          567    .bss                sd_diskio.o
    0x20001640        -       0x00000464   Zero   RW          647    .bss                fatfs.o
    0x20001aa4        -       0x0000029c   Zero   RW          683    .bss                usb_device.o
    0x20001d40        -       0x00000408   Zero   RW          766    .bss                usbd_conf.o
    0x20002148        -       0x00000200   Zero   RW          941    .bss                usbd_desc.o
    0x20002348        -       0x00000020   Zero   RW         1029    .bss                usbd_storage_if.o
    0x20002368        -       0x00000020   Zero   RW         4485    .bss                stm32f4xx_hal_flash.o
    0x20002388        -       0x00000040   Zero   RW         5732    .bss                ff.o
    0x200023c8        -       0x0000000c   Zero   RW         6051    .bss                ff_gen_drv.o
    0x200023d4        -       0x000084f4   Zero   RW         6185    .bss                fatfs_write_wav.o
    0x2000a8c8   COMPRESSED   0x00000018   PAD
    0x2000a8e0        -       0x0000aa00   Zero   RW         6405    .bss                malloc.o
    0x200152e0        -       0x00000010   Zero   RW         7230    .bss                inv_mpu_dmp_motion_driver.o
    0x200152f0        -       0x00008000   Zero   RW            2    HEAP                startup_stm32f411xe.o
    0x2001d2f0        -       0x00001000   Zero   RW            1    STACK               startup_stm32f411xe.o



  Load Region LR$$.ARM.__AT_0x10000000 (Base: 0x10000000, Size: 0x00000000, Max: 0x0000f000, ABSOLUTE)

    Execution Region ER$$.ARM.__AT_0x10000000 (Exec base: 0x10000000, Load base: 0x10000000, Size: 0x0000f000, Max: 0x0000f000, ABSOLUTE, UNINIT)

    Exec Addr    Load Addr    Size         Type   Attr      Idx    E Section Name        Object

    0x10000000        -       0x0000f000   Zero   RW         6401    .ARM.__AT_0x10000000  malloc.o



  Load Region LR$$.ARM.__AT_0x1000F000 (Base: 0x1000f000, Size: 0x00000000, Max: 0x00000f00, ABSOLUTE)

    Execution Region ER$$.ARM.__AT_0x1000F000 (Exec base: 0x1000f000, Load base: 0x1000f000, Size: 0x00000f00, Max: 0x00000f00, ABSOLUTE, UNINIT)

    Exec Addr    Load Addr    Size         Type   Attr      Idx    E Section Name        Object

    0x1000f000        -       0x00000f00   Zero   RW         6402    .ARM.__AT_0x1000F000  malloc.o



  Load Region LR$$.ARM.__AT_0x68000000 (Base: 0x68000000, Size: 0x00000000, Max: 0x000f0000, ABSOLUTE)

    Execution Region ER$$.ARM.__AT_0x68000000 (Exec base: 0x68000000, Load base: 0x68000000, Size: 0x000f0000, Max: 0x000f0000, ABSOLUTE, UNINIT)

    Exec Addr    Load Addr    Size         Type   Attr      Idx    E Section Name        Object

    0x68000000        -       0x000f0000   Zero   RW         6403    .ARM.__AT_0x68000000  malloc.o



  Load Region LR$$.ARM.__AT_0x680F0000 (Base: 0x680f0000, Size: 0x00000000, Max: 0x0000f000, ABSOLUTE)

    Execution Region ER$$.ARM.__AT_0x680F0000 (Exec base: 0x680f0000, Load base: 0x680f0000, Size: 0x0000f000, Max: 0x0000f000, ABSOLUTE, UNINIT)

    Exec Addr    Load Addr    Size         Type   Attr      Idx    E Section Name        Object

    0x680f0000        -       0x0000f000   Zero   RW         6404    .ARM.__AT_0x680F0000  malloc.o


==============================================================================

Image component sizes


      Code (inc. data)   RO Data    RW Data    ZI Data      Debug   Object Name

       564         60         10          0          0       7510   24l01.o
        14          0          0          0          0       1247   basic_function.o
       666        118          0          0          0      10646   bits.o
       216         26          0          0          0       6272   bsp_driver_sd.o
      1844          4          0          0          0       6602   cb_search.o
       288         26     108718          0          0       2431   cc950.o
       208         24          0          0          0       3957   diskio.o
         0          0        320          0          0        486   exc_10_32_table.o
        52         18          0          5       1124       1516   fatfs.o
      1476        258          0         78      34036       9213   fatfs_write_wav.o
      8378         98         42          6         64      48234   ff.o
       102          6          0          0         12       1707   ff_gen_drv.o
      4478         16        106          0          0      18329   filters.o
         0          0        128          0          0        476   gain_table_lbr.o
      6204        298        157         53          0      30152   inv_mpu.o
      2568        128       3062          0         16      19466   inv_mpu_dmp_motion_driver.o
       408          0          0          0          0       3635   lpc.o
      2196         12          0          0          0       9365   lsp.o
         0          0       1920          0          0        680   lsp_tables_nb.o
      4160         10        256          0          0      15399   ltp.o
     11132       1530         44         75       4596     514370   main.o
       598         64         36         36    1153280       8533   malloc.o
         0          0        291          0          0       6879   modes.o
       608          0          0          0          0       6287   mpu6050.o
       726         44          0          0          0       5045   myiic.o
     10678        322        216          0          0      26332   nb_celp.o
       978         30       2072          0          0       8624   oled.o
       836         26          0          0          0       3646   quant_lsp.o
       168          0          0          0          0       3486   ringbuffer.o
       778         44         20         12        512       7021   sd_diskio.o
       210         32          0          0          0       9582   speex.o
       138          0          0          0          0       3812   speex_callbacks.o
        36          8        408          0      36864        848   startup_stm32f411xe.o
       248         54          0          9          0       6294   stm32f4xx_hal.o
       984         32          0          0          0       3558   stm32f4xx_hal_adc.o
       372         28          0          0          0      35293   stm32f4xx_hal_cortex.o
      1446         16          8          0          0       7138   stm32f4xx_hal_dma.o
       664         62          0          0         32       6094   stm32f4xx_hal_flash.o
       432         26          0          0          0       3318   stm32f4xx_hal_flash_ex.o
       854         66          0          0          0       5157   stm32f4xx_hal_gpio.o
      1184        102          0          0          0       5512   stm32f4xx_hal_msp.o
      3310         18          0          0          0      13816   stm32f4xx_hal_pcd.o
        90          0          0          0          0       2481   stm32f4xx_hal_pcd_ex.o
      1732         84          0          0          0       5612   stm32f4xx_hal_rcc.o
      4598         38          0          0          0      21784   stm32f4xx_hal_sd.o
       970          8          0          0          0       4561   stm32f4xx_hal_spi.o
      1110         30          0          0          0      10271   stm32f4xx_hal_tim.o
        88          0          0          0          0       2485   stm32f4xx_hal_tim_ex.o
      2168         12          0          0          0      10761   stm32f4xx_hal_uart.o
       370         86          0          0          0      11423   stm32f4xx_it.o
      2090         40          0          0          0      24479   stm32f4xx_ll_sdmmc.o
      3696        112          0          0          0      22994   stm32f4xx_ll_usb.o
       118          8          0          0          0       1997   stmflash.o
         0          0          0          0          0        552   syscall.o
       100         18         24          4          0       1191   system_stm32f4xx.o
        76         16          0          0        668       5973   usb_device.o
      1008         18          0          0       1032      16634   usbd_conf.o
       886          0          0          0          0      13197   usbd_core.o
      1944         28          0          1          0      11240   usbd_ctlreq.o
       382        118          0         78        512       6741   usbd_desc.o
       134          0          0          0          0       4032   usbd_ioreq.o
       740         24          0        162          0       9728   usbd_msc.o
       728         10          0          0          0       7753   usbd_msc_bot.o
         0          0         23          0          0        881   usbd_msc_data.o
      1994         14          0          0          0      14039   usbd_msc_scsi.o
       146         26         36         32         32       4926   usbd_storage_if.o
       224          0          0          0          0       2424   vq.o
        90         16          0          0          0       1436   wav.o
         0          0        422          0          0        676   window.o

    ----------------------------------------------------------------------
     95788       4312     118359        568    1232804    1108239   Object Totals
         0          0         32          0          0          0   (incl. Generated)
       104          0          8         17         24          0   (incl. Padding)

    ----------------------------------------------------------------------

      Code (inc. data)   RO Data    RW Data    ZI Data      Debug   Library Member Name

        86          0          0          0          0          0   __dczerorl2.o
        28          0          0          0          0         68   _chval.o
       158          0          0          0          0         92   _strtoul.o
        26          0          0          0          0         80   atoi.o
         8          4        133          0          0         68   ctype_o.o
         0          0          0          0          0          0   entry.o
         0          0          0          0          0          0   entry10a.o
         0          0          0          0          0          0   entry11a.o
         8          4          0          0          0          0   entry2.o
         4          0          0          0          0          0   entry5.o
         0          0          0          0          0          0   entry7b.o
         0          0          0          0          0          0   entry8b.o
         8          4          0          0          0          0   entry9a.o
         8          4          0          4          0         68   errno.o
        30          0          0          0          0          0   handlers.o
        36          8          0          0          0         68   init.o
        98          0          0          0          0         84   ldiv.o
        30          0          0          0          0         68   llshl.o
        32          0          0          0          0         68   llushr.o
       188         20          0          0          0        160   malloc.o
        26          0          0          0          0         80   memcmp.o
        64          0          0          0          0         76   memmovea.o
        36          0          0          0          0        108   memseta.o
         0          0          0          8          0          0   mvars.o
      1204         60          0          0          0        504   printf8.o
        36         10          0          4          0        136   rand.o
         0          0          0          4          0          0   stdout.o
        14          0          0          0          0         68   strlen.o
        36          0          0          0          0         80   strstr.o
       112          0          0          0          0         88   strtol.o
        98          0          0          0          0         92   uldiv.o

    ----------------------------------------------------------------------
      2376        114        133         20          0       2056   Library Totals
         2          0          0          0          0          0   (incl. Padding)

    ----------------------------------------------------------------------

      Code (inc. data)   RO Data    RW Data    ZI Data      Debug   Library Name

      2374        114        133         20          0       2056   mc_w.l

    ----------------------------------------------------------------------
      2376        114        133         20          0       2056   Library Totals

    ----------------------------------------------------------------------

==============================================================================


      Code (inc. data)   RO Data    RW Data    ZI Data      Debug   

     98164       4426     118492        588    1232804    1047639   Grand Totals
     98164       4426     118492        252    1232804    1047639   ELF Image Totals (compressed)
     98164       4426     118492        252          0          0   ROM Totals

==============================================================================

    Total RO  Size (Code + RO Data)               216656 ( 211.58kB)
    Total RW  Size (RW Data + ZI Data)           1233392 (1204.48kB)
    Total ROM Size (Code + RO Data + RW Data)     216908 ( 211.82kB)

==============================================================================

