<html>
<body>
<pre>
<h1>µVision Build Log</h1>
<h2>Tool Versions:</h2>
IDE-Version: ¦ÌVision V5.26.2.0
Copyright (C) 2018 ARM Ltd and ARM Germany GmbH. All rights reserved.
License Information: wzr wzr, 123456789, LIC=V85Z9-4SXU1-8VP1H-WVMFZ-Y9SMD-ZLGKK
 
Tool Versions:
Toolchain:       MDK-ARM Professional  Version: 5.26.2.0
Toolchain Path:  C:\Keil_v5\ARM\ARMCC\Bin
C Compiler:      Armcc.exe V5.06 update 6 (build 750)
Assembler:       Armasm.exe V5.06 update 6 (build 750)
Linker/Locator:  ArmLink.exe V5.06 update 6 (build 750)
Library Manager: ArmAr.exe V5.06 update 6 (build 750)
Hex Converter:   FromElf.exe V5.06 update 6 (build 750)
CPU DLL:         SARMCM3.DLL V5.26.2.0
Dialog DLL:      DCM.DLL V1.17.2.0
Target DLL:      Segger\JL2CM3.dll V2.99.31.0
Dialog DLL:      TCM.DLL V1.36.1.0
 
<h2>Project:</h2>
D:\github_project\STM32CubeMX_Rebuild_Recoder_F4\MDK-ARM\Radio_Rebuild_Stm32CubeMX.uvprojx
Project File Date:  06/05/2019

<h2>Output:</h2>
*** Using Compiler 'V5.06 update 6 (build 750)', folder: 'C:\Keil_v5\ARM\ARMCC\Bin'
Build target 'Radio_Rebuild_Stm32CubeMX'
assembling startup_stm32f411xe.s...
compiling stm32f4xx_hal_mmc.c...
compiling sd_diskio.c...
compiling stm32f4xx_it.c...
../Src/stm32f4xx_it.c(361): warning:  #188-D: enumerated type mixed with another type
  		HAL_GPIO_WritePin(GPIOB,PWR_CTL_Pin,0);
../Src/stm32f4xx_it.c: 1 warning, 0 errors
compiling usbd_conf.c...
compiling stm32f4xx_hal_msp.c...
compiling main.c...
..\SelfCode\fatfs_write_wav.h(11): warning:  #1-D: last line of file ends without a newline
  void Speex_Init(void);
..\SelfCode\OLED\oled.h(66): warning:  #1295-D: Deprecated declaration Picture - give arg types
  void Picture();
..\SelfCode\OLED\oled.h(67): warning:  #1295-D: Deprecated declaration OLED_IIC_Start - give arg types
  void OLED_IIC_Start();
..\SelfCode\OLED\oled.h(68): warning:  #1295-D: Deprecated declaration OLED_IIC_Stop - give arg types
  void OLED_IIC_Stop();
..\SelfCode\OLED\oled.h(73): warning:  #1295-D: Deprecated declaration OLED_IIC_Wait_Ack - give arg types
  void OLED_IIC_Wait_Ack();
../Src/main.c(188): warning:  #188-D: enumerated type mixed with another type
  		HAL_GPIO_WritePin(GPIOB,PWR_CTL_Pin,0);
../Src/main.c(236): warning:  #188-D: enumerated type mixed with another type
  	HAL_GPIO_WritePin(GPIOB,PWR_CTL_Pin,1);
../Src/main.c(505): warning:  #177-D: function "MX_USART2_UART_Init"  was declared but never referenced
  static void MX_USART2_UART_Init(void)
../Src/main.c: 8 warnings, 0 errors
compiling usbd_storage_if.c...
compiling usbd_desc.c...
compiling usb_device.c...
compiling bsp_driver_sd.c...
../Src/bsp_driver_sd.c(155): warning:  #223-D: function "Error_Handler" declared implicitly
        Error_Handler();
../Src/bsp_driver_sd.c(197): warning:  #223-D: function "Error_Handler" declared implicitly
        Error_Handler();
../Src/bsp_driver_sd.c: 2 warnings, 0 errors
compiling fatfs.c...
compiling stm32f4xx_hal_tim_ex.c...
compiling stm32f4xx_ll_usb.c...
compiling stm32f4xx_hal_adc.c...
compiling stm32f4xx_hal_uart.c...
compiling stm32f4xx_hal_adc_ex.c...
compiling stm32f4xx_hal_pcd.c...
compiling stm32f4xx_hal_pcd_ex.c...
compiling stm32f4xx_ll_sdmmc.c...
compiling stm32f4xx_hal_sd.c...
compiling stm32f4xx_hal_rcc.c...
compiling stm32f4xx_hal_tim.c...
compiling stm32f4xx_hal_pwr_ex.c...
compiling stm32f4xx_hal_dma_ex.c...
compiling stm32f4xx_hal_flash_ex.c...
compiling stm32f4xx_hal_dma.c...
compiling stm32f4xx_hal_cortex.c...
compiling stm32f4xx_hal.c...
compiling stm32f4xx_hal_flash_ramfunc.c...
compiling stm32f4xx_hal_flash.c...
compiling stm32f4xx_hal_pwr.c...
compiling stm32f4xx_hal_gpio.c...
compiling stm32f4xx_hal_rcc_ex.c...
compiling usbd_msc_bot.c...
compiling ff_gen_drv.c...
compiling system_stm32f4xx.c...
compiling usbd_ioreq.c...
compiling usbd_ctlreq.c...
compiling usbd_msc.c...
compiling diskio.c...
compiling usbd_core.c...
compiling cc950.c...
compiling syscall.c...
compiling ff.c...
compiling buffer.c...
compiling speex_callbacks.c...
compiling usbd_msc_scsi.c...
compiling bits.c...
compiling lpc.c...
compiling usbd_msc_data.c...
compiling stmflash.c...
compiling lsp.c...
compiling fatfs_write_wav.c...
..\SelfCode\fatfs_write_wav.h(11): warning:  #1-D: last line of file ends without a newline
  void Speex_Init(void);
..\SelfCode\fatfs_write_wav.c: 1 warning, 0 errors
compiling speex.c...
compiling oled.c...
..\SelfCode\OLED\oled.h(66): warning:  #1295-D: Deprecated declaration Picture - give arg types
  void Picture();
..\SelfCode\OLED\oled.h(67): warning:  #1295-D: Deprecated declaration OLED_IIC_Start - give arg types
  void OLED_IIC_Start();
..\SelfCode\OLED\oled.h(68): warning:  #1295-D: Deprecated declaration OLED_IIC_Stop - give arg types
  void OLED_IIC_Stop();
..\SelfCode\OLED\oled.h(73): warning:  #1295-D: Deprecated declaration OLED_IIC_Wait_Ack - give arg types
  void OLED_IIC_Wait_Ack();
..\SelfCode\OLED\oled.c(54): warning:  #188-D: enumerated type mixed with another type
  	OLED_SCLK_Set();		
..\SelfCode\OLED\oled.c(56): warning:  #188-D: enumerated type mixed with another type
  	OLED_SDIN_Set();
..\SelfCode\OLED\oled.c(58): warning:  #188-D: enumerated type mixed with another type
  	OLED_SDIN_Clr();
..\SelfCode\OLED\oled.c(60): warning:  #188-D: enumerated type mixed with another type
    OLED_SCLK_Clr();
..\SelfCode\OLED\oled.c(69): warning:  #188-D: enumerated type mixed with another type
  OLED_SCLK_Set() ;
..\SelfCode\OLED\oled.c(72): warning:  #188-D: enumerated type mixed with another type
  	OLED_SDIN_Clr();
..\SelfCode\OLED\oled.c(74): warning:  #188-D: enumerated type mixed with another type
  	OLED_SDIN_Set();
..\SelfCode\OLED\oled.c(98): warning:  #188-D: enumerated type mixed with another type
  	OLED_SCLK_Set() ;
..\SelfCode\OLED\oled.c(100): warning:  #188-D: enumerated type mixed with another type
  	OLED_SCLK_Clr();
..\SelfCode\OLED\oled.c(112): warning:  #188-D: enumerated type mixed with another type
  	OLED_SCLK_Clr();
..\SelfCode\OLED\oled.c(120): warning:  #188-D: enumerated type mixed with another type
  		{OLED_SDIN_Set();}
..\SelfCode\OLED\oled.c(121): warning:  #188-D: enumerated type mixed with another type
  		else OLED_SDIN_Clr();
..\SelfCode\OLED\oled.c(124): warning:  #188-D: enumerated type mixed with another type
  		OLED_SCLK_Set();
..\SelfCode\OLED\oled.c(126): warning:  #188-D: enumerated type mixed with another type
  		OLED_SCLK_Clr();
..\SelfCode\OLED\oled.c: 18 warnings, 0 errors
compiling vq.c...
compiling speex_header.c...
compiling ltp.c...
compiling filters.c...
compiling modes.c...
compiling window.c...
compiling cb_search.c...
compiling quant_lsp.c...
compiling nb_celp.c...
..\SelfCode\Speex_Lib\STM32\libspeex\nb_celp.c(175): warning:  #1035-D: single-precision operand implicitly converted to double-precision
        st->old_lsp[i]= DIV32(MULT16_16(QCONST16(3.1415927f, LSP_SHIFT), i+1), st->lpcSize+1);
..\SelfCode\Speex_Lib\STM32\libspeex\nb_celp.c(920): warning:  #1035-D: single-precision operand implicitly converted to double-precision
        bw_lpc(QCONST16(0.93f,15), st->interp_qlpc, lpc, st->lpcSize);
..\SelfCode\Speex_Lib\STM32\libspeex\nb_celp.c(1098): warning:  #1035-D: single-precision operand implicitly converted to double-precision
                 signal_mul(innov2, innov2, MULT16_32_Q15(QCONST16(0.454545f,15),ener), st->subframeSize);
..\SelfCode\Speex_Lib\STM32\libspeex\nb_celp.c(1098): warning:  #1035-D: single-precision operand implicitly converted to double-precision
                 signal_mul(innov2, innov2, MULT16_32_Q15(QCONST16(0.454545f,15),ener), st->subframeSize);
..\SelfCode\Speex_Lib\STM32\libspeex\nb_celp.c(1117): warning:  #1035-D: single-precision operand implicitly converted to double-precision
              g=MULT16_16_P14(QCONST16(1.5f,14),(g-QCONST16(.2f,6)));
..\SelfCode\Speex_Lib\STM32\libspeex\nb_celp.c(1117): warning:  #1035-D: single-precision operand implicitly converted to double-precision
              g=MULT16_16_P14(QCONST16(1.5f,14),(g-QCONST16(.2f,6)));
..\SelfCode\Speex_Lib\STM32\libspeex\nb_celp.c(1137): warning:  #1035-D: single-precision operand implicitly converted to double-precision
                 exc[i]= ADD16(ADD16(MULT16_16_Q15(QCONST16(.7f,15),exc[i]) , MULT16_16_Q15(QCONST16(.3f,15),st->voc_m1)),
..\SelfCode\Speex_Lib\STM32\libspeex\nb_celp.c(1137): warning:  #1035-D: single-precision operand implicitly converted to double-precision
                 exc[i]= ADD16(ADD16(MULT16_16_Q15(QCONST16(.7f,15),exc[i]) , MULT16_16_Q15(QCONST16(.3f,15),st->voc_m1)),
..\SelfCode\Speex_Lib\STM32\libspeex\nb_celp.c(1137): warning:  #1035-D: single-precision operand implicitly converted to double-precision
                 exc[i]= ADD16(ADD16(MULT16_16_Q15(QCONST16(.7f,15),exc[i]) , MULT16_16_Q15(QCONST16(.3f,15),st->voc_m1)),
..\SelfCode\Speex_Lib\STM32\libspeex\nb_celp.c(1137): warning:  #1035-D: single-precision operand implicitly converted to double-precision
                 exc[i]= ADD16(ADD16(MULT16_16_Q15(QCONST16(.7f,15),exc[i]) , MULT16_16_Q15(QCONST16(.3f,15),st->voc_m1)),
..\SelfCode\Speex_Lib\STM32\libspeex\nb_celp.c(1143): warning:  #1035-D: single-precision operand implicitly converted to double-precision
                 st->voc_mean = EXTRACT16(PSHR32(ADD32(MULT16_16(QCONST16(.8f,15),st->voc_mean), MULT16_16(QCONST16(.2f,15),exc[i])), 15));
..\SelfCode\Speex_Lib\STM32\libspeex\nb_celp.c(1143): warning:  #1035-D: single-precision operand implicitly converted to double-precision
                 st->voc_mean = EXTRACT16(PSHR32(ADD32(MULT16_16(QCONST16(.8f,15),st->voc_mean), MULT16_16(QCONST16(.2f,15),exc[i])), 15));
..\SelfCode\Speex_Lib\STM32\libspeex\nb_celp.c(1231): warning:  #1035-D: single-precision operand implicitly converted to double-precision
     st->max_level = MAX16(MULT16_16_Q15(QCONST16(.99f,15), st->max_level), st->level);
..\SelfCode\Speex_Lib\STM32\libspeex\nb_celp.c(1231): warning:  #1035-D: single-precision operand implicitly converted to double-precision
     st->max_level = MAX16(MULT16_16_Q15(QCONST16(.99f,15), st->max_level), st->level);
..\SelfCode\Speex_Lib\STM32\libspeex\nb_celp.c(1232): warning:  #1035-D: single-precision operand implicitly converted to double-precision
     st->min_level = MIN16(ADD16(1,MULT16_16_Q14(QCONST16(1.01f,14), st->min_level)), st->level);
..\SelfCode\Speex_Lib\STM32\libspeex\nb_celp.c(1232): warning:  #1035-D: single-precision operand implicitly converted to double-precision
     st->min_level = MIN16(ADD16(1,MULT16_16_Q14(QCONST16(1.01f,14), st->min_level)), st->level);
..\SelfCode\Speex_Lib\STM32\libspeex\nb_celp.c(1385): warning:  #1035-D: single-precision operand implicitly converted to double-precision
              st->old_lsp[i]= DIV32(MULT16_16(QCONST16(3.1415927f, LSP_SHIFT), i+1), st->lpcSize+1);
..\SelfCode\Speex_Lib\STM32\libspeex\nb_celp.c: 17 warnings, 0 errors
linking...
Program Size: Code=63816 RO-data=6324 RW-data=420 ZI-data=1229692  
FromELF: creating hex file...
"Radio_Rebuild_Stm32CubeMX\Radio_Rebuild_Stm32CubeMX.axf" - 0 Error(s), 47 Warning(s).

<h2>Software Packages used:</h2>

Package Vendor: ARM
                http://www.keil.com/pack/ARM.CMSIS.5.4.0.pack
                ARM.CMSIS.5.4.0
                CMSIS (Cortex Microcontroller Software Interface Standard)
   * Component: CORE Version: 5.1.2

Package Vendor: Keil
                http://www.keil.com/pack/Keil.STM32F4xx_DFP.2.13.0.pack
                Keil.STM32F4xx_DFP.2.13.0
                STMicroelectronics STM32F4 Series Device Support, Drivers and Examples

<h2>Collection of Component include folders:</h2>
  .\RTE\_Radio_Rebuild_Stm32CubeMX
  C:\Keil_v5\ARM\PACK\ARM\CMSIS\5.4.0\CMSIS\Core\Include
  C:\Keil_v5\ARM\PACK\Keil\STM32F4xx_DFP\2.13.0\Drivers\CMSIS\Device\ST\STM32F4xx\Include

<h2>Collection of Component Files used:</h2>

   * Component: ARM::CMSIS:CORE:5.1.2
Build Time Elapsed:  00:00:31
</pre>
</body>
</html>
