Component: ARM Compiler 5.06 update 6 (build 750) Tool: armlink [4d35ed]

==============================================================================

Section Cross References

    startup_stm32f411xe.o(RESET) refers to startup_stm32f411xe.o(STACK) for __initial_sp
    startup_stm32f411xe.o(RESET) refers to startup_stm32f411xe.o(.text) for Reset_Handler
    startup_stm32f411xe.o(RESET) refers to stm32f4xx_it.o(i.NMI_Handler) for NMI_Handler
    startup_stm32f411xe.o(RESET) refers to stm32f4xx_it.o(i.HardFault_Handler) for HardFault_Handler
    startup_stm32f411xe.o(RESET) refers to stm32f4xx_it.o(i.MemManage_Handler) for MemManage_Handler
    startup_stm32f411xe.o(RESET) refers to stm32f4xx_it.o(i.BusFault_Handler) for BusFault_Handler
    startup_stm32f411xe.o(RESET) refers to stm32f4xx_it.o(i.UsageFault_Handler) for UsageFault_Handler
    startup_stm32f411xe.o(RESET) refers to stm32f4xx_it.o(i.SVC_Handler) for SVC_Handler
    startup_stm32f411xe.o(RESET) refers to stm32f4xx_it.o(i.DebugMon_Handler) for DebugMon_Handler
    startup_stm32f411xe.o(RESET) refers to stm32f4xx_it.o(i.PendSV_Handler) for PendSV_Handler
    startup_stm32f411xe.o(RESET) refers to stm32f4xx_it.o(i.SysTick_Handler) for SysTick_Handler
    startup_stm32f411xe.o(RESET) refers to stm32f4xx_it.o(i.EXTI1_IRQHandler) for EXTI1_IRQHandler
    startup_stm32f411xe.o(RESET) refers to stm32f4xx_it.o(i.TIM2_IRQHandler) for TIM2_IRQHandler
    startup_stm32f411xe.o(RESET) refers to stm32f4xx_it.o(i.TIM3_IRQHandler) for TIM3_IRQHandler
    startup_stm32f411xe.o(RESET) refers to stm32f4xx_it.o(i.USART2_IRQHandler) for USART2_IRQHandler
    startup_stm32f411xe.o(RESET) refers to stm32f4xx_it.o(i.SDIO_IRQHandler) for SDIO_IRQHandler
    startup_stm32f411xe.o(RESET) refers to stm32f4xx_it.o(i.DMA2_Stream0_IRQHandler) for DMA2_Stream0_IRQHandler
    startup_stm32f411xe.o(RESET) refers to stm32f4xx_it.o(i.DMA2_Stream3_IRQHandler) for DMA2_Stream3_IRQHandler
    startup_stm32f411xe.o(RESET) refers to stm32f4xx_it.o(i.OTG_FS_IRQHandler) for OTG_FS_IRQHandler
    startup_stm32f411xe.o(RESET) refers to stm32f4xx_it.o(i.DMA2_Stream6_IRQHandler) for DMA2_Stream6_IRQHandler
    startup_stm32f411xe.o(.text) refers to system_stm32f4xx.o(i.SystemInit) for SystemInit
    startup_stm32f411xe.o(.text) refers to entry.o(.ARM.Collect$$$$00000000) for __main
    main.o(i.DataCheck) refers to main.o(i.ClearBuffer) for ClearBuffer
    main.o(i.DataCheck) refers to stm32f4xx_hal_gpio.o(i.HAL_GPIO_WritePin) for HAL_GPIO_WritePin
    main.o(i.DataCheck) refers to printf8.o(i.__0printf$8) for __2printf
    main.o(i.DataCheck) refers to stm32f4xx_hal.o(i.HAL_Delay) for HAL_Delay
    main.o(i.DataCheck) refers to main.o(i.UARTSendData) for UARTSendData
    main.o(i.DataCheck) refers to stm32f4xx_hal_gpio.o(i.HAL_GPIO_TogglePin) for HAL_GPIO_TogglePin
    main.o(i.DataCheck) refers to main.o(i.StrEqual) for StrEqual
    main.o(i.DataCheck) refers to ff.o(i.f_lseek) for f_lseek
    main.o(i.DataCheck) refers to ff.o(i.f_read) for f_read
    main.o(i.DataCheck) refers to stm32f4xx_hal_gpio.o(i.HAL_GPIO_ReadPin) for HAL_GPIO_ReadPin
    main.o(i.DataCheck) refers to main.o(.bss) for UART_BUFFER
    main.o(i.DataCheck) refers to main.o(.data) for wifi_link_check_int
    main.o(i.DataCheck) refers to fatfs_write_wav.o(.data) for speexdata_len
    main.o(i.DataCheck) refers to fatfs_write_wav.o(.bss) for speex_file
    main.o(i.MX_ADC1_Init) refers to stm32f4xx_hal_adc.o(i.HAL_ADC_Init) for HAL_ADC_Init
    main.o(i.MX_ADC1_Init) refers to main.o(i.Error_Handler) for Error_Handler
    main.o(i.MX_ADC1_Init) refers to stm32f4xx_hal_adc.o(i.HAL_ADC_ConfigChannel) for HAL_ADC_ConfigChannel
    main.o(i.MX_ADC1_Init) refers to main.o(.bss) for hadc1
    main.o(i.MX_DMA_Init) refers to stm32f4xx_hal_cortex.o(i.HAL_NVIC_SetPriority) for HAL_NVIC_SetPriority
    main.o(i.MX_DMA_Init) refers to stm32f4xx_hal_cortex.o(i.HAL_NVIC_EnableIRQ) for HAL_NVIC_EnableIRQ
    main.o(i.MX_GPIO_Init) refers to memseta.o(.text) for __aeabi_memclr4
    main.o(i.MX_GPIO_Init) refers to stm32f4xx_hal_gpio.o(i.HAL_GPIO_WritePin) for HAL_GPIO_WritePin
    main.o(i.MX_GPIO_Init) refers to stm32f4xx_hal_gpio.o(i.HAL_GPIO_Init) for HAL_GPIO_Init
    main.o(i.MX_GPIO_Init) refers to stm32f4xx_hal_cortex.o(i.HAL_NVIC_SetPriority) for HAL_NVIC_SetPriority
    main.o(i.MX_GPIO_Init) refers to stm32f4xx_hal_cortex.o(i.HAL_NVIC_EnableIRQ) for HAL_NVIC_EnableIRQ
    main.o(i.MX_NVIC_Init) refers to stm32f4xx_hal_cortex.o(i.HAL_NVIC_SetPriority) for HAL_NVIC_SetPriority
    main.o(i.MX_NVIC_Init) refers to stm32f4xx_hal_cortex.o(i.HAL_NVIC_EnableIRQ) for HAL_NVIC_EnableIRQ
    main.o(i.MX_SDIO_SD_Init) refers to main.o(.bss) for hsd
    main.o(i.MX_SPI1_Init) refers to stm32f4xx_hal_spi.o(i.HAL_SPI_Init) for HAL_SPI_Init
    main.o(i.MX_SPI1_Init) refers to main.o(i.Error_Handler) for Error_Handler
    main.o(i.MX_SPI1_Init) refers to main.o(.bss) for hspi1
[...]
    rdata                                    0x200030d0   Data       20480  fatfs_write_wav.o(.bss)
    recoder_outdata                          0x200080d0   Data       10240  fatfs_write_wav.o(.bss)
    mem1base                                 0x2000a8e0   Data       40960  malloc.o(.bss)
    mem1mapbase                              0x200148e0   Data        2560  malloc.o(.bss)
    __heap_base                              0x200152f0   Data           0  startup_stm32f411xe.o(HEAP)
    __heap_limit                             0x2001d2f0   Data           0  startup_stm32f411xe.o(HEAP)
    __initial_sp                             0x2001e2f0   Data           0  startup_stm32f411xe.o(STACK)
    mem2base                                 0x68000000   Data       983040  malloc.o(.ARM.__AT_0x68000000)
    mem2mapbase                              0x680f0000   Data       61440  malloc.o(.ARM.__AT_0x680F0000)



==============================================================================

Memory Map of the image

  Image Entry point : 0x08000199

  Load Region LR_IROM1 (Base: 0x08000000, Size: 0x00035788, Max: 0x00040000, ABSOLUTE, COMPRESSED[0x00035630])

    Execution Region ER_IROM1 (Exec base: 0x08000000, Load base: 0x08000000, Size: 0x00035534, Max: 0x00040000, ABSOLUTE)

    Exec Addr    Load Addr    Size         Type   Attr      Idx    E Section Name        Object

    0x08000000   0x08000000   0x00000198   Data   RO            3    RESET               startup_stm32f411xe.o
    0x08000198   0x08000198   0x00000000   Code   RO         9337  * .ARM.Collect$$$$00000000  mc_w.l(entry.o)
    0x08000198   0x08000198   0x00000004   Code   RO         9717    .ARM.Collect$$$$00000001  mc_w.l(entry2.o)
    0x0800019c   0x0800019c   0x00000004   Code   RO         9720    .ARM.Collect$$$$00000004  mc_w.l(entry5.o)
    0x080001a0   0x080001a0   0x00000000   Code   RO         9722    .ARM.Collect$$$$00000008  mc_w.l(entry7b.o)
    0x080001a0   0x080001a0   0x00000000   Code   RO         9724    .ARM.Collect$$$$0000000A  mc_w.l(entry8b.o)
    0x080001a0   0x080001a0   0x00000008   Code   RO         9725    .ARM.Collect$$$$0000000B  mc_w.l(entry9a.o)
    0x080001a8   0x080001a8   0x00000000   Code   RO         9727    .ARM.Collect$$$$0000000D  mc_w.l(entry10a.o)
    0x080001a8   0x080001a8   0x00000000   Code   RO         9729    .ARM.Collect$$$$0000000F  mc_w.l(entry11a.o)
    0x080001a8   0x080001a8   0x00000004   Code   RO         9718    .ARM.Collect$$$$00002712  mc_w.l(entry2.o)
    0x080001ac   0x080001ac   0x000001f0   Code   RO         8218    .emb_text           filters.o
    0x0800039c   0x0800039c   0x0000023e   Code   RO         8351    .emb_text           ltp.o
    0x080005da   0x080005da   0x00000002   PAD
    0x080005dc   0x080005dc   0x000000aa   Code   RO         8684    .emb_text           vq.o
    0x08000686   0x08000686   0x00000002   PAD
    0x08000688   0x08000688   0x00000024   Code   RO            4    .text               startup_stm32f411xe.o
    0x080006ac   0x080006ac   0x00000062   Code   RO         9340    .text               mc_w.l(uldiv.o)
    0x0800070e   0x0800070e   0x00000062   Code   RO         9342    .text               mc_w.l(ldiv.o)
    0x08000770   0x08000770   0x00000024   Code   RO         9344    .text               mc_w.l(rand.o)
    0x08000794   0x08000794   0x00000040   Code   RO         9349    .text               mc_w.l(memmovea.o)
    0x080007d4   0x080007d4   0x00000024   Code   RO         9351    .text               mc_w.l(memseta.o)
    0x080007f8   0x080007f8   0x00000024   Code   RO         9353    .text               mc_w.l(strstr.o)
    0x0800081c   0x0800081c   0x0000000e   Code   RO         9355    .text               mc_w.l(strlen.o)
    0x0800082a   0x0800082a   0x0000001a   Code   RO         9357    .text               mc_w.l(memcmp.o)
    0x08000844   0x08000844   0x0000001a   Code   RO         9652    .text               mc_w.l(atoi.o)
    0x0800085e   0x0800085e   0x0000001e   Code   RO         9734    .text               mc_w.l(llshl.o)
    0x0800087c   0x0800087c   0x00000020   Code   RO         9736    .text               mc_w.l(llushr.o)
    0x0800089c   0x0800089c   0x00000070   Code   RO         9749    .text               mc_w.l(strtol.o)
    0x0800090c   0x0800090c   0x00000024   Code   RO         9762    .text               mc_w.l(init.o)
    0x08000930   0x08000930   0x00000008   Code   RO         9764    .text               mc_w.l(ctype_o.o)
    0x08000938   0x08000938   0x0000009e   Code   RO         9792    .text               mc_w.l(_strtoul.o)
    0x080009d6   0x080009d6   0x0000001c   Code   RO         9798    .text               mc_w.l(_chval.o)
    0x080009f2   0x080009f2   0x00000056   Code   RO         9808    .text               mc_w.l(__dczerorl2.o)
    0x08000a48   0x08000a48   0x000000c4   Code   RO         8332    ei.fir_mem16        filters.o
    0x08000b0c   0x08000b0c   0x0000007e   Code   RO         1954    i.ADC_DMAConvCplt   stm32f4xx_hal_adc.o
    0x08000b8a   0x08000b8a   0x0000001a   Code   RO         1955    i.ADC_DMAError      stm32f4xx_hal_adc.o
    0x08000ba4   0x08000ba4   0x0000000e   Code   RO         1956    i.ADC_DMAHalfConvCplt  stm32f4xx_hal_adc.o
    0x08000bb2   0x08000bb2   0x00000002   PAD
    0x08000bb4   0x08000bb4   0x00000160   Code   RO         1957    i.ADC_Init          stm32f4xx_hal_adc.o
    0x08000d14   0x08000d14   0x00000002   Code   RO          407    i.BSP_SD_AbortCallback  bsp_driver_sd.o
    0x08000d16   0x08000d16   0x00000002   PAD
    0x08000d18   0x08000d18   0x00000014   Code   RO          413    i.BSP_SD_GetCardInfo  bsp_driver_sd.o
    0x08000d2c   0x08000d2c   0x00000018   Code   RO          414    i.BSP_SD_GetCardState  bsp_driver_sd.o
    0x08000d44   0x08000d44   0x00000030   Code   RO          417    i.BSP_SD_Init       bsp_driver_sd.o
    0x08000d74   0x08000d74   0x0000000c   Code   RO          418    i.BSP_SD_IsDetected  bsp_driver_sd.o
    0x08000d80   0x08000d80   0x00000028   Code   RO          420    i.BSP_SD_ReadBlocks_DMA  bsp_driver_sd.o
    0x08000da8   0x08000da8   0x0000000c   Code   RO          564    i.BSP_SD_ReadCpltCallback  sd_diskio.o
    0x08000db4   0x08000db4   0x00000028   Code   RO          423    i.BSP_SD_WriteBlocks_DMA  bsp_driver_sd.o
    0x08000ddc   0x08000ddc   0x0000000c   Code   RO          565    i.BSP_SD_WriteCpltCallback  sd_diskio.o
    0x08000de8   0x08000de8   0x00000004   Code   RO         1097    i.BusFault_Handler  stm32f4xx_it.o
    0x08000dec   0x08000dec   0x00000014   Code   RO           13    i.ClearBuffer       main.o
    0x08000e00   0x08000e00   0x00000010   Code   RO         1098    i.DMA2_Stream0_IRQHandler  stm32f4xx_it.o
    0x08000e10   0x08000e10   0x00000010   Code   RO         1099    i.DMA2_Stream3_IRQHandler  stm32f4xx_it.o
    0x08000e20   0x08000e20   0x00000010   Code   RO         1100    i.DMA2_Stream6_IRQHandler  stm32f4xx_it.o
    0x08000e30   0x08000e30   0x00000034   Code   RO         4920    i.DMA_CalcBaseAndBitshift  stm32f4xx_hal_dma.o
    0x08000e64   0x08000e64   0x000000aa   Code   RO         4921    i.DMA_CheckFifoParam  stm32f4xx_hal_dma.o
    0x08000f0e   0x08000f0e   0x0000002c   Code   RO         4922    i.DMA_SetConfig     stm32f4xx_hal_dma.o
    0x08000f3a   0x08000f3a   0x00000002   PAD
    0x08000f3c   0x08000f3c   0x000004c8   Code   RO           14    i.DataCheck         main.o
    0x08001404   0x08001404   0x00000002   Code   RO         1101    i.DebugMon_Handler  stm32f4xx_it.o
    0x08001406   0x08001406   0x0000000a   Code   RO         1102    i.EXTI1_IRQHandler  stm32f4xx_it.o
    0x08001410   0x08001410   0x00000002   Code   RO           15    i.Error_Handler     main.o
    0x08001412   0x08001412   0x00000012   Code   RO         6093    i.FATFS_LinkDriver  ff_gen_drv.o
    0x08001424   0x08001424   0x00000054   Code   RO         6094    i.FATFS_LinkDriverEx  ff_gen_drv.o
    0x08001478   0x08001478   0x0000005c   Code   RO         4632    i.FLASH_Erase_Sector  stm32f4xx_hal_flash_ex.o
    0x080014d4   0x080014d4   0x00000078   Code   RO         4633    i.FLASH_FlushCaches  stm32f4xx_hal_flash_ex.o
    0x0800154c   0x0800154c   0x00000030   Code   RO         4634    i.FLASH_MassErase   stm32f4xx_hal_flash_ex.o
    0x0800157c   0x0800157c   0x00000024   Code   RO         4514    i.FLASH_Program_Byte  stm32f4xx_hal_flash.o
    0x080015a0   0x080015a0   0x0000002c   Code   RO         4515    i.FLASH_Program_DoubleWord  stm32f4xx_hal_flash.o
    0x080015cc   0x080015cc   0x00000028   Code   RO         4516    i.FLASH_Program_HalfWord  stm32f4xx_hal_flash.o
    0x080015f4   0x080015f4   0x00000028   Code   RO         4517    i.FLASH_Program_Word  stm32f4xx_hal_flash.o
    0x0800161c   0x0800161c   0x000000b4   Code   RO         4518    i.FLASH_SetErrorCode  stm32f4xx_hal_flash.o
    0x080016d0   0x080016d0   0x00000064   Code   RO         4519    i.FLASH_WaitForLastOperation  stm32f4xx_hal_flash.o
    0x08001734   0x08001734   0x00000034   Code   RO          945    i.Get_SerialNum     usbd_desc.o
    0x08001768   0x08001768   0x000001a4   Code   RO         1959    i.HAL_ADC_ConfigChannel  stm32f4xx_hal_adc.o
    0x0800190c   0x0800190c   0x0000001c   Code   RO         6217    i.HAL_ADC_ConvCpltCallback  fatfs_write_wav.o
    0x08001928   0x08001928   0x0000001c   Code   RO         6218    i.HAL_ADC_ConvHalfCpltCallback  fatfs_write_wav.o
    0x08001944   0x08001944   0x00000002   Code   RO         1963    i.HAL_ADC_ErrorCallback  stm32f4xx_hal_adc.o
    0x08001946   0x08001946   0x00000002   PAD
    0x08001948   0x08001948   0x00000068   Code   RO         1968    i.HAL_ADC_Init      stm32f4xx_hal_adc.o
    0x080019b0   0x080019b0   0x000000c8   Code   RO         1279    i.HAL_ADC_MspInit   stm32f4xx_hal_msp.o
    0x08001a78   0x08001a78   0x0000014c   Code   RO         1975    i.HAL_ADC_Start_DMA  stm32f4xx_hal_adc.o
    0x08001bc4   0x08001bc4   0x0000006c   Code   RO         1978    i.HAL_ADC_Stop_DMA  stm32f4xx_hal_adc.o
    0x08001c30   0x08001c30   0x000000aa   Code   RO         4923    i.HAL_DMA_Abort     stm32f4xx_hal_dma.o
    0x08001cda   0x08001cda   0x00000028   Code   RO         4924    i.HAL_DMA_Abort_IT  stm32f4xx_hal_dma.o
    0x08001d02   0x08001d02   0x00000002   PAD
    0x08001d04   0x08001d04   0x00000240   Code   RO         4928    i.HAL_DMA_IRQHandler  stm32f4xx_hal_dma.o
    0x08001f44   0x08001f44   0x000000ec   Code   RO         4929    i.HAL_DMA_Init      stm32f4xx_hal_dma.o
    0x08002030   0x08002030   0x0000009e   Code   RO         4933    i.HAL_DMA_Start_IT  stm32f4xx_hal_dma.o
    0x080020ce   0x080020ce   0x00000002   PAD
    0x080020d0   0x080020d0   0x00000028   Code   RO         5371    i.HAL_Delay         stm32f4xx_hal.o
    0x080020f8   0x080020f8   0x000000ac   Code   RO         4648    i.HAL_FLASHEx_Erase  stm32f4xx_hal_flash_ex.o
    0x080021a4   0x080021a4   0x00000014   Code   RO         4523    i.HAL_FLASH_Lock    stm32f4xx_hal_flash.o
    0x080021b8   0x080021b8   0x00000098   Code   RO         4528    i.HAL_FLASH_Program  stm32f4xx_hal_flash.o
    0x08002250   0x08002250   0x00000034   Code   RO         4530    i.HAL_FLASH_Unlock  stm32f4xx_hal_flash.o
    0x08002284   0x08002284   0x00000138   Code   RO         4813    i.HAL_GPIO_DeInit   stm32f4xx_hal_gpio.o
    0x080023bc   0x080023bc   0x00000024   Code   RO         1103    i.HAL_GPIO_EXTI_Callback  stm32f4xx_it.o
    0x080023e0   0x080023e0   0x0000001c   Code   RO         4815    i.HAL_GPIO_EXTI_IRQHandler  stm32f4xx_hal_gpio.o
    0x080023fc   0x080023fc   0x000001d4   Code   RO         4816    i.HAL_GPIO_Init     stm32f4xx_hal_gpio.o
    0x080025d0   0x080025d0   0x00000010   Code   RO         4818    i.HAL_GPIO_ReadPin  stm32f4xx_hal_gpio.o
    0x080025e0   0x080025e0   0x00000012   Code   RO         4819    i.HAL_GPIO_TogglePin  stm32f4xx_hal_gpio.o
    0x080025f2   0x080025f2   0x0000000c   Code   RO         4820    i.HAL_GPIO_WritePin  stm32f4xx_hal_gpio.o
    0x080025fe   0x080025fe   0x00000002   PAD
    0x08002600   0x08002600   0x0000000c   Code   RO         5377    i.HAL_GetTick       stm32f4xx_hal.o
    0x0800260c   0x0800260c   0x0000000c   Code   RO         5380    i.HAL_GetUIDw0      stm32f4xx_hal.o
    0x08002618   0x08002618   0x0000000c   Code   RO         5381    i.HAL_GetUIDw1      stm32f4xx_hal.o
    0x08002624   0x08002624   0x0000000c   Code   RO         5382    i.HAL_GetUIDw2      stm32f4xx_hal.o
    0x08002630   0x08002630   0x00000018   Code   RO         5383    i.HAL_IncTick       stm32f4xx_hal.o
    0x08002648   0x08002648   0x0000003c   Code   RO         5384    i.HAL_Init          stm32f4xx_hal.o
    0x08002684   0x08002684   0x0000004c   Code   RO         5385    i.HAL_InitTick      stm32f4xx_hal.o
    0x080026d0   0x080026d0   0x00000048   Code   RO         1280    i.HAL_MspInit       stm32f4xx_hal_msp.o
    0x08002718   0x08002718   0x00000044   Code   RO         5228    i.HAL_NVIC_DisableIRQ  stm32f4xx_hal_cortex.o
    0x0800275c   0x0800275c   0x00000020   Code   RO         5229    i.HAL_NVIC_EnableIRQ  stm32f4xx_hal_cortex.o
    0x0800277c   0x0800277c   0x0000007c   Code   RO         5235    i.HAL_NVIC_SetPriority  stm32f4xx_hal_cortex.o
    0x080027f8   0x080027f8   0x00000028   Code   RO         5236    i.HAL_NVIC_SetPriorityGrouping  stm32f4xx_hal_cortex.o
    0x08002820   0x08002820   0x00000002   Code   RO         1607    i.HAL_PCDEx_LPM_Callback  stm32f4xx_hal_pcd_ex.o
    0x08002822   0x08002822   0x0000000a   Code   RO         1608    i.HAL_PCDEx_SetRxFiFo  stm32f4xx_hal_pcd_ex.o
    0x0800282c   0x0800282c   0x0000004e   Code   RO         1609    i.HAL_PCDEx_SetTxFiFo  stm32f4xx_hal_pcd_ex.o
    0x0800287a   0x0800287a   0x0000000e   Code   RO          750    i.HAL_PCD_ConnectCallback  usbd_conf.o
    0x08002888   0x08002888   0x00000020   Code   RO          751    i.HAL_PCD_DataInStageCallback  usbd_conf.o
    0x080028a8   0x080028a8   0x00000020   Code   RO          752    i.HAL_PCD_DataOutStageCallback  usbd_conf.o
    0x080028c8   0x080028c8   0x00000026   Code   RO         1386    i.HAL_PCD_DeInit    stm32f4xx_hal_pcd.o
    0x080028ee   0x080028ee   0x0000000e   Code   RO          753    i.HAL_PCD_DisconnectCallback  usbd_conf.o
    0x080028fc   0x080028fc   0x0000006a   Code   RO         1390    i.HAL_PCD_EP_Close  stm32f4xx_hal_pcd.o
    0x08002966   0x08002966   0x0000007c   Code   RO         1391    i.HAL_PCD_EP_ClrStall  stm32f4xx_hal_pcd.o
    0x080029e2   0x080029e2   0x00000044   Code   RO         1392    i.HAL_PCD_EP_Flush  stm32f4xx_hal_pcd.o
    0x08002a26   0x08002a26   0x00000016   Code   RO         1393    i.HAL_PCD_EP_GetRxCount  stm32f4xx_hal_pcd.o
    0x08002a3c   0x08002a3c   0x0000008c   Code   RO         1394    i.HAL_PCD_EP_Open   stm32f4xx_hal_pcd.o
    0x08002ac8   0x08002ac8   0x00000058   Code   RO         1395    i.HAL_PCD_EP_Receive  stm32f4xx_hal_pcd.o
    0x08002b20   0x08002b20   0x0000008a   Code   RO         1396    i.HAL_PCD_EP_SetStall  stm32f4xx_hal_pcd.o
    0x08002baa   0x08002baa   0x0000005a   Code   RO         1397    i.HAL_PCD_EP_Transmit  stm32f4xx_hal_pcd.o
    0x08002c04   0x08002c04   0x0000053e   Code   RO         1399    i.HAL_PCD_IRQHandler  stm32f4xx_hal_pcd.o
    0x08003142   0x08003142   0x00000012   Code   RO          754    i.HAL_PCD_ISOINIncompleteCallback  usbd_conf.o
    0x08003154   0x08003154   0x00000012   Code   RO          755    i.HAL_PCD_ISOOUTIncompleteCallback  usbd_conf.o
    0x08003166   0x08003166   0x00000166   Code   RO         1402    i.HAL_PCD_Init      stm32f4xx_hal_pcd.o
    0x080032cc   0x080032cc   0x00000034   Code   RO          756    i.HAL_PCD_MspDeInit  usbd_conf.o
    0x08003300   0x08003300   0x000000a0   Code   RO          757    i.HAL_PCD_MspInit   usbd_conf.o
    0x080033a0   0x080033a0   0x00000024   Code   RO          758    i.HAL_PCD_ResetCallback  usbd_conf.o
    0x080033c4   0x080033c4   0x0000000e   Code   RO          759    i.HAL_PCD_ResumeCallback  usbd_conf.o
    0x080033d2   0x080033d2   0x0000000e   Code   RO          760    i.HAL_PCD_SOFCallback  usbd_conf.o
    0x080033e0   0x080033e0   0x00000036   Code   RO         1408    i.HAL_PCD_SetAddress  stm32f4xx_hal_pcd.o
    0x08003416   0x08003416   0x00000012   Code   RO          761    i.HAL_PCD_SetupStageCallback  usbd_conf.o
    0x08003428   0x08003428   0x0000004a   Code   RO         1410    i.HAL_PCD_Start     stm32f4xx_hal_pcd.o
    0x08003472   0x08003472   0x0000004a   Code   RO         1411    i.HAL_PCD_Stop      stm32f4xx_hal_pcd.o
    0x080034bc   0x080034bc   0x00000034   Code   RO          762    i.HAL_PCD_SuspendCallback  usbd_conf.o
    0x080034f0   0x080034f0   0x00000180   Code   RO         4353    i.HAL_RCC_ClockConfig  stm32f4xx_hal_rcc.o
    0x08003670   0x08003670   0x0000000c   Code   RO         4358    i.HAL_RCC_GetHCLKFreq  stm32f4xx_hal_rcc.o
    0x0800367c   0x0800367c   0x00000020   Code   RO         4360    i.HAL_RCC_GetPCLK1Freq  stm32f4xx_hal_rcc.o
    0x0800369c   0x0800369c   0x00000020   Code   RO         4361    i.HAL_RCC_GetPCLK2Freq  stm32f4xx_hal_rcc.o
    0x080036bc   0x080036bc   0x000000b0   Code   RO         4362    i.HAL_RCC_GetSysClockFreq  stm32f4xx_hal_rcc.o
    0x0800376c   0x0800376c   0x00000448   Code   RO         4365    i.HAL_RCC_OscConfig  stm32f4xx_hal_rcc.o
    0x08003bb4   0x08003bb4   0x0000000a   Code   RO          425    i.HAL_SD_AbortCallback  bsp_driver_sd.o
    0x08003bbe   0x08003bbe   0x000000a8   Code   RO         2508    i.HAL_SD_ConfigWideBusOperation  stm32f4xx_hal_sd.o
    0x08003c66   0x08003c66   0x00000002   Code   RO         2511    i.HAL_SD_ErrorCallback  stm32f4xx_hal_sd.o
    0x08003c68   0x08003c68   0x000001f0   Code   RO         2513    i.HAL_SD_GetCardCSD  stm32f4xx_hal_sd.o
    0x08003e58   0x08003e58   0x00000026   Code   RO         2514    i.HAL_SD_GetCardInfo  stm32f4xx_hal_sd.o
    0x08003e7e   0x08003e7e   0x00000028   Code   RO         2515    i.HAL_SD_GetCardState  stm32f4xx_hal_sd.o
    0x08003ea6   0x08003ea6   0x00000002   PAD
    0x08003ea8   0x08003ea8   0x00000200   Code   RO         2519    i.HAL_SD_IRQHandler  stm32f4xx_hal_sd.o
    0x080040a8   0x080040a8   0x00000036   Code   RO         2520    i.HAL_SD_Init       stm32f4xx_hal_sd.o
    0x080040de   0x080040de   0x00000002   PAD
    0x080040e0   0x080040e0   0x00000084   Code   RO         2521    i.HAL_SD_InitCard   stm32f4xx_hal_sd.o
    0x08004164   0x08004164   0x00000190   Code   RO         1282    i.HAL_SD_MspInit    stm32f4xx_hal_msp.o
    0x080042f4   0x080042f4   0x0000024c   Code   RO         2524    i.HAL_SD_ReadBlocks  stm32f4xx_hal_sd.o
    0x08004540   0x08004540   0x00000128   Code   RO         2525    i.HAL_SD_ReadBlocks_DMA  stm32f4xx_hal_sd.o
    0x08004668   0x08004668   0x0000000a   Code   RO          426    i.HAL_SD_RxCpltCallback  bsp_driver_sd.o
    0x08004672   0x08004672   0x0000000a   Code   RO          427    i.HAL_SD_TxCpltCallback  bsp_driver_sd.o
    0x0800467c   0x0800467c   0x00000204   Code   RO         2529    i.HAL_SD_WriteBlocks  stm32f4xx_hal_sd.o
    0x08004880   0x08004880   0x00000128   Code   RO         2530    i.HAL_SD_WriteBlocks_DMA  stm32f4xx_hal_sd.o
    0x080049a8   0x080049a8   0x0000008c   Code   RO         2771    i.HAL_SPI_Init      stm32f4xx_hal_spi.o
    0x08004a34   0x08004a34   0x000000c4   Code   RO         1284    i.HAL_SPI_MspInit   stm32f4xx_hal_msp.o
    0x08004af8   0x08004af8   0x0000022a   Code   RO         2780    i.HAL_SPI_TransmitReceive  stm32f4xx_hal_spi.o
    0x08004d22   0x08004d22   0x00000034   Code   RO         5240    i.HAL_SYSTICK_Config  stm32f4xx_hal_cortex.o
    0x08004d56   0x08004d56   0x00000002   Code   RO         3770    i.HAL_TIMEx_BreakCallback  stm32f4xx_hal_tim_ex.o
    0x08004d58   0x08004d58   0x00000002   Code   RO         3771    i.HAL_TIMEx_CommutCallback  stm32f4xx_hal_tim_ex.o
    0x08004d5a   0x08004d5a   0x00000054   Code   RO         3788    i.HAL_TIMEx_MasterConfigSynchronization  stm32f4xx_hal_tim_ex.o
    0x08004dae   0x08004dae   0x00000034   Code   RO         3084    i.HAL_TIM_Base_Init  stm32f4xx_hal_tim.o
    0x08004de2   0x08004de2   0x00000002   PAD
    0x08004de4   0x08004de4   0x00000080   Code   RO         1286    i.HAL_TIM_Base_MspInit  stm32f4xx_hal_msp.o
    0x08004e64   0x08004e64   0x0000002a   Code   RO         3087    i.HAL_TIM_Base_Start  stm32f4xx_hal_tim.o
    0x08004e8e   0x08004e8e   0x0000002a   Code   RO         3089    i.HAL_TIM_Base_Start_IT  stm32f4xx_hal_tim.o
    0x08004eb8   0x08004eb8   0x00000038   Code   RO         3090    i.HAL_TIM_Base_Stop  stm32f4xx_hal_tim.o
    0x08004ef0   0x08004ef0   0x00000108   Code   RO         3093    i.HAL_TIM_ConfigClockSource  stm32f4xx_hal_tim.o
    0x08004ff8   0x08004ff8   0x00000002   Code   RO         3113    i.HAL_TIM_IC_CaptureCallback  stm32f4xx_hal_tim.o
    0x08004ffa   0x08004ffa   0x00000196   Code   RO         3127    i.HAL_TIM_IRQHandler  stm32f4xx_hal_tim.o
    0x08005190   0x08005190   0x00000002   Code   RO         3130    i.HAL_TIM_OC_DelayElapsedCallback  stm32f4xx_hal_tim.o
    0x08005192   0x08005192   0x00000002   Code   RO         3157    i.HAL_TIM_PWM_PulseFinishedCallback  stm32f4xx_hal_tim.o
    0x08005194   0x08005194   0x00000088   Code   RO         1104    i.HAL_TIM_PeriodElapsedCallback  stm32f4xx_it.o
    0x0800521c   0x0800521c   0x00000002   Code   RO         3170    i.HAL_TIM_TriggerCallback  stm32f4xx_hal_tim.o
    0x0800521e   0x0800521e   0x0000003a   Code   RO         4041    i.HAL_UART_DeInit   stm32f4xx_hal_uart.o
    0x08005258   0x08005258   0x00000072   Code   RO         4046    i.HAL_UART_Init     stm32f4xx_hal_uart.o
    0x080052ca   0x080052ca   0x00000002   PAD
    0x080052cc   0x080052cc   0x00000034   Code   RO         1287    i.HAL_UART_MspDeInit  stm32f4xx_hal_msp.o
    0x08005300   0x08005300   0x00000088   Code   RO         1288    i.HAL_UART_MspInit  stm32f4xx_hal_msp.o
    0x08005388   0x08005388   0x00000070   Code   RO         4051    i.HAL_UART_Receive_IT  stm32f4xx_hal_uart.o
    0x080053f8   0x080053f8   0x000000d6   Code   RO         4054    i.HAL_UART_Transmit  stm32f4xx_hal_uart.o
    0x080054ce   0x080054ce   0x00000004   Code   RO         1106    i.HardFault_Handler  stm32f4xx_it.o
    0x080054d2   0x080054d2   0x00000002   PAD
    0x080054d4   0x080054d4   0x00000058   Code   RO         7446    i.IIC_Ack           myiic.o
    0x0800552c   0x0800552c   0x0000001c   Code   RO         7447    i.IIC_Init          myiic.o
    0x08005548   0x08005548   0x00000058   Code   RO         7448    i.IIC_NAck          myiic.o
    0x080055a0   0x080055a0   0x00000070   Code   RO         7449    i.IIC_Read_Byte     myiic.o
    0x08005610   0x08005610   0x00000070   Code   RO         7450    i.IIC_Send_Byte     myiic.o
    0x08005680   0x08005680   0x00000058   Code   RO         7451    i.IIC_Start         myiic.o
    0x080056d8   0x080056d8   0x00000054   Code   RO         7452    i.IIC_Stop          myiic.o
    0x0800572c   0x0800572c   0x0000006c   Code   RO         7453    i.IIC_Wait_Ack      myiic.o
    0x08005798   0x08005798   0x0000003e   Code   RO          946    i.IntToUnicode      usbd_desc.o
    0x080057d6   0x080057d6   0x0000007a   Code   RO         6824    i.MPU_Init          mpu6050.o
    0x08005850   0x08005850   0x0000003a   Code   RO         6825    i.MPU_Read_Byte     mpu6050.o
    0x0800588a   0x0800588a   0x00000074   Code   RO         6826    i.MPU_Read_Len      mpu6050.o
    0x080058fe   0x080058fe   0x00000010   Code   RO         6827    i.MPU_Set_Accel_Fsr  mpu6050.o
    0x0800590e   0x0800590e   0x00000010   Code   RO         6828    i.MPU_Set_Gyro_Fsr  mpu6050.o
    0x0800591e   0x0800591e   0x0000003a   Code   RO         6829    i.MPU_Set_LPF       mpu6050.o
    0x08005958   0x08005958   0x0000003a   Code   RO         6830    i.MPU_Set_Rate      mpu6050.o
    0x08005992   0x08005992   0x00000044   Code   RO         6831    i.MPU_Write_Byte    mpu6050.o
    0x080059d6   0x080059d6   0x00000060   Code   RO         6832    i.MPU_Write_Len     mpu6050.o
    0x08005a36   0x08005a36   0x00000042   Code   RO         9111    i.MSC_BOT_Abort     usbd_msc_bot.o
    0x08005a78   0x08005a78   0x000000dc   Code   RO         9112    i.MSC_BOT_CBW_Decode  usbd_msc_bot.o
    0x08005b54   0x08005b54   0x0000003c   Code   RO         9113    i.MSC_BOT_CplClrFeature  usbd_msc_bot.o
    0x08005b90   0x08005b90   0x0000004a   Code   RO         9114    i.MSC_BOT_DataIn    usbd_msc_bot.o
    0x08005bda   0x08005bda   0x00000040   Code   RO         9115    i.MSC_BOT_DataOut   usbd_msc_bot.o
    0x08005c1a   0x08005c1a   0x0000000a   Code   RO         9116    i.MSC_BOT_DeInit    usbd_msc_bot.o
    0x08005c24   0x08005c24   0x00000040   Code   RO         9117    i.MSC_BOT_Init      usbd_msc_bot.o
    0x08005c64   0x08005c64   0x00000020   Code   RO         9118    i.MSC_BOT_Reset     usbd_msc_bot.o
    0x08005c84   0x08005c84   0x0000003c   Code   RO         9119    i.MSC_BOT_SendCSW   usbd_msc_bot.o
    0x08005cc0   0x08005cc0   0x0000004e   Code   RO         9120    i.MSC_BOT_SendData  usbd_msc_bot.o
    0x08005d0e   0x08005d0e   0x00000002   PAD
    0x08005d10   0x08005d10   0x0000006c   Code   RO           16    i.MX_ADC1_Init      main.o
    0x08005d7c   0x08005d7c   0x00000058   Code   RO           17    i.MX_DMA_Init       main.o
    0x08005dd4   0x08005dd4   0x00000030   Code   RO          651    i.MX_FATFS_Init     fatfs.o
    0x08005e04   0x08005e04   0x00000158   Code   RO           18    i.MX_GPIO_Init      main.o
    0x08005f5c   0x08005f5c   0x00000014   Code   RO           19    i.MX_NVIC_Init      main.o
    0x08005f70   0x08005f70   0x00000024   Code   RO           20    i.MX_SDIO_SD_Init   main.o
    0x08005f94   0x08005f94   0x00000044   Code   RO           21    i.MX_SPI1_Init      main.o
    0x08005fd8   0x08005fd8   0x0000006c   Code   RO           22    i.MX_TIM2_Init      main.o
    0x08006044   0x08006044   0x00000070   Code   RO           23    i.MX_TIM3_Init      main.o
    0x080060b4   0x080060b4   0x00000014   Code   RO          689    i.MX_USB_DEVICE_DeInit  usb_device.o
    0x080060c8   0x080060c8   0x0000004c   Code   RO          690    i.MX_USB_DEVICE_Init  usb_device.o
    0x08006114   0x08006114   0x00000004   Code   RO         1107    i.MemManage_Handler  stm32f4xx_it.o
    0x08006118   0x08006118   0x00000002   Code   RO         1108    i.NMI_Handler       stm32f4xx_it.o
    0x0800611a   0x0800611a   0x00000002   PAD
    0x0800611c   0x0800611c   0x00000050   Code   RO         6721    i.NRF24L01_Check    24l01.o
    0x0800616c   0x0800616c   0x00000020   Code   RO         6722    i.NRF24L01_Init     24l01.o
    0x0800618c   0x0800618c   0x0000005c   Code   RO         6723    i.NRF24L01_RX_Mode  24l01.o
    0x080061e8   0x080061e8   0x00000044   Code   RO         6724    i.NRF24L01_Read_Buf  24l01.o
    0x0800622c   0x0800622c   0x00000030   Code   RO         6725    i.NRF24L01_Read_Reg  24l01.o
    0x0800625c   0x0800625c   0x00000038   Code   RO         6726    i.NRF24L01_RxPacket  24l01.o
    0x08006294   0x08006294   0x00000044   Code   RO         6729    i.NRF24L01_Write_Buf  24l01.o
    0x080062d8   0x080062d8   0x00000030   Code   RO         6730    i.NRF24L01_Write_Reg  24l01.o
    0x08006308   0x08006308   0x0000003e   Code   RO         6524    i.OLED_Clear        oled.o
    0x08006346   0x08006346   0x00000002   PAD
    0x08006348   0x08006348   0x0000004c   Code   RO         6528    i.OLED_IIC_Start    oled.o
    0x08006394   0x08006394   0x0000003c   Code   RO         6529    i.OLED_IIC_Stop     oled.o
    0x080063d0   0x080063d0   0x0000002c   Code   RO         6530    i.OLED_IIC_Wait_Ack  oled.o
    0x080063fc   0x080063fc   0x000000dc   Code   RO         6531    i.OLED_Init         oled.o
    0x080064d8   0x080064d8   0x00000028   Code   RO         6533    i.OLED_Set_Pos      oled.o
    0x08006500   0x08006500   0x000000a4   Code   RO         6535    i.OLED_ShowChar     oled.o
    0x080065a4   0x080065a4   0x0000003a   Code   RO         6537    i.OLED_ShowString   oled.o
    0x080065de   0x080065de   0x00000018   Code   RO         6538    i.OLED_WR_Byte      oled.o
    0x080065f6   0x080065f6   0x00000002   PAD
    0x080065f8   0x080065f8   0x00000010   Code   RO         1109    i.OTG_FS_IRQHandler  stm32f4xx_it.o
    0x08006608   0x08006608   0x0000008c   Code   RO         1413    i.PCD_EP_OutSetupPacket_int  stm32f4xx_hal_pcd.o
    0x08006694   0x08006694   0x00000180   Code   RO         1414    i.PCD_EP_OutXfrComplete_int  stm32f4xx_hal_pcd.o
    0x08006814   0x08006814   0x000000b6   Code   RO         1415    i.PCD_WriteEmptyTxFifo  stm32f4xx_hal_pcd.o
    0x080068ca   0x080068ca   0x00000002   Code   RO         1110    i.PendSV_Handler    stm32f4xx_it.o
    0x080068cc   0x080068cc   0x0000003c   Code   RO           25    i.PressKey          main.o
    0x08006908   0x08006908   0x00000032   Code   RO         9210    i.SCSI_CheckAddressRange  usbd_msc_scsi.o
    0x0800693a   0x0800693a   0x00000002   PAD
    0x0800693c   0x0800693c   0x00000064   Code   RO         9211    i.SCSI_Inquiry      usbd_msc_scsi.o
    0x080069a0   0x080069a0   0x0000002c   Code   RO         9212    i.SCSI_ModeSense10  usbd_msc_scsi.o
    0x080069cc   0x080069cc   0x0000002c   Code   RO         9213    i.SCSI_ModeSense6   usbd_msc_scsi.o
    0x080069f8   0x080069f8   0x000000ee   Code   RO         9214    i.SCSI_ProcessCmd   usbd_msc_scsi.o
    0x08006ae6   0x08006ae6   0x000000b0   Code   RO         9215    i.SCSI_ProcessRead  usbd_msc_scsi.o
    0x08006b96   0x08006b96   0x000000d8   Code   RO         9216    i.SCSI_ProcessWrite  usbd_msc_scsi.o
    0x08006c6e   0x08006c6e   0x000000d2   Code   RO         9217    i.SCSI_Read10       usbd_msc_scsi.o
    0x08006d40   0x08006d40   0x00000080   Code   RO         9218    i.SCSI_ReadCapacity10  usbd_msc_scsi.o
    0x08006dc0   0x08006dc0   0x0000008a   Code   RO         9219    i.SCSI_ReadFormatCapacity  usbd_msc_scsi.o
    0x08006e4a   0x08006e4a   0x00000086   Code   RO         9220    i.SCSI_RequestSense  usbd_msc_scsi.o
    0x08006ed0   0x08006ed0   0x00000040   Code   RO         9221    i.SCSI_SenseCode    usbd_msc_scsi.o
    0x08006f10   0x08006f10   0x00000010   Code   RO         9222    i.SCSI_StartStopUnit  usbd_msc_scsi.o
    0x08006f20   0x08006f20   0x00000056   Code   RO         9223    i.SCSI_TestUnitReady  usbd_msc_scsi.o
    0x08006f76   0x08006f76   0x0000004c   Code   RO         9224    i.SCSI_Verify10     usbd_msc_scsi.o
    0x08006fc2   0x08006fc2   0x00000112   Code   RO         9225    i.SCSI_Write10      usbd_msc_scsi.o
    0x080070d4   0x080070d4   0x0000002c   Code   RO         2229    i.SDIO_ConfigData   stm32f4xx_ll_sdmmc.o
    0x08007100   0x08007100   0x00000008   Code   RO         2230    i.SDIO_GetCommandResponse  stm32f4xx_ll_sdmmc.o
    0x08007108   0x08007108   0x0000000a   Code   RO         2233    i.SDIO_GetPowerState  stm32f4xx_ll_sdmmc.o
    0x08007112   0x08007112   0x00000016   Code   RO         2234    i.SDIO_GetResponse  stm32f4xx_ll_sdmmc.o
    0x08007128   0x08007128   0x00000010   Code   RO         1111    i.SDIO_IRQHandler   stm32f4xx_it.o
    0x08007138   0x08007138   0x00000034   Code   RO         2235    i.SDIO_Init         stm32f4xx_ll_sdmmc.o
    0x0800716c   0x0800716c   0x0000000a   Code   RO         2237    i.SDIO_PowerState_ON  stm32f4xx_ll_sdmmc.o
    0x08007176   0x08007176   0x00000008   Code   RO         2238    i.SDIO_ReadFIFO     stm32f4xx_ll_sdmmc.o
    0x0800717e   0x0800717e   0x00000028   Code   RO         2239    i.SDIO_SendCommand  stm32f4xx_ll_sdmmc.o
    0x080071a6   0x080071a6   0x0000000c   Code   RO         2241    i.SDIO_WriteFIFO    stm32f4xx_ll_sdmmc.o
    0x080071b2   0x080071b2   0x0000003a   Code   RO         2242    i.SDMMC_CmdAppCommand  stm32f4xx_ll_sdmmc.o
    0x080071ec   0x080071ec   0x0000003c   Code   RO         2243    i.SDMMC_CmdAppOperCommand  stm32f4xx_ll_sdmmc.o
    0x08007228   0x08007228   0x0000003a   Code   RO         2244    i.SDMMC_CmdBlockLength  stm32f4xx_ll_sdmmc.o
    0x08007262   0x08007262   0x0000003a   Code   RO         2245    i.SDMMC_CmdBusWidth  stm32f4xx_ll_sdmmc.o
    0x0800729c   0x0800729c   0x0000002e   Code   RO         2249    i.SDMMC_CmdGoIdleState  stm32f4xx_ll_sdmmc.o
    0x080072ca   0x080072ca   0x00000036   Code   RO         2251    i.SDMMC_CmdOperCond  stm32f4xx_ll_sdmmc.o
    0x08007300   0x08007300   0x0000003a   Code   RO         2252    i.SDMMC_CmdReadMultiBlock  stm32f4xx_ll_sdmmc.o
    0x0800733a   0x0800733a   0x0000003a   Code   RO         2253    i.SDMMC_CmdReadSingleBlock  stm32f4xx_ll_sdmmc.o
    0x08007374   0x08007374   0x0000003c   Code   RO         2256    i.SDMMC_CmdSelDesel  stm32f4xx_ll_sdmmc.o
    0x080073b0   0x080073b0   0x00000034   Code   RO         2257    i.SDMMC_CmdSendCID  stm32f4xx_ll_sdmmc.o
    0x080073e4   0x080073e4   0x00000034   Code   RO         2258    i.SDMMC_CmdSendCSD  stm32f4xx_ll_sdmmc.o
    0x08007418   0x08007418   0x0000003a   Code   RO         2259    i.SDMMC_CmdSendSCR  stm32f4xx_ll_sdmmc.o
    0x08007452   0x08007452   0x0000003a   Code   RO         2260    i.SDMMC_CmdSendStatus  stm32f4xx_ll_sdmmc.o
    0x0800748c   0x0800748c   0x0000003a   Code   RO         2261    i.SDMMC_CmdSetRelAdd  stm32f4xx_ll_sdmmc.o
    0x080074c6   0x080074c6   0x00000002   PAD
    0x080074c8   0x080074c8   0x0000003c   Code   RO         2263    i.SDMMC_CmdStopTransfer  stm32f4xx_ll_sdmmc.o
    0x08007504   0x08007504   0x0000003a   Code   RO         2265    i.SDMMC_CmdWriteMultiBlock  stm32f4xx_ll_sdmmc.o
    0x0800753e   0x0800753e   0x0000003a   Code   RO         2266    i.SDMMC_CmdWriteSingleBlock  stm32f4xx_ll_sdmmc.o
    0x08007578   0x08007578   0x00000040   Code   RO         2267    i.SDMMC_GetCmdError  stm32f4xx_ll_sdmmc.o
    0x080075b8   0x080075b8   0x000001a4   Code   RO         2268    i.SDMMC_GetCmdResp1  stm32f4xx_ll_sdmmc.o
    0x0800775c   0x0800775c   0x0000005c   Code   RO         2269    i.SDMMC_GetCmdResp2  stm32f4xx_ll_sdmmc.o
    0x080077b8   0x080077b8   0x00000050   Code   RO         2270    i.SDMMC_GetCmdResp3  stm32f4xx_ll_sdmmc.o
    0x08007808   0x08007808   0x000000b0   Code   RO         2271    i.SDMMC_GetCmdResp6  stm32f4xx_ll_sdmmc.o
    0x080078b8   0x080078b8   0x00000058   Code   RO         2272    i.SDMMC_GetCmdResp7  stm32f4xx_ll_sdmmc.o
    0x08007910   0x08007910   0x00000028   Code   RO          566    i.SD_CheckStatus    sd_diskio.o
    0x08007938   0x08007938   0x00000026   Code   RO          567    i.SD_CheckStatusWithTimeout  sd_diskio.o
    0x0800795e   0x0800795e   0x0000005c   Code   RO         2532    i.SD_DMAError       stm32f4xx_hal_sd.o
    0x080079ba   0x080079ba   0x00000046   Code   RO         2533    i.SD_DMAReceiveCplt  stm32f4xx_hal_sd.o
    0x08007a00   0x08007a00   0x0000004c   Code   RO         2534    i.SD_DMARxAbort     stm32f4xx_hal_sd.o
    0x08007a4c   0x08007a4c   0x00000012   Code   RO         2535    i.SD_DMATransmitCplt  stm32f4xx_hal_sd.o
    0x08007a5e   0x08007a5e   0x0000004c   Code   RO         2536    i.SD_DMATxAbort     stm32f4xx_hal_sd.o
    0x08007aaa   0x08007aaa   0x0000012c   Code   RO         2537    i.SD_FindSCR        stm32f4xx_hal_sd.o
    0x08007bd6   0x08007bd6   0x000000fc   Code   RO         2538    i.SD_InitCard       stm32f4xx_hal_sd.o
    0x08007cd2   0x08007cd2   0x000000ee   Code   RO         2540    i.SD_PowerON        stm32f4xx_hal_sd.o
    0x08007dc0   0x08007dc0   0x00000026   Code   RO         2541    i.SD_Read_IT        stm32f4xx_hal_sd.o
    0x08007de6   0x08007de6   0x00000032   Code   RO         2543    i.SD_SendStatus     stm32f4xx_hal_sd.o
    0x08007e18   0x08007e18   0x0000006a   Code   RO         2544    i.SD_WideBus_Disable  stm32f4xx_hal_sd.o
    0x08007e82   0x08007e82   0x0000006a   Code   RO         2545    i.SD_WideBus_Enable  stm32f4xx_hal_sd.o
    0x08007eec   0x08007eec   0x00000026   Code   RO         2546    i.SD_Write_IT       stm32f4xx_hal_sd.o
    0x08007f12   0x08007f12   0x00000002   PAD
    0x08007f14   0x08007f14   0x00000020   Code   RO          568    i.SD_initialize     sd_diskio.o
    0x08007f34   0x08007f34   0x0000006c   Code   RO          569    i.SD_ioctl          sd_diskio.o
    0x08007fa0   0x08007fa0   0x00000108   Code   RO          570    i.SD_read           sd_diskio.o
    0x080080a8   0x080080a8   0x0000000c   Code   RO          571    i.SD_status         sd_diskio.o
    0x080080b4   0x080080b4   0x00000104   Code   RO          572    i.SD_write          sd_diskio.o
    0x080081b8   0x080081b8   0x00000020   Code   RO         6731    i.SPI1_ReadWriteByte  24l01.o
    0x080081d8   0x080081d8   0x00000014   Code   RO         6732    i.SPI1_SetSpeed32   24l01.o
    0x080081ec   0x080081ec   0x00000014   Code   RO         6733    i.SPI1_SetSpeed8    24l01.o
    0x08008200   0x08008200   0x0000006c   Code   RO         2809    i.SPI_EndRxTxTransaction  stm32f4xx_hal_spi.o
    0x0800826c   0x0800826c   0x000000a8   Code   RO         2814    i.SPI_WaitFlagStateUntilTimeout  stm32f4xx_hal_spi.o
    0x08008314   0x08008314   0x00000024   Code   RO         6685    i.STMFLASH_Read     stmflash.o
    0x08008338   0x08008338   0x00000006   Code   RO         6686    i.STMFLASH_ReadWord  stmflash.o
    0x0800833e   0x0800833e   0x00000002   PAD
    0x08008340   0x08008340   0x00000054   Code   RO         6687    i.STMFLASH_Write    stmflash.o
    0x08008394   0x08008394   0x00000028   Code   RO         1035    i.STORAGE_GetCapacity_FS  usbd_storage_if.o
    0x080083bc   0x080083bc   0x00000010   Code   RO         1036    i.STORAGE_GetMaxLun_FS  usbd_storage_if.o
    0x080083cc   0x080083cc   0x00000006   Code   RO         1037    i.STORAGE_Init_FS   usbd_storage_if.o
    0x080083d2   0x080083d2   0x00000006   Code   RO         1038    i.STORAGE_IsReady_FS  usbd_storage_if.o
    0x080083d8   0x080083d8   0x00000006   Code   RO         1039    i.STORAGE_IsWriteProtected_FS  usbd_storage_if.o
    0x080083de   0x080083de   0x00000002   PAD
    0x080083e0   0x080083e0   0x00000024   Code   RO         1040    i.STORAGE_Read_FS   usbd_storage_if.o
    0x08008404   0x08008404   0x00000024   Code   RO         1041    i.STORAGE_Write_FS  usbd_storage_if.o
    0x08008428   0x08008428   0x00000002   Code   RO         1112    i.SVC_Handler       stm32f4xx_it.o
    0x0800842a   0x0800842a   0x00000002   PAD
    0x0800842c   0x0800842c   0x0000056c   Code   RO           26    i.SendspeexData_and_FixWifiData  main.o
    0x08008998   0x08008998   0x00000080   Code   RO         6219    i.Speex_Init        fatfs_write_wav.o
    0x08008a18   0x08008a18   0x00000036   Code   RO           27    i.StrEqual          main.o
    0x08008a4e   0x08008a4e   0x00000008   Code   RO         1113    i.SysTick_Handler   stm32f4xx_it.o
    0x08008a56   0x08008a56   0x00000002   PAD
    0x08008a58   0x08008a58   0x000000b0   Code   RO           28    i.SystemClock_Config  main.o
    0x08008b08   0x08008b08   0x00000064   Code   RO         5620    i.SystemInit        system_stm32f4xx.o
    0x08008b6c   0x08008b6c   0x00000010   Code   RO         1114    i.TIM2_IRQHandler   stm32f4xx_it.o
    0x08008b7c   0x08008b7c   0x00000010   Code   RO         1115    i.TIM3_IRQHandler   stm32f4xx_it.o
    0x08008b8c   0x08008b8c   0x000000a4   Code   RO         3172    i.TIM_Base_SetConfig  stm32f4xx_hal_tim.o
    0x08008c30   0x08008c30   0x00000016   Code   RO         3183    i.TIM_ETR_SetConfig  stm32f4xx_hal_tim.o
    0x08008c46   0x08008c46   0x00000012   Code   RO         3184    i.TIM_ITRx_SetConfig  stm32f4xx_hal_tim.o
    0x08008c58   0x08008c58   0x00000026   Code   RO         3190    i.TIM_TI1_ConfigInputStage  stm32f4xx_hal_tim.o
    0x08008c7e   0x08008c7e   0x00000028   Code   RO         3192    i.TIM_TI2_ConfigInputStage  stm32f4xx_hal_tim.o
    0x08008ca6   0x08008ca6   0x00000002   PAD
    0x08008ca8   0x08008ca8   0x00000030   Code   RO           29    i.UARTSendData      main.o
    0x08008cd8   0x08008cd8   0x00000368   Code   RO         4073    i.UART_SetConfig    stm32f4xx_hal_uart.o
    0x08009040   0x08009040   0x0000006c   Code   RO         4075    i.UART_WaitOnFlagUntilTimeout  stm32f4xx_hal_uart.o
    0x080090ac   0x080090ac   0x000000a0   Code   RO         1116    i.USART2_IRQHandler  stm32f4xx_it.o
    0x0800914c   0x0800914c   0x0000003c   Code   RO           30    i.USART2_UART_Init  main.o
    0x08009188   0x08009188   0x00000014   Code   RO         1117    i.USART_ClearFlag   stm32f4xx_it.o
    0x0800919c   0x0800919c   0x00000020   Code   RO         1118    i.USART_ClearITPendingBit  stm32f4xx_it.o
    0x080091bc   0x080091bc   0x0000001a   Code   RO         1119    i.USART_GetFlagStatus  stm32f4xx_it.o
    0x080091d6   0x080091d6   0x00000054   Code   RO         1120    i.USART_GetITStatus  stm32f4xx_it.o
    0x0800922a   0x0800922a   0x0000000a   Code   RO         1121    i.USART_ReceiveData  stm32f4xx_it.o
    0x08009234   0x08009234   0x00000016   Code   RO         8734    i.USBD_ClrClassConfig  usbd_core.o
    0x0800924a   0x0800924a   0x0000003e   Code   RO         8872    i.USBD_ClrFeature   usbd_ctlreq.o
    0x08009288   0x08009288   0x00000018   Code   RO         8967    i.USBD_CtlContinueRx  usbd_ioreq.o
    0x080092a0   0x080092a0   0x00000018   Code   RO         8968    i.USBD_CtlContinueSendData  usbd_ioreq.o
    0x080092b8   0x080092b8   0x00000018   Code   RO         8873    i.USBD_CtlError     usbd_ctlreq.o
    0x080092d0   0x080092d0   0x0000001a   Code   RO         8970    i.USBD_CtlReceiveStatus  usbd_ioreq.o
    0x080092ea   0x080092ea   0x00000022   Code   RO         8971    i.USBD_CtlSendData  usbd_ioreq.o
    0x0800930c   0x0800930c   0x0000001a   Code   RO         8972    i.USBD_CtlSendStatus  usbd_ioreq.o
    0x08009326   0x08009326   0x00000026   Code   RO         8735    i.USBD_DeInit       usbd_core.o
    0x0800934c   0x0800934c   0x00000034   Code   RO          947    i.USBD_FS_ConfigStrDescriptor  usbd_desc.o
    0x08009380   0x08009380   0x00000010   Code   RO          948    i.USBD_FS_DeviceDescriptor  usbd_desc.o
    0x08009390   0x08009390   0x00000038   Code   RO          949    i.USBD_FS_InterfaceStrDescriptor  usbd_desc.o
    0x080093c8   0x080093c8   0x00000010   Code   RO          950    i.USBD_FS_LangIDStrDescriptor  usbd_desc.o
    0x080093d8   0x080093d8   0x0000002c   Code   RO          951    i.USBD_FS_ManufacturerStrDescriptor  usbd_desc.o
    0x08009404   0x08009404   0x0000003c   Code   RO          952    i.USBD_FS_ProductStrDescriptor  usbd_desc.o
    0x08009440   0x08009440   0x00000018   Code   RO          953    i.USBD_FS_SerialStrDescriptor  usbd_desc.o
    0x08009458   0x08009458   0x00000056   Code   RO         8874    i.USBD_GetConfig    usbd_ctlreq.o
    0x080094ae   0x080094ae   0x00000152   Code   RO         8875    i.USBD_GetDescriptor  usbd_ctlreq.o
    0x08009600   0x08009600   0x00000014   Code   RO         8876    i.USBD_GetLen       usbd_ctlreq.o
    0x08009614   0x08009614   0x0000005a   Code   RO         8877    i.USBD_GetStatus    usbd_ctlreq.o
    0x0800966e   0x0800966e   0x00000052   Code   RO         8878    i.USBD_GetString    usbd_ctlreq.o
    0x080096c0   0x080096c0   0x0000002c   Code   RO          763    i.USBD_Get_USB_Status  usbd_conf.o
    0x080096ec   0x080096ec   0x00000032   Code   RO         8736    i.USBD_Init         usbd_core.o
    0x0800971e   0x0800971e   0x00000026   Code   RO          764    i.USBD_LL_ClearStallEP  usbd_conf.o
    0x08009744   0x08009744   0x00000026   Code   RO          765    i.USBD_LL_CloseEP   usbd_conf.o
    0x0800976a   0x0800976a   0x00000100   Code   RO         8737    i.USBD_LL_DataInStage  usbd_core.o
    0x0800986a   0x0800986a   0x000000a6   Code   RO         8738    i.USBD_LL_DataOutStage  usbd_core.o
    0x08009910   0x08009910   0x0000001e   Code   RO          766    i.USBD_LL_DeInit    usbd_conf.o
    0x0800992e   0x0800992e   0x00000006   Code   RO         8739    i.USBD_LL_DevConnected  usbd_core.o
    0x08009934   0x08009934   0x0000001a   Code   RO         8740    i.USBD_LL_DevDisconnected  usbd_core.o
    0x0800994e   0x0800994e   0x00000026   Code   RO          768    i.USBD_LL_FlushEP   usbd_conf.o
    0x08009974   0x08009974   0x00000012   Code   RO          769    i.USBD_LL_GetRxDataSize  usbd_conf.o
    0x08009986   0x08009986   0x00000002   PAD
    0x08009988   0x08009988   0x00000068   Code   RO          770    i.USBD_LL_Init      usbd_conf.o
    0x080099f0   0x080099f0   0x00000038   Code   RO          771    i.USBD_LL_IsStallEP  usbd_conf.o
    0x08009a28   0x08009a28   0x00000006   Code   RO         8741    i.USBD_LL_IsoINIncomplete  usbd_core.o
    0x08009a2e   0x08009a2e   0x00000006   Code   RO         8742    i.USBD_LL_IsoOUTIncomplete  usbd_core.o
    0x08009a34   0x08009a34   0x00000030   Code   RO          772    i.USBD_LL_OpenEP    usbd_conf.o
    0x08009a64   0x08009a64   0x00000030   Code   RO          773    i.USBD_LL_PrepareReceive  usbd_conf.o
    0x08009a94   0x08009a94   0x0000005c   Code   RO         8743    i.USBD_LL_Reset     usbd_core.o
    0x08009af0   0x08009af0   0x0000000e   Code   RO         8744    i.USBD_LL_Resume    usbd_core.o
    0x08009afe   0x08009afe   0x00000022   Code   RO         8745    i.USBD_LL_SOF       usbd_core.o
    0x08009b20   0x08009b20   0x00000008   Code   RO         8746    i.USBD_LL_SetSpeed  usbd_core.o
    0x08009b28   0x08009b28   0x00000026   Code   RO          774    i.USBD_LL_SetUSBAddress  usbd_conf.o
    0x08009b4e   0x08009b4e   0x0000006e   Code   RO         8747    i.USBD_LL_SetupStage  usbd_core.o
    0x08009bbc   0x08009bbc   0x00000026   Code   RO          775    i.USBD_LL_StallEP   usbd_conf.o
    0x08009be2   0x08009be2   0x0000001e   Code   RO          776    i.USBD_LL_Start     usbd_conf.o
    0x08009c00   0x08009c00   0x0000001e   Code   RO          777    i.USBD_LL_Stop      usbd_conf.o
    0x08009c1e   0x08009c1e   0x00000014   Code   RO         8748    i.USBD_LL_Suspend   usbd_core.o
    0x08009c32   0x08009c32   0x00000030   Code   RO          778    i.USBD_LL_Transmit  usbd_conf.o
    0x08009c62   0x08009c62   0x00000012   Code   RO         9027    i.USBD_MSC_DataIn   usbd_msc.o
    0x08009c74   0x08009c74   0x00000012   Code   RO         9028    i.USBD_MSC_DataOut  usbd_msc.o
    0x08009c86   0x08009c86   0x0000003e   Code   RO         9029    i.USBD_MSC_DeInit   usbd_msc.o
    0x08009cc4   0x08009cc4   0x00000010   Code   RO         9030    i.USBD_MSC_GetDeviceQualifierDescriptor  usbd_msc.o
    0x08009cd4   0x08009cd4   0x00000010   Code   RO         9031    i.USBD_MSC_GetFSCfgDesc  usbd_msc.o
    0x08009ce4   0x08009ce4   0x00000010   Code   RO         9032    i.USBD_MSC_GetHSCfgDesc  usbd_msc.o
    0x08009cf4   0x08009cf4   0x00000010   Code   RO         9033    i.USBD_MSC_GetOtherSpeedCfgDesc  usbd_msc.o
    0x08009d04   0x08009d04   0x00000072   Code   RO         9034    i.USBD_MSC_Init     usbd_msc.o
    0x08009d76   0x08009d76   0x0000000c   Code   RO         9035    i.USBD_MSC_RegisterStorage  usbd_msc.o
    0x08009d82   0x08009d82   0x000001c4   Code   RO         9036    i.USBD_MSC_Setup    usbd_msc.o
    0x08009f46   0x08009f46   0x00000028   Code   RO         8879    i.USBD_ParseSetupRequest  usbd_ctlreq.o
    0x08009f6e   0x08009f6e   0x00000010   Code   RO         8749    i.USBD_RegisterClass  usbd_core.o
    0x08009f7e   0x08009f7e   0x00000006   Code   RO         8750    i.USBD_RunTestMode  usbd_core.o
    0x08009f84   0x08009f84   0x0000005a   Code   RO         8880    i.USBD_SetAddress   usbd_ctlreq.o
    0x08009fde   0x08009fde   0x00000022   Code   RO         8751    i.USBD_SetClassConfig  usbd_core.o
    0x0800a000   0x0800a000   0x000000e8   Code   RO         8881    i.USBD_SetConfig    usbd_ctlreq.o
    0x0800a0e8   0x0800a0e8   0x00000018   Code   RO         8882    i.USBD_SetFeature   usbd_ctlreq.o
    0x0800a100   0x0800a100   0x0000000e   Code   RO         8752    i.USBD_Start        usbd_core.o
    0x0800a10e   0x0800a10e   0x000000a2   Code   RO         8883    i.USBD_StdDevReq    usbd_ctlreq.o
    0x0800a1b0   0x0800a1b0   0x00000238   Code   RO         8884    i.USBD_StdEPReq     usbd_ctlreq.o
    0x0800a3e8   0x0800a3e8   0x0000007e   Code   RO         8885    i.USBD_StdItfReq    usbd_ctlreq.o
    0x0800a466   0x0800a466   0x00000002   PAD
    0x0800a468   0x0800a468   0x000000d0   Code   RO         1649    i.USB_ActivateEndpoint  stm32f4xx_ll_usb.o
    0x0800a538   0x0800a538   0x00000046   Code   RO         1651    i.USB_ActivateSetup  stm32f4xx_ll_usb.o
    0x0800a57e   0x0800a57e   0x00000002   PAD
    0x0800a580   0x0800a580   0x00000084   Code   RO         1653    i.USB_CoreInit      stm32f4xx_ll_usb.o
    0x0800a604   0x0800a604   0x0000004c   Code   RO         1654    i.USB_CoreReset     stm32f4xx_ll_usb.o
    0x0800a650   0x0800a650   0x000000c4   Code   RO         1657    i.USB_DeactivateEndpoint  stm32f4xx_ll_usb.o
    0x0800a714   0x0800a714   0x00000020   Code   RO         1658    i.USB_DevConnect    stm32f4xx_ll_usb.o
    0x0800a734   0x0800a734   0x00000020   Code   RO         1659    i.USB_DevDisconnect  stm32f4xx_ll_usb.o
    0x0800a754   0x0800a754   0x000001f4   Code   RO         1660    i.USB_DevInit       stm32f4xx_ll_usb.o
    0x0800a948   0x0800a948   0x0000000e   Code   RO         1661    i.USB_DisableGlobalInt  stm32f4xx_ll_usb.o
    0x0800a956   0x0800a956   0x00000002   PAD
    0x0800a958   0x0800a958   0x000001d8   Code   RO         1664    i.USB_EP0StartXfer  stm32f4xx_ll_usb.o
    0x0800ab30   0x0800ab30   0x00000070   Code   RO         1665    i.USB_EP0_OutStart  stm32f4xx_ll_usb.o
    0x0800aba0   0x0800aba0   0x0000008e   Code   RO         1666    i.USB_EPClearStall  stm32f4xx_ll_usb.o
    0x0800ac2e   0x0800ac2e   0x0000009a   Code   RO         1667    i.USB_EPSetStall    stm32f4xx_ll_usb.o
    0x0800acc8   0x0800acc8   0x00000344   Code   RO         1668    i.USB_EPStartXfer   stm32f4xx_ll_usb.o
    0x0800b00c   0x0800b00c   0x0000000e   Code   RO         1669    i.USB_EnableGlobalInt  stm32f4xx_ll_usb.o
    0x0800b01a   0x0800b01a   0x00000002   PAD
    0x0800b01c   0x0800b01c   0x0000002c   Code   RO         1670    i.USB_FlushRxFifo   stm32f4xx_ll_usb.o
    0x0800b048   0x0800b048   0x00000030   Code   RO         1671    i.USB_FlushTxFifo   stm32f4xx_ll_usb.o
    0x0800b078   0x0800b078   0x00000026   Code   RO         1673    i.USB_GetDevSpeed   stm32f4xx_ll_usb.o
    0x0800b09e   0x0800b09e   0x0000000a   Code   RO         1675    i.USB_GetMode       stm32f4xx_ll_usb.o
    0x0800b0a8   0x0800b0a8   0x00000014   Code   RO         1682    i.USB_ReadDevAllInEpInterrupt  stm32f4xx_ll_usb.o
    0x0800b0bc   0x0800b0bc   0x00000014   Code   RO         1683    i.USB_ReadDevAllOutEpInterrupt  stm32f4xx_ll_usb.o
    0x0800b0d0   0x0800b0d0   0x00000032   Code   RO         1684    i.USB_ReadDevInEPInterrupt  stm32f4xx_ll_usb.o
    0x0800b102   0x0800b102   0x0000001a   Code   RO         1685    i.USB_ReadDevOutEPInterrupt  stm32f4xx_ll_usb.o
    0x0800b11c   0x0800b11c   0x0000000a   Code   RO         1686    i.USB_ReadInterrupts  stm32f4xx_ll_usb.o
    0x0800b126   0x0800b126   0x00000022   Code   RO         1687    i.USB_ReadPacket    stm32f4xx_ll_usb.o
    0x0800b148   0x0800b148   0x00000036   Code   RO         1689    i.USB_SetCurrentMode  stm32f4xx_ll_usb.o
    0x0800b17e   0x0800b17e   0x0000002a   Code   RO         1690    i.USB_SetDevAddress  stm32f4xx_ll_usb.o
    0x0800b1a8   0x0800b1a8   0x00000012   Code   RO         1691    i.USB_SetDevSpeed   stm32f4xx_ll_usb.o
    0x0800b1ba   0x0800b1ba   0x00000002   PAD
    0x0800b1bc   0x0800b1bc   0x000000e8   Code   RO         1692    i.USB_SetTurnaroundTime  stm32f4xx_ll_usb.o
    0x0800b2a4   0x0800b2a4   0x0000005c   Code   RO         1693    i.USB_StopDevice    stm32f4xx_ll_usb.o
    0x0800b300   0x0800b300   0x0000003c   Code   RO         1695    i.USB_WritePacket   stm32f4xx_ll_usb.o
    0x0800b33c   0x0800b33c   0x00000004   Code   RO         1122    i.UsageFault_Handler  stm32f4xx_it.o
    0x0800b340   0x0800b340   0x0000007c   Code   RO         6539    i.Write_IIC_Byte    oled.o
    0x0800b3bc   0x0800b3bc   0x0000002c   Code   RO         6540    i.Write_IIC_Command  oled.o
    0x0800b3e8   0x0800b3e8   0x0000002c   Code   RO         6541    i.Write_IIC_Data    oled.o
    0x0800b414   0x0800b414   0x00000020   Code   RO         9570    i.__0printf$8       mc_w.l(printf8.o)
    0x0800b434   0x0800b434   0x00000028   Code   RO         9572    i.__0sprintf$8      mc_w.l(printf8.o)
    0x0800b45c   0x0800b45c   0x00000010   Code   RO         5242    i.__NVIC_GetPriorityGrouping  stm32f4xx_hal_cortex.o
    0x0800b46c   0x0800b46c   0x00000028   Code   RO         5243    i.__NVIC_SetPriority  stm32f4xx_hal_cortex.o
    0x0800b494   0x0800b494   0x00000008   Code   RO         9742    i.__aeabi_errno_addr  mc_w.l(errno.o)
    0x0800b49c   0x0800b49c   0x0000000e   Code   RO         9802    i.__scatterload_copy  mc_w.l(handlers.o)
    0x0800b4aa   0x0800b4aa   0x00000002   Code   RO         9803    i.__scatterload_null  mc_w.l(handlers.o)
    0x0800b4ac   0x0800b4ac   0x0000000e   Code   RO         9804    i.__scatterload_zeroinit  mc_w.l(handlers.o)
    0x0800b4ba   0x0800b4ba   0x00000002   PAD
    0x0800b4bc   0x0800b4bc   0x00000410   Code   RO         9577    i._printf_core      mc_w.l(printf8.o)
    0x0800b8cc   0x0800b8cc   0x00000024   Code   RO         9578    i._printf_post_padding  mc_w.l(printf8.o)
    0x0800b8f0   0x0800b8f0   0x0000002e   Code   RO         9579    i._printf_pre_padding  mc_w.l(printf8.o)
    0x0800b91e   0x0800b91e   0x0000000a   Code   RO         9581    i._sputc            mc_w.l(printf8.o)
    0x0800b928   0x0800b928   0x00000082   Code   RO         7790    i._spx_autocorr     lpc.o
    0x0800b9aa   0x0800b9aa   0x00000116   Code   RO         7791    i._spx_lpc          lpc.o
    0x0800bac0   0x0800bac0   0x000000c0   Code   RO         6911    i.accel_self_test   inv_mpu.o
    0x0800bb80   0x0800bb80   0x0000000e   Code   RO         6321    i.basic_free        basic_function.o
    0x0800bb8e   0x0800bb8e   0x0000000e   Code   RO         6322    i.basic_malloc      basic_function.o
    0x0800bb9c   0x0800bb9c   0x00000030   Code   RO         8219    i.bw_lpc            filters.o
    0x0800bbcc   0x0800bbcc   0x0000006c   Code   RO         7829    i.cheb_poly_eva     lsp.o
    0x0800bc38   0x0800bc38   0x00000200   Code   RO           33    i.check_firstrun    main.o
    0x0800be38   0x0800be38   0x0000007c   Code   RO         5711    i.check_fs          ff.o
    0x0800beb4   0x0800beb4   0x00000014   Code   RO         5712    i.chk_chr           ff.o
    0x0800bec8   0x0800bec8   0x0000007c   Code   RO         5713    i.chk_lock          ff.o
    0x0800bf44   0x0800bf44   0x00000028   Code   RO         5714    i.clear_lock        ff.o
    0x0800bf6c   0x0800bf6c   0x00000032   Code   RO         5715    i.clmt_clust        ff.o
    0x0800bf9e   0x0800bf9e   0x00000002   PAD
    0x0800bfa0   0x0800bfa0   0x00000010   Code   RO         6220    i.close_speex_file  fatfs_write_wav.o
    0x0800bfb0   0x0800bfb0   0x00000058   Code   RO         6221    i.close_wav_file    fatfs_write_wav.o
    0x0800c008   0x0800c008   0x0000001a   Code   RO         5716    i.clust2sect        ff.o
    0x0800c022   0x0800c022   0x00000002   PAD
    0x0800c024   0x0800c024   0x00000098   Code   RO         5717    i.cmp_lfn           ff.o
    0x0800c0bc   0x0800c0bc   0x00000434   Code   RO         8220    i.compute_impulse_response  filters.o
    0x0800c4f0   0x0800c4f0   0x0000009a   Code   RO         8221    i.compute_rms       filters.o
    0x0800c58a   0x0800c58a   0x00000134   Code   RO         8222    i.compute_rms16     filters.o
    0x0800c6be   0x0800c6be   0x000000de   Code   RO         5718    i.create_chain      ff.o
    0x0800c79c   0x0800c79c   0x0000026c   Code   RO         5719    i.create_name       ff.o
    0x0800ca08   0x0800ca08   0x00000014   Code   RO         6222    i.create_speex_file  fatfs_write_wav.o
    0x0800ca1c   0x0800ca1c   0x00000050   Code   RO         6223    i.create_wav_file   fatfs_write_wav.o
    0x0800ca6c   0x0800ca6c   0x00000044   Code   RO         5720    i.dec_lock          ff.o
    0x0800cab0   0x0800cab0   0x00000028   Code   RO         6374    i.deinitial_buffer  ringbuffer.o
    0x0800cad8   0x0800cad8   0x00000012   Code   RO         6542    i.delay_us          oled.o
    0x0800caea   0x0800caea   0x00000012   Code   RO         7454    i.delay_us_iic      myiic.o
    0x0800cafc   0x0800cafc   0x00000060   Code   RO         5721    i.dir_alloc         ff.o
    0x0800cb5c   0x0800cb5c   0x000000fc   Code   RO         5722    i.dir_find          ff.o
    0x0800cc58   0x0800cc58   0x0000010c   Code   RO         5723    i.dir_next          ff.o
    0x0800cd64   0x0800cd64   0x00000142   Code   RO         5725    i.dir_register      ff.o
    0x0800cea6   0x0800cea6   0x0000009a   Code   RO         5727    i.dir_sdi           ff.o
    0x0800cf40   0x0800cf40   0x0000002c   Code   RO         5656    i.disk_initialize   diskio.o
    0x0800cf6c   0x0800cf6c   0x00000028   Code   RO         5657    i.disk_ioctl        diskio.o
    0x0800cf94   0x0800cf94   0x00000030   Code   RO         5658    i.disk_read         diskio.o
    0x0800cfc4   0x0800cfc4   0x0000001c   Code   RO         5659    i.disk_status       diskio.o
    0x0800cfe0   0x0800cfe0   0x00000030   Code   RO         5660    i.disk_write        diskio.o
    0x0800d010   0x0800d010   0x0000003c   Code   RO         7249    i.dmp_enable_6x_lp_quat  inv_mpu_dmp_motion_driver.o
    0x0800d04c   0x0800d04c   0x0000021c   Code   RO         7250    i.dmp_enable_feature  inv_mpu_dmp_motion_driver.o
    0x0800d268   0x0800d268   0x00000058   Code   RO         7251    i.dmp_enable_gyro_cal  inv_mpu_dmp_motion_driver.o
    0x0800d2c0   0x0800d2c0   0x0000003c   Code   RO         7252    i.dmp_enable_lp_quat  inv_mpu_dmp_motion_driver.o
    0x0800d2fc   0x0800d2fc   0x00000018   Code   RO         7257    i.dmp_load_motion_driver_firmware  inv_mpu_dmp_motion_driver.o
    0x0800d314   0x0800d314   0x00000130   Code   RO         7261    i.dmp_set_accel_bias  inv_mpu_dmp_motion_driver.o
    0x0800d444   0x0800d444   0x00000070   Code   RO         7262    i.dmp_set_fifo_rate  inv_mpu_dmp_motion_driver.o
    0x0800d4b4   0x0800d4b4   0x00000130   Code   RO         7263    i.dmp_set_gyro_bias  inv_mpu_dmp_motion_driver.o
    0x0800d5e4   0x0800d5e4   0x00000138   Code   RO         7265    i.dmp_set_orientation  inv_mpu_dmp_motion_driver.o
    0x0800d71c   0x0800d71c   0x00000038   Code   RO         7268    i.dmp_set_shake_reject_thresh  inv_mpu_dmp_motion_driver.o
    0x0800d754   0x0800d754   0x00000026   Code   RO         7269    i.dmp_set_shake_reject_time  inv_mpu_dmp_motion_driver.o
    0x0800d77a   0x0800d77a   0x00000026   Code   RO         7270    i.dmp_set_shake_reject_timeout  inv_mpu_dmp_motion_driver.o
    0x0800d7a0   0x0800d7a0   0x00000046   Code   RO         7271    i.dmp_set_tap_axes  inv_mpu_dmp_motion_driver.o
    0x0800d7e6   0x0800d7e6   0x00000026   Code   RO         7272    i.dmp_set_tap_count  inv_mpu_dmp_motion_driver.o
    0x0800d80c   0x0800d80c   0x000001c0   Code   RO         7273    i.dmp_set_tap_thresh  inv_mpu_dmp_motion_driver.o
    0x0800d9cc   0x0800d9cc   0x00000026   Code   RO         7274    i.dmp_set_tap_time  inv_mpu_dmp_motion_driver.o
    0x0800d9f2   0x0800d9f2   0x00000026   Code   RO         7275    i.dmp_set_tap_time_multi  inv_mpu_dmp_motion_driver.o
    0x0800da18   0x0800da18   0x00000028   Code   RO         5728    i.enq_lock          ff.o
    0x0800da40   0x0800da40   0x0000002c   Code   RO         5729    i.f_close           ff.o
    0x0800da6c   0x0800da6c   0x000002b0   Code   RO         5733    i.f_lseek           ff.o
    0x0800dd1c   0x0800dd1c   0x00000168   Code   RO         5734    i.f_mkdir           ff.o
    0x0800de84   0x0800de84   0x00000060   Code   RO         5736    i.f_mount           ff.o
    0x0800dee4   0x0800dee4   0x0000023a   Code   RO         5737    i.f_open            ff.o
    0x0800e11e   0x0800e11e   0x00000098   Code   RO         5738    i.f_opendir         ff.o
    0x0800e1b6   0x0800e1b6   0x000001ac   Code   RO         5742    i.f_read            ff.o
    0x0800e362   0x0800e362   0x000000a0   Code   RO         5746    i.f_sync            ff.o
    0x0800e402   0x0800e402   0x000001ee   Code   RO         5749    i.f_write           ff.o
    0x0800e5f0   0x0800e5f0   0x0000007c   Code   RO         6167    i.ff_convert        cc950.o
    0x0800e66c   0x0800e66c   0x000000a4   Code   RO         6168    i.ff_wtoupper       cc950.o
    0x0800e710   0x0800e710   0x00000300   Code   RO         5750    i.find_volume       ff.o
    0x0800ea10   0x0800ea10   0x000000a2   Code   RO         5751    i.follow_path       ff.o
    0x0800eab2   0x0800eab2   0x00000002   PAD
    0x0800eab4   0x0800eab4   0x0000001c   Code   RO           34    i.fputc             main.o
    0x0800ead0   0x0800ead0   0x00000050   Code   RO         9624    i.free              mc_w.l(malloc.o)
    0x0800eb20   0x0800eb20   0x0000008c   Code   RO           35    i.gad_recorder      main.o
    0x0800ebac   0x0800ebac   0x000000cc   Code   RO         5752    i.gen_numname       ff.o
    0x0800ec78   0x0800ec78   0x000000d0   Code   RO         6912    i.get_accel_prod_shift  inv_mpu.o
    0x0800ed48   0x0800ed48   0x000000e0   Code   RO         5753    i.get_fat           ff.o
    0x0800ee28   0x0800ee28   0x00000048   Code   RO          652    i.get_fattime       fatfs.o
    0x0800ee70   0x0800ee70   0x00000048   Code   RO         5755    i.get_ldnumber      ff.o
    0x0800eeb8   0x0800eeb8   0x00000470   Code   RO         6913    i.get_st_biases     inv_mpu.o
    0x0800f328   0x0800f328   0x00000062   Code   RO         6376    i.get_unread_ptr    ringbuffer.o
    0x0800f38a   0x0800f38a   0x00000002   PAD
    0x0800f38c   0x0800f38c   0x0000011c   Code   RO         6914    i.gyro_self_test    inv_mpu.o
    0x0800f4a8   0x0800f4a8   0x000000f8   Code   RO         8223    i.highpass          filters.o
    0x0800f5a0   0x0800f5a0   0x000000bc   Code   RO         5756    i.inc_lock          ff.o
    0x0800f65c   0x0800f65c   0x00000046   Code   RO         6377    i.initial_buffer    ringbuffer.o
    0x0800f6a2   0x0800f6a2   0x00000002   PAD
    0x0800f6a4   0x0800f6a4   0x0000010c   Code   RO         6224    i.initial_recoder   fatfs_write_wav.o
    0x0800f7b0   0x0800f7b0   0x00000180   Code   RO         8224    i.interp_pitch      filters.o
    0x0800f930   0x0800f930   0x00000028   Code   RO         6915    i.inv_orientation_matrix_to_scalar  inv_mpu.o
    0x0800f958   0x0800f958   0x0000004e   Code   RO         6916    i.inv_row_2_scale   inv_mpu.o
    0x0800f9a6   0x0800f9a6   0x00000026   Code   RO         5757    i.ld_clust          ff.o
    0x0800f9cc   0x0800f9cc   0x00000018   Code   RO         5758    i.ld_dword          ff.o
    0x0800f9e4   0x0800f9e4   0x0000000c   Code   RO         5759    i.ld_word           ff.o
    0x0800f9f0   0x0800f9f0   0x00000280   Code   RO         7830    i.lpc_to_lsp        lsp.o
    0x0800fc70   0x0800fc70   0x0000007e   Code   RO         7831    i.lsp_enforce_margin  lsp.o
    0x0800fcee   0x0800fcee   0x0000005c   Code   RO         7832    i.lsp_interpolate   lsp.o
    0x0800fd4a   0x0800fd4a   0x00000002   PAD
    0x0800fd4c   0x0800fd4c   0x0000028c   Code   RO         8618    i.lsp_quant_lbr     quant_lsp.o
    0x0800ffd8   0x0800ffd8   0x00000358   Code   RO         7833    i.lsp_to_lpc        lsp.o
    0x08010330   0x08010330   0x000000b8   Code   RO         8621    i.lsp_unquant_lbr   quant_lsp.o
    0x080103e8   0x080103e8   0x00001ab4   Code   RO           36    i.main              main.o
    0x08011e9c   0x08011e9c   0x0000006c   Code   RO         9625    i.malloc            mc_w.l(malloc.o)
    0x08011f08   0x08011f08   0x00000024   Code   RO         5760    i.mem_cmp           ff.o
    0x08011f2c   0x08011f2c   0x0000001a   Code   RO         5761    i.mem_cpy           ff.o
    0x08011f46   0x08011f46   0x00000012   Code   RO         5762    i.mem_set           ff.o
    0x08011f58   0x08011f58   0x00000034   Code   RO         5763    i.move_window       ff.o
    0x08011f8c   0x08011f8c   0x00000070   Code   RO         6918    i.mpu_configure_fifo  inv_mpu.o
    0x08011ffc   0x08011ffc   0x0000009c   Code   RO         6920    i.mpu_dmp_init      inv_mpu.o
    0x08012098   0x08012098   0x0000004c   Code   RO         6921    i.mpu_get_accel_fsr  inv_mpu.o
    0x080120e4   0x080120e4   0x00000054   Code   RO         6923    i.mpu_get_accel_sens  inv_mpu.o
    0x08012138   0x08012138   0x00000010   Code   RO         6928    i.mpu_get_fifo_config  inv_mpu.o
    0x08012148   0x08012148   0x00000044   Code   RO         6929    i.mpu_get_gyro_fsr  inv_mpu.o
    0x0801218c   0x0801218c   0x00000060   Code   RO         6931    i.mpu_get_gyro_sens  inv_mpu.o
    0x080121ec   0x080121ec   0x00000050   Code   RO         6933    i.mpu_get_lpf       inv_mpu.o
    0x0801223c   0x0801223c   0x00000020   Code   RO         6935    i.mpu_get_sample_rate  inv_mpu.o
    0x0801225c   0x0801225c   0x000001f0   Code   RO         6937    i.mpu_init          inv_mpu.o
    0x0801244c   0x0801244c   0x000000b8   Code   RO         6938    i.mpu_load_firmware  inv_mpu.o
    0x08012504   0x08012504   0x000000e0   Code   RO         6939    i.mpu_lp_accel_mode  inv_mpu.o
    0x080125e4   0x080125e4   0x00000080   Code   RO         6943    i.mpu_read_mem      inv_mpu.o
    0x08012664   0x08012664   0x000001c8   Code   RO         6946    i.mpu_reset_fifo    inv_mpu.o
    0x0801282c   0x0801282c   0x0000011c   Code   RO         6947    i.mpu_run_self_test  inv_mpu.o
    0x08012948   0x08012948   0x00000084   Code   RO         6949    i.mpu_set_accel_fsr  inv_mpu.o
    0x080129cc   0x080129cc   0x0000014c   Code   RO         6950    i.mpu_set_bypass    inv_mpu.o
    0x08012b18   0x08012b18   0x00000090   Code   RO         6952    i.mpu_set_dmp_state  inv_mpu.o
    0x08012ba8   0x08012ba8   0x00000088   Code   RO         6953    i.mpu_set_gyro_fsr  inv_mpu.o
    0x08012c30   0x08012c30   0x0000006c   Code   RO         6954    i.mpu_set_int_latched  inv_mpu.o
    0x08012c9c   0x08012c9c   0x00000084   Code   RO         6956    i.mpu_set_lpf       inv_mpu.o
    0x08012d20   0x08012d20   0x0000009c   Code   RO         6957    i.mpu_set_sample_rate  inv_mpu.o
    0x08012dbc   0x08012dbc   0x000000d0   Code   RO         6958    i.mpu_set_sensors   inv_mpu.o
    0x08012e8c   0x08012e8c   0x00000080   Code   RO         6959    i.mpu_write_mem     inv_mpu.o
    0x08012f0c   0x08012f0c   0x000003b8   Code   RO         8225    i.multicomb         filters.o
    0x080132c4   0x080132c4   0x0000006c   Code   RO         6438    i.my_mem_free       malloc.o
    0x08013330   0x08013330   0x00000044   Code   RO         6439    i.my_mem_init       malloc.o
    0x08013374   0x08013374   0x000000a8   Code   RO         6440    i.my_mem_malloc     malloc.o
    0x0801341c   0x0801341c   0x00000040   Code   RO         6441    i.my_mem_perused    malloc.o
    0x0801345c   0x0801345c   0x00000024   Code   RO         6442    i.myfree            malloc.o
    0x08013480   0x08013480   0x00000028   Code   RO         6443    i.mymalloc          malloc.o
    0x080134a8   0x080134a8   0x0000001a   Code   RO         6444    i.mymemcpy          malloc.o
    0x080134c2   0x080134c2   0x00000014   Code   RO         6445    i.mymemset          malloc.o
    0x080134d6   0x080134d6   0x00000002   PAD
    0x080134d8   0x080134d8   0x00000044   Code   RO         6446    i.myrealloc         malloc.o
    0x0801351c   0x0801351c   0x0000103e   Code   RO         8494    i.nb_decode         nb_celp.o
    0x0801455a   0x0801455a   0x00000002   PAD
    0x0801455c   0x0801455c   0x000001b8   Code   RO         8495    i.nb_decode_lost    nb_celp.o
    0x08014714   0x08014714   0x00000200   Code   RO         8496    i.nb_decoder_ctl    nb_celp.o
    0x08014914   0x08014914   0x00000032   Code   RO         8497    i.nb_decoder_destroy  nb_celp.o
    0x08014946   0x08014946   0x00000002   PAD
    0x08014948   0x08014948   0x0000012c   Code   RO         8498    i.nb_decoder_init   nb_celp.o
    0x08014a74   0x08014a74   0x00000ee4   Code   RO         8499    i.nb_encode         nb_celp.o
    0x08015958   0x08015958   0x000002a4   Code   RO         8500    i.nb_encoder_ctl    nb_celp.o
    0x08015bfc   0x08015bfc   0x0000005e   Code   RO         8501    i.nb_encoder_destroy  nb_celp.o
    0x08015c5a   0x08015c5a   0x00000002   PAD
    0x08015c5c   0x08015c5c   0x00000178   Code   RO         8502    i.nb_encoder_init   nb_celp.o
    0x08015dd4   0x08015dd4   0x00000074   Code   RO         7900    i.nb_mode_query     speex.o
    0x08015e48   0x08015e48   0x0000005e   Code   RO         8156    i.noise_codebook_quant  cb_search.o
    0x08015ea6   0x08015ea6   0x00000048   Code   RO         8226    i.normalize16       filters.o
    0x08015eee   0x08015eee   0x0000033e   Code   RO         8354    i.open_loop_nbest_pitch  ltp.o
    0x0801622c   0x0801622c   0x00000464   Code   RO         8355    i.pitch_gain_search_3tap  ltp.o
    0x08016690   0x08016690   0x00000124   Code   RO         8356    i.pitch_gain_search_3tap_vq  ltp.o
    0x080167b4   0x080167b4   0x0000029a   Code   RO         8357    i.pitch_search_3tap  ltp.o
    0x08016a4e   0x08016a4e   0x000001e4   Code   RO         8358    i.pitch_unquant_3tap  ltp.o
    0x08016c32   0x08016c32   0x00000034   Code   RO         8359    i.pitch_xcorr       ltp.o
    0x08016c66   0x08016c66   0x00000138   Code   RO         5765    i.put_fat           ff.o
    0x08016d9e   0x08016d9e   0x00000002   PAD
    0x08016da0   0x08016da0   0x00000080   Code   RO         5766    i.put_lfn           ff.o
    0x08016e20   0x08016e20   0x00000074   Code   RO         6225    i.recoder_new_pathname  fatfs_write_wav.o
    0x08016e94   0x08016e94   0x0000004c   Code   RO         6196    i.recoder_wav_init  wav.o
    0x08016ee0   0x08016ee0   0x0000000e   Code   RO         6197    i.recoder_wav_update  wav.o
    0x08016eee   0x08016eee   0x0000009a   Code   RO         5770    i.remove_chain      ff.o
    0x08016f88   0x08016f88   0x0000006e   Code   RO         8229    i.residue_percep_zero16  filters.o
    0x08016ff6   0x08016ff6   0x0000009a   Code   RO         6960    i.run_self_test     inv_mpu.o
    0x08017090   0x08017090   0x00000042   Code   RO         8230    i.sanitize_values32  filters.o
    0x080170d2   0x080170d2   0x0000001c   Code   RO         8685    i.scal_quant        vq.o
    0x080170ee   0x080170ee   0x0000001a   Code   RO         8686    i.scal_quant32      vq.o
    0x08017108   0x08017108   0x00000090   Code   RO         6961    i.set_int_enable    inv_mpu.o
    0x08017198   0x08017198   0x000000b2   Code   RO         8231    i.signal_div        filters.o
    0x0801724a   0x0801724a   0x00000034   Code   RO         8232    i.signal_mul        filters.o
    0x0801727e   0x0801727e   0x00000020   Code   RO         8503    i.speex_alloc       nb_celp.o
    0x0801729e   0x0801729e   0x0000000e   Code   RO         8504    i.speex_alloc_scratch  nb_celp.o
    0x080172ac   0x080172ac   0x00000034   Code   RO         7518    i.speex_bits_advance  bits.o
    0x080172e0   0x080172e0   0x00000038   Code   RO         7521    i.speex_bits_init   bits.o
    0x08017318   0x08017318   0x00000026   Code   RO         7523    i.speex_bits_insert_terminator  bits.o
    0x0801733e   0x0801733e   0x00000002   PAD
    0x08017340   0x08017340   0x00000120   Code   RO         7525    i.speex_bits_pack   bits.o
    0x08017460   0x08017460   0x0000001a   Code   RO         7530    i.speex_bits_remaining  bits.o
    0x0801747a   0x0801747a   0x00000010   Code   RO         7531    i.speex_bits_reset  bits.o
    0x0801748a   0x0801748a   0x0000005a   Code   RO         7535    i.speex_bits_unpack_unsigned  bits.o
    0x080174e4   0x080174e4   0x00000052   Code   RO         7536    i.speex_bits_write  bits.o
    0x08017536   0x08017536   0x00000016   Code   RO         7903    i.speex_decoder_ctl  speex.o
    0x0801754c   0x0801754c   0x0000000c   Code   RO         7905    i.speex_decoder_init  speex.o
    0x08017558   0x08017558   0x00000024   Code   RO         8000    i.speex_default_user_handler  speex_callbacks.o
    0x0801757c   0x0801757c   0x0000001a   Code   RO         7906    i.speex_encode_int  speex.o
    0x08017596   0x08017596   0x00000016   Code   RO         7908    i.speex_encoder_ctl  speex.o
    0x080175ac   0x080175ac   0x0000000c   Code   RO         7910    i.speex_encoder_init  speex.o
    0x080175b8   0x080175b8   0x0000000e   Code   RO         8505    i.speex_free        nb_celp.o
    0x080175c6   0x080175c6   0x0000000e   Code   RO         8506    i.speex_free_scratch  nb_celp.o
    0x080175d4   0x080175d4   0x00000066   Code   RO         8001    i.speex_inband_handler  speex_callbacks.o
    0x0801763a   0x0801763a   0x00000002   PAD
    0x0801763c   0x0801763c   0x00000030   Code   RO         8507    i.speex_rand        nb_celp.o
    0x0801766c   0x0801766c   0x00000012   Code   RO         7538    i.speex_realloc     bits.o
    0x0801767e   0x0801767e   0x00000002   PAD
    0x08017680   0x08017680   0x000005f8   Code   RO         8158    i.split_cb_search_shape_sign  cb_search.o
    0x08017c78   0x08017c78   0x000000de   Code   RO         8159    i.split_cb_shape_sign_unquant  cb_search.o
    0x08017d56   0x08017d56   0x00000056   Code   RO         7834    i.spx_acos          lsp.o
    0x08017dac   0x08017dac   0x00000096   Code   RO         7835    i.spx_cos           lsp.o
    0x08017e42   0x08017e42   0x0000008a   Code   RO         7836    i.spx_sqrt          lsp.o
    0x08017ecc   0x08017ecc   0x0000008a   Code   RO         8233    i.spx_sqrt          filters.o
    0x08017f56   0x08017f56   0x0000008a   Code   RO         8360    i.spx_sqrt          ltp.o
    0x08017fe0   0x08017fe0   0x0000008a   Code   RO         8508    i.spx_sqrt          nb_celp.o
    0x0801806a   0x0801806a   0x00000024   Code   RO         5771    i.st_clust          ff.o
    0x0801808e   0x0801808e   0x00000018   Code   RO         5772    i.st_dword          ff.o
    0x080180a6   0x080180a6   0x0000000c   Code   RO         5773    i.st_word           ff.o
    0x080180b2   0x080180b2   0x00000002   PAD
    0x080180b4   0x080180b4   0x00000044   Code   RO         6226    i.start_recoder     fatfs_write_wav.o
    0x080180f8   0x080180f8   0x00000038   Code   RO         6227    i.stop_recoder      fatfs_write_wav.o
    0x08018130   0x08018130   0x00000020   Code   RO         5774    i.sum_sfn           ff.o
    0x08018150   0x08018150   0x00000090   Code   RO         5775    i.sync_fs           ff.o
    0x080181e0   0x080181e0   0x00000052   Code   RO         5776    i.sync_window       ff.o
    0x08018232   0x08018232   0x00000002   PAD
    0x08018234   0x08018234   0x0000026c   Code   RO         6228    i.tick_recoder      fatfs_write_wav.o
    0x080184a0   0x080184a0   0x0000003c   Code   RO         5777    i.validate          ff.o
    0x080184dc   0x080184dc   0x000000c8   Code   RO           37    i.wav_recorder      main.o
    0x080185a4   0x080185a4   0x000000d0   Code   RO           38    i.wifi_link_check   main.o
    0x08018674   0x08018674   0x0000011e   Code   RO         6379    i.write_buffer_data  ringbuffer.o
    0x08018792   0x08018792   0x00000002   PAD
    0x08018794   0x08018794   0x0000001c   Code   RO         6229    i.write_speex_file  fatfs_write_wav.o
    0x080187b0   0x080187b0   0x00000040   Code   RO         6230    i.write_wav_file    fatfs_write_wav.o
    0x080187f0   0x080187f0   0x00000014   Data   RO          574    .constdata          sd_diskio.o
    0x08018804   0x08018804   0x00000024   Data   RO         1043    .constdata          usbd_storage_if.o
    0x08018828   0x08018828   0x00000008   Data   RO         4935    .constdata          stm32f4xx_hal_dma.o
    0x08018830   0x08018830   0x00000018   Data   RO         5621    .constdata          system_stm32f4xx.o
    0x08018848   0x08018848   0x0000002a   Data   RO         5779    .constdata          ff.o
    0x08018872   0x08018872   0x0001a8ae   Data   RO         6169    .constdata          cc950.o
    0x08033120   0x08033120   0x00000024   Data   RO         6452    .constdata          malloc.o
    0x08033144   0x08033144   0x00000818   Data   RO         6545    .constdata          oled.o
    0x0803395c   0x0803395c   0x0000000a   Data   RO         6734    .constdata          24l01.o
    0x08033966   0x08033966   0x00000002   PAD
    0x08033968   0x08033968   0x00000050   Data   RO         6963    .constdata          inv_mpu.o
    0x080339b8   0x080339b8   0x00000bf6   Data   RO         7277    .constdata          inv_mpu_dmp_motion_driver.o
    0x080345ae   0x080345ae   0x00000140   Data   RO         7766    .constdata          exc_10_32_table.o
    0x080346ee   0x080346ee   0x00000080   Data   RO         7773    .constdata          gain_table_lbr.o
    0x0803476e   0x0803476e   0x000001a6   Data   RO         8134    .constdata          window.o
    0x08034914   0x08034914   0x0000006a   Data   RO         8235    .constdata          filters.o
    0x0803497e   0x0803497e   0x00000002   PAD
    0x08034980   0x08034980   0x00000100   Data   RO         8361    .constdata          ltp.o
    0x08034a80   0x08034a80   0x00000118   Data   RO         8436    .constdata          modes.o
    0x08034b98   0x08034b98   0x000000d8   Data   RO         8509    .constdata          nb_celp.o
    0x08034c70   0x08034c70   0x00000780   Data   RO         8724    .constdata          lsp_tables_nb.o
    0x080353f0   0x080353f0   0x00000017   Data   RO         9186    .constdata          usbd_msc_data.o
    0x08035407   0x08035407   0x00000081   Data   RO         9765    .constdata          mc_w.l(ctype_o.o)
    0x08035488   0x08035488   0x00000004   Data   RO         9766    .constdata          mc_w.l(ctype_o.o)
    0x0803548c   0x0803548c   0x0000002c   Data   RO           40    .conststring        main.o
    0x080354b8   0x080354b8   0x0000004d   Data   RO         6964    .conststring        inv_mpu.o
    0x08035505   0x08035505   0x00000003   PAD
    0x08035508   0x08035508   0x0000000b   Data   RO         8437    .conststring        modes.o
    0x08035513   0x08035513   0x00000001   PAD
    0x08035514   0x08035514   0x00000020   Data   RO         9800    Region$$Table       anon$$obj.o


    Execution Region RW_IRAM1 (Exec base: 0x20000000, Load base: 0x08035534, Size: 0x0001e2f0, Max: 0x00020000, ABSOLUTE, COMPRESSED[0x000000fc])

    Exec Addr    Load Addr    Size         Type   Attr      Idx    E Section Name        Object

    0x20000000   COMPRESSED   0x0000004f   Data   RW           41    .data               main.o
    0x2000004f   COMPRESSED   0x00000001   PAD
    0x20000050   COMPRESSED   0x0000000c   Data   RW          575    .data               sd_diskio.o
    0x2000005c   COMPRESSED   0x00000005   Data   RW          654    .data               fatfs.o
    0x20000061   COMPRESSED   0x00000003   PAD
    0x20000064   COMPRESSED   0x0000004e   Data   RW          955    .data               usbd_desc.o
    0x200000b2   COMPRESSED   0x00000002   PAD
    0x200000b4   COMPRESSED   0x00000020   Data   RW         1044    .data               usbd_storage_if.o
    0x200000d4   COMPRESSED   0x00000004   Data   RW         1123    .data               stm32f4xx_it.o
    0x200000d8   COMPRESSED   0x00000009   Data   RW         5391    .data               stm32f4xx_hal.o
    0x200000e1   COMPRESSED   0x00000003   PAD
    0x200000e4   COMPRESSED   0x00000004   Data   RW         5622    .data               system_stm32f4xx.o
    0x200000e8   COMPRESSED   0x00000006   Data   RW         5780    .data               ff.o
    0x200000ee   COMPRESSED   0x00000002   PAD
    0x200000f0   COMPRESSED   0x0000004e   Data   RW         6232    .data               fatfs_write_wav.o
    0x2000013e   COMPRESSED   0x00000002   PAD
    0x20000140   COMPRESSED   0x00000024   Data   RW         6453    .data               malloc.o
    0x20000164   COMPRESSED   0x00000035   Data   RW         6965    .data               inv_mpu.o
    0x20000199   COMPRESSED   0x00000001   Data   RW         8886    .data               usbd_ctlreq.o
    0x2000019a   COMPRESSED   0x00000002   PAD
    0x2000019c   COMPRESSED   0x000000a2   Data   RW         9037    .data               usbd_msc.o
    0x2000023e   COMPRESSED   0x00000002   PAD
    0x20000240   COMPRESSED   0x00000004   Data   RW         9345    .data               mc_w.l(rand.o)
    0x20000244   COMPRESSED   0x00000004   Data   RW         9731    .data               mc_w.l(stdout.o)
    0x20000248   COMPRESSED   0x00000004   Data   RW         9740    .data               mc_w.l(mvars.o)
    0x2000024c   COMPRESSED   0x00000004   Data   RW         9741    .data               mc_w.l(mvars.o)
    0x20000250   COMPRESSED   0x00000004   Data   RW         9745    .data               mc_w.l(errno.o)
    0x20000254        -       0x000011f4   Zero   RW           39    .bss                main.o
    0x20001448        -       0x00000200   Zero   RW          573    .bss                sd_diskio.o
    0x20001648        -       0x00000464   Zero   RW          653    .bss                fatfs.o
    0x20001aac        -       0x0000029c   Zero   RW          691    .bss                usb_device.o
    0x20001d48        -       0x00000408   Zero   RW          779    .bss                usbd_conf.o
    0x20002150        -       0x00000200   Zero   RW          954    .bss                usbd_desc.o
    0x20002350        -       0x00000020   Zero   RW         1042    .bss                usbd_storage_if.o
    0x20002370        -       0x00000020   Zero   RW         4531    .bss                stm32f4xx_hal_flash.o
    0x20002390        -       0x00000040   Zero   RW         5778    .bss                ff.o
    0x200023d0        -       0x0000000c   Zero   RW         6097    .bss                ff_gen_drv.o
    0x200023dc        -       0x000084f4   Zero   RW         6231    .bss                fatfs_write_wav.o
    0x2000a8d0   COMPRESSED   0x00000010   PAD
    0x2000a8e0        -       0x0000aa00   Zero   RW         6451    .bss                malloc.o
    0x200152e0        -       0x00000010   Zero   RW         7276    .bss                inv_mpu_dmp_motion_driver.o
    0x200152f0        -       0x00008000   Zero   RW            2    HEAP                startup_stm32f411xe.o
    0x2001d2f0        -       0x00001000   Zero   RW            1    STACK               startup_stm32f411xe.o



  Load Region LR$$.ARM.__AT_0x10000000 (Base: 0x10000000, Size: 0x00000000, Max: 0x0000f000, ABSOLUTE)

    Execution Region ER$$.ARM.__AT_0x10000000 (Exec base: 0x10000000, Load base: 0x10000000, Size: 0x0000f000, Max: 0x0000f000, ABSOLUTE, UNINIT)

    Exec Addr    Load Addr    Size         Type   Attr      Idx    E Section Name        Object

    0x10000000        -       0x0000f000   Zero   RW         6447    .ARM.__AT_0x10000000  malloc.o



  Load Region LR$$.ARM.__AT_0x1000F000 (Base: 0x1000f000, Size: 0x00000000, Max: 0x00000f00, ABSOLUTE)

    Execution Region ER$$.ARM.__AT_0x1000F000 (Exec base: 0x1000f000, Load base: 0x1000f000, Size: 0x00000f00, Max: 0x00000f00, ABSOLUTE, UNINIT)

    Exec Addr    Load Addr    Size         Type   Attr      Idx    E Section Name        Object

    0x1000f000        -       0x00000f00   Zero   RW         6448    .ARM.__AT_0x1000F000  malloc.o



  Load Region LR$$.ARM.__AT_0x68000000 (Base: 0x68000000, Size: 0x00000000, Max: 0x000f0000, ABSOLUTE)

    Execution Region ER$$.ARM.__AT_0x68000000 (Exec base: 0x68000000, Load base: 0x68000000, Size: 0x000f0000, Max: 0x000f0000, ABSOLUTE, UNINIT)

    Exec Addr    Load Addr    Size         Type   Attr      Idx    E Section Name        Object

    0x68000000        -       0x000f0000   Zero   RW         6449    .ARM.__AT_0x68000000  malloc.o



  Load Region LR$$.ARM.__AT_0x680F0000 (Base: 0x680f0000, Size: 0x00000000, Max: 0x0000f000, ABSOLUTE)

    Execution Region ER$$.ARM.__AT_0x680F0000 (Exec base: 0x680f0000, Load base: 0x680f0000, Size: 0x0000f000, Max: 0x0000f000, ABSOLUTE, UNINIT)

    Exec Addr    Load Addr    Size         Type   Attr      Idx    E Section Name        Object

    0x680f0000        -       0x0000f000   Zero   RW         6450    .ARM.__AT_0x680F0000  malloc.o


==============================================================================

Image component sizes


      Code (inc. data)   RO Data    RW Data    ZI Data      Debug   Object Name

       564         60         10          0          0       7510   24l01.o
        28          0          0          0          0       1840   basic_function.o
       666        118          0          0          0      10646   bits.o
       216         26          0          0          0       6272   bsp_driver_sd.o
      1844          4          0          0          0       6602   cb_search.o
       288         26     108718          0          0       2431   cc950.o
       208         24          0          0          0       3957   diskio.o
         0          0        320          0          0        486   exc_10_32_table.o
       120         42          0          5       1124       1808   fatfs.o
      1608        308          0         78      34036      10911   fatfs_write_wav.o
      8378         98         42          6         64      48234   ff.o
       102          6          0          0         12       1707   ff_gen_drv.o
      4478         16        106          0          0      18329   filters.o
         0          0        128          0          0        476   gain_table_lbr.o
      6204        298        157         53          0      30152   inv_mpu.o
      2568        128       3062          0         16      19466   inv_mpu_dmp_motion_driver.o
       408          0          0          0          0       3635   lpc.o
      2196         12          0          0          0       9365   lsp.o
         0          0       1920          0          0        680   lsp_tables_nb.o
      4160         10        256          0          0      15399   ltp.o
     11840       1690         44         79       4596     515280   main.o
       598         64         36         36    1153280       8533   malloc.o
         0          0        291          0          0       6879   modes.o
       608          0          0          0          0       6287   mpu6050.o
       726         44          0          0          0       5045   myiic.o
     10678        322        216          0          0      26332   nb_celp.o
       978         30       2072          0          0       8624   oled.o
       836         26          0          0          0       3646   quant_lsp.o
       494          0          0          0          0       5177   ringbuffer.o
       778         44         20         12        512       7021   sd_diskio.o
       210         32          0          0          0       9582   speex.o
       138          0          0          0          0       3812   speex_callbacks.o
        36          8        408          0      36864        848   startup_stm32f411xe.o
       248         54          0          9          0       6294   stm32f4xx_hal.o
      1484         60          0          0          0       7038   stm32f4xx_hal_adc.o
       372         28          0          0          0      35293   stm32f4xx_hal_cortex.o
      1446         16          8          0          0       7138   stm32f4xx_hal_dma.o
       664         62          0          0         32       6094   stm32f4xx_hal_flash.o
       432         26          0          0          0       3318   stm32f4xx_hal_flash_ex.o
       854         66          0          0          0       5157   stm32f4xx_hal_gpio.o
      1184        102          0          0          0       5512   stm32f4xx_hal_msp.o
      3422         18          0          0          0      15192   stm32f4xx_hal_pcd.o
        90          0          0          0          0       2481   stm32f4xx_hal_pcd_ex.o
      1732         84          0          0          0       5612   stm32f4xx_hal_rcc.o
      4598         38          0          0          0      21784   stm32f4xx_hal_sd.o
       970          8          0          0          0       4561   stm32f4xx_hal_spi.o
      1152         30          0          0          0      10928   stm32f4xx_hal_tim.o
        88          0          0          0          0       2485   stm32f4xx_hal_tim_ex.o
      1478          8          0          0          0       5252   stm32f4xx_hal_uart.o
       658         84          0          4          0      15782   stm32f4xx_it.o
      2090         40          0          0          0      24479   stm32f4xx_ll_sdmmc.o
      3788        112          0          0          0      23827   stm32f4xx_ll_usb.o
       126         10          0          0          0       2017   stmflash.o
         0          0          0          0          0        552   syscall.o
       100         18         24          4          0       1191   system_stm32f4xx.o
        96         20          0          0        668       6480   usb_device.o
      1120         28          0          0       1032      18430   usbd_conf.o
       924          0          0          0          0      13851   usbd_core.o
      1944         28          0          1          0      11240   usbd_ctlreq.o
       382        118          0         78        512       6741   usbd_desc.o
       134          0          0          0          0       4032   usbd_ioreq.o
       740         24          0        162          0       9728   usbd_msc.o
       728         10          0          0          0       7753   usbd_msc_bot.o
         0          0         23          0          0        881   usbd_msc_data.o
      1994         14          0          0          0      14039   usbd_msc_scsi.o
       146         26         36         32         32       4926   usbd_storage_if.o
       224          0          0          0          0       2424   vq.o
        90         16          0          0          0       1436   wav.o
         0          0        422          0          0        676   window.o

    ----------------------------------------------------------------------
     97552       4584     118359        576    1232796    1121596   Object Totals
         0          0         32          0          0          0   (incl. Generated)
        98          0          8         17         16          0   (incl. Padding)

    ----------------------------------------------------------------------

      Code (inc. data)   RO Data    RW Data    ZI Data      Debug   Library Member Name

        86          0          0          0          0          0   __dczerorl2.o
        28          0          0          0          0         68   _chval.o
       158          0          0          0          0         92   _strtoul.o
        26          0          0          0          0         80   atoi.o
         8          4        133          0          0         68   ctype_o.o
         0          0          0          0          0          0   entry.o
         0          0          0          0          0          0   entry10a.o
         0          0          0          0          0          0   entry11a.o
         8          4          0          0          0          0   entry2.o
         4          0          0          0          0          0   entry5.o
         0          0          0          0          0          0   entry7b.o
         0          0          0          0          0          0   entry8b.o
         8          4          0          0          0          0   entry9a.o
         8          4          0          4          0         68   errno.o
        30          0          0          0          0          0   handlers.o
        36          8          0          0          0         68   init.o
        98          0          0          0          0         84   ldiv.o
        30          0          0          0          0         68   llshl.o
        32          0          0          0          0         68   llushr.o
       188         20          0          0          0        160   malloc.o
        26          0          0          0          0         80   memcmp.o
        64          0          0          0          0         76   memmovea.o
        36          0          0          0          0        108   memseta.o
         0          0          0          8          0          0   mvars.o
      1204         60          0          0          0        504   printf8.o
        36         10          0          4          0        136   rand.o
         0          0          0          4          0          0   stdout.o
        14          0          0          0          0         68   strlen.o
        36          0          0          0          0         80   strstr.o
       112          0          0          0          0         88   strtol.o
        98          0          0          0          0         92   uldiv.o

    ----------------------------------------------------------------------
      2376        114        133         20          0       2056   Library Totals
         2          0          0          0          0          0   (incl. Padding)

    ----------------------------------------------------------------------

      Code (inc. data)   RO Data    RW Data    ZI Data      Debug   Library Name

      2374        114        133         20          0       2056   mc_w.l

    ----------------------------------------------------------------------
      2376        114        133         20          0       2056   Library Totals

    ----------------------------------------------------------------------

==============================================================================


      Code (inc. data)   RO Data    RW Data    ZI Data      Debug   

     99928       4698     118492        596    1232796    1059296   Grand Totals
     99928       4698     118492        252    1232796    1059296   ELF Image Totals (compressed)
     99928       4698     118492        252          0          0   ROM Totals

==============================================================================

    Total RO  Size (Code + RO Data)               218420 ( 213.30kB)
    Total RW  Size (RW Data + ZI Data)           1233392 (1204.48kB)
    Total ROM Size (Code + RO Data + RW Data)     218672 ( 213.55kB)

==============================================================================

